14:32:25 **** Rebuild of configuration Debug for project application ****
Info: Internal Builder is used for build
arm-atollic-eabi-gcc -c ..\Drivers\STM32L4xx_HAL_Driver\Src\stm32l4xx_hal_cryp_ex.c -mthumb -mcpu=cortex-m4 -mfloat-abi=hard -mfpu=fpv4-sp-d16 -std=gnu11 -DSTM32L476xx -I../src -I../Inc -I../Drivers/CMSIS/Include -I../Drivers/CMSIS/Device/ST/STM32L4xx/Include -I../Drivers/STM32L4xx_HAL_Driver/Inc -O0 -ffunction-sections -fdata-sections -g -fstack-usage -Wall -o Drivers\STM32L4xx_HAL_Driver\Src\stm32l4xx_hal_cryp_ex.o 
arm-atollic-eabi-gcc -c ..\Drivers\STM32L4xx_HAL_Driver\Src\stm32l4xx_ll_gpio.c -mthumb -mcpu=cortex-m4 -mfloat-abi=hard -mfpu=fpv4-sp-d16 -std=gnu11 -DSTM32L476xx -I../src -I../Inc -I../Drivers/CMSIS/Include -I../Drivers/CMSIS/Device/ST/STM32L4xx/Include -I../Drivers/STM32L4xx_HAL_Driver/Inc -O0 -ffunction-sections -fdata-sections -g -fstack-usage -Wall -o Drivers\STM32L4xx_HAL_Driver\Src\stm32l4xx_ll_gpio.o 
arm-atollic-eabi-gcc -c ..\Drivers\STM32L4xx_HAL_Driver\Src\stm32l4xx_hal_sram.c -mthumb -mcpu=cortex-m4 -mfloat-abi=hard -mfpu=fpv4-sp-d16 -std=gnu11 -DSTM32L476xx -I../src -I../Inc -I../Drivers/CMSIS/Include -I../Drivers/CMSIS/Device/ST/STM32L4xx/Include -I../Drivers/STM32L4xx_HAL_Driver/Inc -O0 -ffunction-sections -fdata-sections -g -fstack-usage -Wall -o Drivers\STM32L4xx_HAL_Driver\Src\stm32l4xx_hal_sram.o 
arm-atollic-eabi-gcc -c ..\Drivers\STM32L4xx_HAL_Driver\Src\Legacy\stm32l4xx_hal_can.c -mthumb -mcpu=cortex-m4 -mfloat-abi=hard -mfpu=fpv4-sp-d16 -std=gnu11 -DSTM32L476xx -I../src -I../Inc -I../Drivers/CMSIS/Include -I../Drivers/CMSIS/Device/ST/STM32L4xx/Include -I../Drivers/STM32L4xx_HAL_Driver/Inc -O0 -ffunction-sections -fdata-sections -g -fstack-usage -Wall -o Drivers\STM32L4xx_HAL_Driver\Src\Legacy\stm32l4xx_hal_can.o 
arm-atollic-eabi-gcc -c ..\Drivers\STM32L4xx_HAL_Driver\Src\stm32l4xx_hal_hash_ex.c -mthumb -mcpu=cortex-m4 -mfloat-abi=hard -mfpu=fpv4-sp-d16 -std=gnu11 -DSTM32L476xx -I../src -I../Inc -I../Drivers/CMSIS/Include -I../Drivers/CMSIS/Device/ST/STM32L4xx/Include -I../Drivers/STM32L4xx_HAL_Driver/Inc -O0 -ffunction-sections -fdata-sections -g -fstack-usage -Wall -o Drivers\STM32L4xx_HAL_Driver\Src\stm32l4xx_hal_hash_ex.o 
arm-atollic-eabi-gcc -c ..\Drivers\STM32L4xx_HAL_Driver\Src\stm32l4xx_hal_uart.c -mthumb -mcpu=cortex-m4 -mfloat-abi=hard -mfpu=fpv4-sp-d16 -std=gnu11 -DSTM32L476xx -I../src -I../Inc -I../Drivers/CMSIS/Include -I../Drivers/CMSIS/Device/ST/STM32L4xx/Include -I../Drivers/STM32L4xx_HAL_Driver/Inc -O0 -ffunction-sections -fdata-sections -g -fstack-usage -Wall -o Drivers\STM32L4xx_HAL_Driver\Src\stm32l4xx_hal_uart.o 
arm-atollic-eabi-gcc -c ..\Drivers\STM32L4xx_HAL_Driver\Src\stm32l4xx_hal.c -mthumb -mcpu=cortex-m4 -mfloat-abi=hard -mfpu=fpv4-sp-d16 -std=gnu11 -DSTM32L476xx -I../src -I../Inc -I../Drivers/CMSIS/Include -I../Drivers/CMSIS/Device/ST/STM32L4xx/Include -I../Drivers/STM32L4xx_HAL_Driver/Inc -O0 -ffunction-sections -fdata-sections -g -fstack-usage -Wall -o Drivers\STM32L4xx_HAL_Driver\Src\stm32l4xx_hal.o 
arm-atollic-eabi-gcc -c ..\Drivers\STM32L4xx_HAL_Driver\Src\stm32l4xx_hal_rng.c -mthumb -mcpu=cortex-m4 -mfloat-abi=hard -mfpu=fpv4-sp-d16 -std=gnu11 -DSTM32L476xx -I../src -I../Inc -I../Drivers/CMSIS/Include -I../Drivers/CMSIS/Device/ST/STM32L4xx/Include -I../Drivers/STM32L4xx_HAL_Driver/Inc -O0 -ffunction-sections -fdata-sections -g -fstack-usage -Wall -o Drivers\STM32L4xx_HAL_Driver\Src\stm32l4xx_hal_rng.o 
arm-atollic-eabi-gcc -c ..\Drivers\STM32L4xx_HAL_Driver\Src\stm32l4xx_ll_i2c.c -mthumb -mcpu=cortex-m4 -mfloat-abi=hard -mfpu=fpv4-sp-d16 -std=gnu11 -DSTM32L476xx -I../src -I../Inc -I../Drivers/CMSIS/Include -I../Drivers/CMSIS/Device/ST/STM32L4xx/Include -I../Drivers/STM32L4xx_HAL_Driver/Inc -O0 -ffunction-sections -fdata-sections -g -fstack-usage -Wall -o Drivers\STM32L4xx_HAL_Driver\Src\stm32l4xx_ll_i2c.o 
arm-atollic-eabi-gcc -c ..\Drivers\STM32L4xx_HAL_Driver\Src\stm32l4xx_ll_spi.c -mthumb -mcpu=cortex-m4 -mfloat-abi=hard -mfpu=fpv4-sp-d16 -std=gnu11 -DSTM32L476xx -I../src -I../Inc -I../Drivers/CMSIS/Include -I../Drivers/CMSIS/Device/ST/STM32L4xx/Include -I../Drivers/STM32L4xx_HAL_Driver/Inc -O0 -ffunction-sections -fdata-sections -g -fstack-usage -Wall -o Drivers\STM32L4xx_HAL_Driver\Src\stm32l4xx_ll_spi.o 
arm-atollic-eabi-gcc -c ..\Drivers\STM32L4xx_HAL_Driver\Src\stm32l4xx_hal_tim_ex.c -mthumb -mcpu=cortex-m4 -mfloat-abi=hard -mfpu=fpv4-sp-d16 -std=gnu11 -DSTM32L476xx -I../src -I../Inc -I../Drivers/CMSIS/Include -I../Drivers/CMSIS/Device/ST/STM32L4xx/Include -I../Drivers/STM32L4xx_HAL_Driver/Inc -O0 -ffunction-sections -fdata-sections -g -fstack-usage -Wall -o Drivers\STM32L4xx_HAL_Driver\Src\stm32l4xx_hal_tim_ex.o 
arm-atollic-eabi-gcc -c ..\Drivers\STM32L4xx_HAL_Driver\Src\stm32l4xx_ll_tim.c -mthumb -mcpu=cortex-m4 -mfloat-abi=hard -mfpu=fpv4-sp-d16 -std=gnu11 -DSTM32L476xx -I../src -I../Inc -I../Drivers/CMSIS/Include -I../Drivers/CMSIS/Device/ST/STM32L4xx/Include -I../Drivers/STM32L4xx_HAL_Driver/Inc -O0 -ffunction-sections -fdata-sections -g -fstack-usage -Wall -o Drivers\STM32L4xx_HAL_Driver\Src\stm32l4xx_ll_tim.o 
arm-atollic-eabi-gcc -c ..\Drivers\STM32L4xx_HAL_Driver\Src\stm32l4xx_ll_rng.c -mthumb -mcpu=cortex-m4 -mfloat-abi=hard -mfpu=fpv4-sp-d16 -std=gnu11 -DSTM32L476xx -I../src -I../Inc -I../Drivers/CMSIS/Include -I../Drivers/CMSIS/Device/ST/STM32L4xx/Include -I../Drivers/STM32L4xx_HAL_Driver/Inc -O0 -ffunction-sections -fdata-sections -g -fstack-usage -Wall -o Drivers\STM32L4xx_HAL_Driver\Src\stm32l4xx_ll_rng.o 
arm-atollic-eabi-gcc -c ..\Drivers\STM32L4xx_HAL_Driver\Src\stm32l4xx_hal_ltdc.c -mthumb -mcpu=cortex-m4 -mfloat-abi=hard -mfpu=fpv4-sp-d16 -std=gnu11 -DSTM32L476xx -I../src -I../Inc -I../Drivers/CMSIS/Include -I../Drivers/CMSIS/Device/ST/STM32L4xx/Include -I../Drivers/STM32L4xx_HAL_Driver/Inc -O0 -ffunction-sections -fdata-sections -g -fstack-usage -Wall -o Drivers\STM32L4xx_HAL_Driver\Src\stm32l4xx_hal_ltdc.o 
arm-atollic-eabi-gcc -c ..\Drivers\STM32L4xx_HAL_Driver\Src\stm32l4xx_hal_smbus_ex.c -mthumb -mcpu=cortex-m4 -mfloat-abi=hard -mfpu=fpv4-sp-d16 -std=gnu11 -DSTM32L476xx -I../src -I../Inc -I../Drivers/CMSIS/Include -I../Drivers/CMSIS/Device/ST/STM32L4xx/Include -I../Drivers/STM32L4xx_HAL_Driver/Inc -O0 -ffunction-sections -fdata-sections -g -fstack-usage -Wall -o Drivers\STM32L4xx_HAL_Driver\Src\stm32l4xx_hal_smbus_ex.o 
arm-atollic-eabi-gcc -c ..\Drivers\STM32L4xx_HAL_Driver\Src\stm32l4xx_hal_rng_ex.c -mthumb -mcpu=cortex-m4 -mfloat-abi=hard -mfpu=fpv4-sp-d16 -std=gnu11 -DSTM32L476xx -I../src -I../Inc -I../Drivers/CMSIS/Include -I../Drivers/CMSIS/Device/ST/STM32L4xx/Include -I../Drivers/STM32L4xx_HAL_Driver/Inc -O0 -ffunction-sections -fdata-sections -g -fstack-usage -Wall -o Drivers\STM32L4xx_HAL_Driver\Src\stm32l4xx_hal_rng_ex.o 
arm-atollic-eabi-gcc -c ..\Drivers\STM32L4xx_HAL_Driver\Src\stm32l4xx_hal_firewall.c -mthumb -mcpu=cortex-m4 -mfloat-abi=hard -mfpu=fpv4-sp-d16 -std=gnu11 -DSTM32L476xx -I../src -I../Inc -I../Drivers/CMSIS/Include -I../Drivers/CMSIS/Device/ST/STM32L4xx/Include -I../Drivers/STM32L4xx_HAL_Driver/Inc -O0 -ffunction-sections -fdata-sections -g -fstack-usage -Wall -o Drivers\STM32L4xx_HAL_Driver\Src\stm32l4xx_hal_firewall.o 
arm-atollic-eabi-gcc -c ..\Drivers\STM32L4xx_HAL_Driver\Src\stm32l4xx_hal_crc_ex.c -mthumb -mcpu=cortex-m4 -mfloat-abi=hard -mfpu=fpv4-sp-d16 -std=gnu11 -DSTM32L476xx -I../src -I../Inc -I../Drivers/CMSIS/Include -I../Drivers/CMSIS/Device/ST/STM32L4xx/Include -I../Drivers/STM32L4xx_HAL_Driver/Inc -O0 -ffunction-sections -fdata-sections -g -fstack-usage -Wall -o Drivers\STM32L4xx_HAL_Driver\Src\stm32l4xx_hal_crc_ex.o 
arm-atollic-eabi-gcc -c ..\Drivers\STM32L4xx_HAL_Driver\Src\stm32l4xx_hal_irda.c -mthumb -mcpu=cortex-m4 -mfloat-abi=hard -mfpu=fpv4-sp-d16 -std=gnu11 -DSTM32L476xx -I../src -I../Inc -I../Drivers/CMSIS/Include -I../Drivers/CMSIS/Device/ST/STM32L4xx/Include -I../Drivers/STM32L4xx_HAL_Driver/Inc -O0 -ffunction-sections -fdata-sections -g -fstack-usage -Wall -o Drivers\STM32L4xx_HAL_Driver\Src\stm32l4xx_hal_irda.o 
arm-atollic-eabi-gcc -c ..\Drivers\STM32L4xx_HAL_Driver\Src\stm32l4xx_hal_dac_ex.c -mthumb -mcpu=cortex-m4 -mfloat-abi=hard -mfpu=fpv4-sp-d16 -std=gnu11 -DSTM32L476xx -I../src -I../Inc -I../Drivers/CMSIS/Include -I../Drivers/CMSIS/Device/ST/STM32L4xx/Include -I../Drivers/STM32L4xx_HAL_Driver/Inc -O0 -ffunction-sections -fdata-sections -g -fstack-usage -Wall -o Drivers\STM32L4xx_HAL_Driver\Src\stm32l4xx_hal_dac_ex.o 
arm-atollic-eabi-gcc -c ..\Drivers\STM32L4xx_HAL_Driver\Src\stm32l4xx_ll_crs.c -mthumb -mcpu=cortex-m4 -mfloat-abi=hard -mfpu=fpv4-sp-d16 -std=gnu11 -DSTM32L476xx -I../src -I../Inc -I../Drivers/CMSIS/Include -I../Drivers/CMSIS/Device/ST/STM32L4xx/Include -I../Drivers/STM32L4xx_HAL_Driver/Inc -O0 -ffunction-sections -fdata-sections -g -fstack-usage -Wall -o Drivers\STM32L4xx_HAL_Driver\Src\stm32l4xx_ll_crs.o 
arm-atollic-eabi-gcc -c ..\Drivers\STM32L4xx_HAL_Driver\Src\stm32l4xx_ll_opamp.c -mthumb -mcpu=cortex-m4 -mfloat-abi=hard -mfpu=fpv4-sp-d16 -std=gnu11 -DSTM32L476xx -I../src -I../Inc -I../Drivers/CMSIS/Include -I../Drivers/CMSIS/Device/ST/STM32L4xx/Include -I../Drivers/STM32L4xx_HAL_Driver/Inc -O0 -ffunction-sections -fdata-sections -g -fstack-usage -Wall -o Drivers\STM32L4xx_HAL_Driver\Src\stm32l4xx_ll_opamp.o 
arm-atollic-eabi-g++ -c ..\src\main.cpp -mthumb -mcpu=cortex-m4 -mfloat-abi=hard -mfpu=fpv4-sp-d16 -std=gnu++98 -DSTM32L476xx -I../src -I../Inc -I../Drivers/CMSIS/Include -I../Drivers/CMSIS/Device/ST/STM32L4xx/Include -I../Drivers/STM32L4xx_HAL_Driver/Inc -O0 -ffunction-sections -fdata-sections -fno-rtti -fno-exceptions -g -fstack-usage -Wall -fno-threadsafe-statics -o src\main.o 
arm-atollic-eabi-gcc -c ..\Drivers\STM32L4xx_HAL_Driver\Src\stm32l4xx_ll_rcc.c -mthumb -mcpu=cortex-m4 -mfloat-abi=hard -mfpu=fpv4-sp-d16 -std=gnu11 -DSTM32L476xx -I../src -I../Inc -I../Drivers/CMSIS/Include -I../Drivers/CMSIS/Device/ST/STM32L4xx/Include -I../Drivers/STM32L4xx_HAL_Driver/Inc -O0 -ffunction-sections -fdata-sections -g -fstack-usage -Wall -o Drivers\STM32L4xx_HAL_Driver\Src\stm32l4xx_ll_rcc.o 
arm-atollic-eabi-gcc -c ..\Drivers\STM32L4xx_HAL_Driver\Src\stm32l4xx_hal_pwr_ex.c -mthumb -mcpu=cortex-m4 -mfloat-abi=hard -mfpu=fpv4-sp-d16 -std=gnu11 -DSTM32L476xx -I../src -I../Inc -I../Drivers/CMSIS/Include -I../Drivers/CMSIS/Device/ST/STM32L4xx/Include -I../Drivers/STM32L4xx_HAL_Driver/Inc -O0 -ffunction-sections -fdata-sections -g -fstack-usage -Wall -o Drivers\STM32L4xx_HAL_Driver\Src\stm32l4xx_hal_pwr_ex.o 
arm-atollic-eabi-gcc -c ..\Drivers\STM32L4xx_HAL_Driver\Src\stm32l4xx_hal_sai_ex.c -mthumb -mcpu=cortex-m4 -mfloat-abi=hard -mfpu=fpv4-sp-d16 -std=gnu11 -DSTM32L476xx -I../src -I../Inc -I../Drivers/CMSIS/Include -I../Drivers/CMSIS/Device/ST/STM32L4xx/Include -I../Drivers/STM32L4xx_HAL_Driver/Inc -O0 -ffunction-sections -fdata-sections -g -fstack-usage -Wall -o Drivers\STM32L4xx_HAL_Driver\Src\stm32l4xx_hal_sai_ex.o 
arm-atollic-eabi-gcc -c ..\Drivers\STM32L4xx_HAL_Driver\Src\stm32l4xx_hal_smartcard.c -mthumb -mcpu=cortex-m4 -mfloat-abi=hard -mfpu=fpv4-sp-d16 -std=gnu11 -DSTM32L476xx -I../src -I../Inc -I../Drivers/CMSIS/Include -I../Drivers/CMSIS/Device/ST/STM32L4xx/Include -I../Drivers/STM32L4xx_HAL_Driver/Inc -O0 -ffunction-sections -fdata-sections -g -fstack-usage -Wall -o Drivers\STM32L4xx_HAL_Driver\Src\stm32l4xx_hal_smartcard.o 
arm-atollic-eabi-gcc -c ..\Drivers\STM32L4xx_HAL_Driver\Src\stm32l4xx_hal_opamp.c -mthumb -mcpu=cortex-m4 -mfloat-abi=hard -mfpu=fpv4-sp-d16 -std=gnu11 -DSTM32L476xx -I../src -I../Inc -I../Drivers/CMSIS/Include -I../Drivers/CMSIS/Device/ST/STM32L4xx/Include -I../Drivers/STM32L4xx_HAL_Driver/Inc -O0 -ffunction-sections -fdata-sections -g -fstack-usage -Wall -o Drivers\STM32L4xx_HAL_Driver\Src\stm32l4xx_hal_opamp.o 
arm-atollic-eabi-gcc -c ..\Drivers\STM32L4xx_HAL_Driver\Src\stm32l4xx_hal_adc_ex.c -mthumb -mcpu=cortex-m4 -mfloat-abi=hard -mfpu=fpv4-sp-d16 -std=gnu11 -DSTM32L476xx -I../src -I../Inc -I../Drivers/CMSIS/Include -I../Drivers/CMSIS/Device/ST/STM32L4xx/Include -I../Drivers/STM32L4xx_HAL_Driver/Inc -O0 -ffunction-sections -fdata-sections -g -fstack-usage -Wall -o Drivers\STM32L4xx_HAL_Driver\Src\stm32l4xx_hal_adc_ex.o 
arm-atollic-eabi-gcc -c ..\Drivers\STM32L4xx_HAL_Driver\Src\stm32l4xx_hal_sd_ex.c -mthumb -mcpu=cortex-m4 -mfloat-abi=hard -mfpu=fpv4-sp-d16 -std=gnu11 -DSTM32L476xx -I../src -I../Inc -I../Drivers/CMSIS/Include -I../Drivers/CMSIS/Device/ST/STM32L4xx/Include -I../Drivers/STM32L4xx_HAL_Driver/Inc -O0 -ffunction-sections -fdata-sections -g -fstack-usage -Wall -o Drivers\STM32L4xx_HAL_Driver\Src\stm32l4xx_hal_sd_ex.o 
arm-atollic-eabi-gcc -c ..\Drivers\STM32L4xx_HAL_Driver\Src\stm32l4xx_ll_swpmi.c -mthumb -mcpu=cortex-m4 -mfloat-abi=hard -mfpu=fpv4-sp-d16 -std=gnu11 -DSTM32L476xx -I../src -I../Inc -I../Drivers/CMSIS/Include -I../Drivers/CMSIS/Device/ST/STM32L4xx/Include -I../Drivers/STM32L4xx_HAL_Driver/Inc -O0 -ffunction-sections -fdata-sections -g -fstack-usage -Wall -o Drivers\STM32L4xx_HAL_Driver\Src\stm32l4xx_ll_swpmi.o 
arm-atollic-eabi-gcc -c ..\Drivers\STM32L4xx_HAL_Driver\Src\stm32l4xx_hal_rcc.c -mthumb -mcpu=cortex-m4 -mfloat-abi=hard -mfpu=fpv4-sp-d16 -std=gnu11 -DSTM32L476xx -I../src -I../Inc -I../Drivers/CMSIS/Include -I../Drivers/CMSIS/Device/ST/STM32L4xx/Include -I../Drivers/STM32L4xx_HAL_Driver/Inc -O0 -ffunction-sections -fdata-sections -g -fstack-usage -Wall -o Drivers\STM32L4xx_HAL_Driver\Src\stm32l4xx_hal_rcc.o 
arm-atollic-eabi-gcc -c ..\Drivers\STM32L4xx_HAL_Driver\Src\stm32l4xx_ll_exti.c -mthumb -mcpu=cortex-m4 -mfloat-abi=hard -mfpu=fpv4-sp-d16 -std=gnu11 -DSTM32L476xx -I../src -I../Inc -I../Drivers/CMSIS/Include -I../Drivers/CMSIS/Device/ST/STM32L4xx/Include -I../Drivers/STM32L4xx_HAL_Driver/Inc -O0 -ffunction-sections -fdata-sections -g -fstack-usage -Wall -o Drivers\STM32L4xx_HAL_Driver\Src\stm32l4xx_ll_exti.o 
arm-atollic-eabi-gcc -c ..\Drivers\STM32L4xx_HAL_Driver\Src\stm32l4xx_ll_dac.c -mthumb -mcpu=cortex-m4 -mfloat-abi=hard -mfpu=fpv4-sp-d16 -std=gnu11 -DSTM32L476xx -I../src -I../Inc -I../Drivers/CMSIS/Include -I../Drivers/CMSIS/Device/ST/STM32L4xx/Include -I../Drivers/STM32L4xx_HAL_Driver/Inc -O0 -ffunction-sections -fdata-sections -g -fstack-usage -Wall -o Drivers\STM32L4xx_HAL_Driver\Src\stm32l4xx_ll_dac.o 
arm-atollic-eabi-gcc -c ..\Drivers\STM32L4xx_HAL_Driver\Src\stm32l4xx_hal_dma2d.c -mthumb -mcpu=cortex-m4 -mfloat-abi=hard -mfpu=fpv4-sp-d16 -std=gnu11 -DSTM32L476xx -I../src -I../Inc -I../Drivers/CMSIS/Include -I../Drivers/CMSIS/Device/ST/STM32L4xx/Include -I../Drivers/STM32L4xx_HAL_Driver/Inc -O0 -ffunction-sections -fdata-sections -g -fstack-usage -Wall -o Drivers\STM32L4xx_HAL_Driver\Src\stm32l4xx_hal_dma2d.o 
arm-atollic-eabi-gcc -c ..\Drivers\STM32L4xx_HAL_Driver\Src\stm32l4xx_hal_msp_template.c -mthumb -mcpu=cortex-m4 -mfloat-abi=hard -mfpu=fpv4-sp-d16 -std=gnu11 -DSTM32L476xx -I../src -I../Inc -I../Drivers/CMSIS/Include -I../Drivers/CMSIS/Device/ST/STM32L4xx/Include -I../Drivers/STM32L4xx_HAL_Driver/Inc -O0 -ffunction-sections -fdata-sections -g -fstack-usage -Wall -o Drivers\STM32L4xx_HAL_Driver\Src\stm32l4xx_hal_msp_template.o 
arm-atollic-eabi-gcc -c ..\Drivers\STM32L4xx_HAL_Driver\Src\stm32l4xx_hal_tim.c -mthumb -mcpu=cortex-m4 -mfloat-abi=hard -mfpu=fpv4-sp-d16 -std=gnu11 -DSTM32L476xx -I../src -I../Inc -I../Drivers/CMSIS/Include -I../Drivers/CMSIS/Device/ST/STM32L4xx/Include -I../Drivers/STM32L4xx_HAL_Driver/Inc -O0 -ffunction-sections -fdata-sections -g -fstack-usage -Wall -o Drivers\STM32L4xx_HAL_Driver\Src\stm32l4xx_hal_tim.o 
arm-atollic-eabi-gcc -c ..\Drivers\STM32L4xx_HAL_Driver\Src\stm32l4xx_hal_cryp.c -mthumb -mcpu=cortex-m4 -mfloat-abi=hard -mfpu=fpv4-sp-d16 -std=gnu11 -DSTM32L476xx -I../src -I../Inc -I../Drivers/CMSIS/Include -I../Drivers/CMSIS/Device/ST/STM32L4xx/Include -I../Drivers/STM32L4xx_HAL_Driver/Inc -O0 -ffunction-sections -fdata-sections -g -fstack-usage -Wall -o Drivers\STM32L4xx_HAL_Driver\Src\stm32l4xx_hal_cryp.o 
arm-atollic-eabi-gcc -c ..\Drivers\STM32L4xx_HAL_Driver\Src\stm32l4xx_hal_i2c.c -mthumb -mcpu=cortex-m4 -mfloat-abi=hard -mfpu=fpv4-sp-d16 -std=gnu11 -DSTM32L476xx -I../src -I../Inc -I../Drivers/CMSIS/Include -I../Drivers/CMSIS/Device/ST/STM32L4xx/Include -I../Drivers/STM32L4xx_HAL_Driver/Inc -O0 -ffunction-sections -fdata-sections -g -fstack-usage -Wall -o Drivers\STM32L4xx_HAL_Driver\Src\stm32l4xx_hal_i2c.o 
arm-atollic-eabi-gcc -c ..\Drivers\STM32L4xx_HAL_Driver\Src\stm32l4xx_hal_nand.c -mthumb -mcpu=cortex-m4 -mfloat-abi=hard -mfpu=fpv4-sp-d16 -std=gnu11 -DSTM32L476xx -I../src -I../Inc -I../Drivers/CMSIS/Include -I../Drivers/CMSIS/Device/ST/STM32L4xx/Include -I../Drivers/STM32L4xx_HAL_Driver/Inc -O0 -ffunction-sections -fdata-sections -g -fstack-usage -Wall -o Drivers\STM32L4xx_HAL_Driver\Src\stm32l4xx_hal_nand.o 
arm-atollic-eabi-gcc -c ..\Drivers\STM32L4xx_HAL_Driver\Src\stm32l4xx_hal_dac.c -mthumb -mcpu=cortex-m4 -mfloat-abi=hard -mfpu=fpv4-sp-d16 -std=gnu11 -DSTM32L476xx -I../src -I../Inc -I../Drivers/CMSIS/Include -I../Drivers/CMSIS/Device/ST/STM32L4xx/Include -I../Drivers/STM32L4xx_HAL_Driver/Inc -O0 -ffunction-sections -fdata-sections -g -fstack-usage -Wall -o Drivers\STM32L4xx_HAL_Driver\Src\stm32l4xx_hal_dac.o 
arm-atollic-eabi-gcc -c ..\Drivers\STM32L4xx_HAL_Driver\Src\stm32l4xx_hal_tsc.c -mthumb -mcpu=cortex-m4 -mfloat-abi=hard -mfpu=fpv4-sp-d16 -std=gnu11 -DSTM32L476xx -I../src -I../Inc -I../Drivers/CMSIS/Include -I../Drivers/CMSIS/Device/ST/STM32L4xx/Include -I../Drivers/STM32L4xx_HAL_Driver/Inc -O0 -ffunction-sections -fdata-sections -g -fstack-usage -Wall -o Drivers\STM32L4xx_HAL_Driver\Src\stm32l4xx_hal_tsc.o 
arm-atollic-eabi-gcc -c ..\Drivers\STM32L4xx_HAL_Driver\Src\stm32l4xx_hal_i2c_ex.c -mthumb -mcpu=cortex-m4 -mfloat-abi=hard -mfpu=fpv4-sp-d16 -std=gnu11 -DSTM32L476xx -I../src -I../Inc -I../Drivers/CMSIS/Include -I../Drivers/CMSIS/Device/ST/STM32L4xx/Include -I../Drivers/STM32L4xx_HAL_Driver/Inc -O0 -ffunction-sections -fdata-sections -g -fstack-usage -Wall -o Drivers\STM32L4xx_HAL_Driver\Src\stm32l4xx_hal_i2c_ex.o 
arm-atollic-eabi-gcc -c ..\Drivers\STM32L4xx_HAL_Driver\Src\stm32l4xx_hal_lcd.c -mthumb -mcpu=cortex-m4 -mfloat-abi=hard -mfpu=fpv4-sp-d16 -std=gnu11 -DSTM32L476xx -I../src -I../Inc -I../Drivers/CMSIS/Include -I../Drivers/CMSIS/Device/ST/STM32L4xx/Include -I../Drivers/STM32L4xx_HAL_Driver/Inc -O0 -ffunction-sections -fdata-sections -g -fstack-usage -Wall -o Drivers\STM32L4xx_HAL_Driver\Src\stm32l4xx_hal_lcd.o 
arm-atollic-eabi-gcc -c ..\Drivers\STM32L4xx_HAL_Driver\Src\stm32l4xx_hal_pka.c -mthumb -mcpu=cortex-m4 -mfloat-abi=hard -mfpu=fpv4-sp-d16 -std=gnu11 -DSTM32L476xx -I../src -I../Inc -I../Drivers/CMSIS/Include -I../Drivers/CMSIS/Device/ST/STM32L4xx/Include -I../Drivers/STM32L4xx_HAL_Driver/Inc -O0 -ffunction-sections -fdata-sections -g -fstack-usage -Wall -o Drivers\STM32L4xx_HAL_Driver\Src\stm32l4xx_hal_pka.o 
arm-atollic-eabi-gcc -c ..\Drivers\STM32L4xx_HAL_Driver\Src\stm32l4xx_hal_comp.c -mthumb -mcpu=cortex-m4 -mfloat-abi=hard -mfpu=fpv4-sp-d16 -std=gnu11 -DSTM32L476xx -I../src -I../Inc -I../Drivers/CMSIS/Include -I../Drivers/CMSIS/Device/ST/STM32L4xx/Include -I../Drivers/STM32L4xx_HAL_Driver/Inc -O0 -ffunction-sections -fdata-sections -g -fstack-usage -Wall -o Drivers\STM32L4xx_HAL_Driver\Src\stm32l4xx_hal_comp.o 
arm-atollic-eabi-gcc -c ..\Drivers\STM32L4xx_HAL_Driver\Src\stm32l4xx_ll_dma.c -mthumb -mcpu=cortex-m4 -mfloat-abi=hard -mfpu=fpv4-sp-d16 -std=gnu11 -DSTM32L476xx -I../src -I../Inc -I../Drivers/CMSIS/Include -I../Drivers/CMSIS/Device/ST/STM32L4xx/Include -I../Drivers/STM32L4xx_HAL_Driver/Inc -O0 -ffunction-sections -fdata-sections -g -fstack-usage -Wall -o Drivers\STM32L4xx_HAL_Driver\Src\stm32l4xx_ll_dma.o 
arm-atollic-eabi-gcc -c ..\Drivers\STM32L4xx_HAL_Driver\Src\stm32l4xx_hal_usart_ex.c -mthumb -mcpu=cortex-m4 -mfloat-abi=hard -mfpu=fpv4-sp-d16 -std=gnu11 -DSTM32L476xx -I../src -I../Inc -I../Drivers/CMSIS/Include -I../Drivers/CMSIS/Device/ST/STM32L4xx/Include -I../Drivers/STM32L4xx_HAL_Driver/Inc -O0 -ffunction-sections -fdata-sections -g -fstack-usage -Wall -o Drivers\STM32L4xx_HAL_Driver\Src\stm32l4xx_hal_usart_ex.o 
arm-atollic-eabi-gcc -c ..\Drivers\STM32L4xx_HAL_Driver\Src\stm32l4xx_ll_crc.c -mthumb -mcpu=cortex-m4 -mfloat-abi=hard -mfpu=fpv4-sp-d16 -std=gnu11 -DSTM32L476xx -I../src -I../Inc -I../Drivers/CMSIS/Include -I../Drivers/CMSIS/Device/ST/STM32L4xx/Include -I../Drivers/STM32L4xx_HAL_Driver/Inc -O0 -ffunction-sections -fdata-sections -g -fstack-usage -Wall -o Drivers\STM32L4xx_HAL_Driver\Src\stm32l4xx_ll_crc.o 
arm-atollic-eabi-gcc -c ..\Drivers\STM32L4xx_HAL_Driver\Src\stm32l4xx_hal_rcc_ex.c -mthumb -mcpu=cortex-m4 -mfloat-abi=hard -mfpu=fpv4-sp-d16 -std=gnu11 -DSTM32L476xx -I../src -I../Inc -I../Drivers/CMSIS/Include -I../Drivers/CMSIS/Device/ST/STM32L4xx/Include -I../Drivers/STM32L4xx_HAL_Driver/Inc -O0 -ffunction-sections -fdata-sections -g -fstack-usage -Wall -o Drivers\STM32L4xx_HAL_Driver\Src\stm32l4xx_hal_rcc_ex.o 
arm-atollic-eabi-gcc -c ..\Drivers\STM32L4xx_HAL_Driver\Src\stm32l4xx_ll_comp.c -mthumb -mcpu=cortex-m4 -mfloat-abi=hard -mfpu=fpv4-sp-d16 -std=gnu11 -DSTM32L476xx -I../src -I../Inc -I../Drivers/CMSIS/Include -I../Drivers/CMSIS/Device/ST/STM32L4xx/Include -I../Drivers/STM32L4xx_HAL_Driver/Inc -O0 -ffunction-sections -fdata-sections -g -fstack-usage -Wall -o Drivers\STM32L4xx_HAL_Driver\Src\stm32l4xx_ll_comp.o 
arm-atollic-eabi-gcc -c ..\Drivers\STM32L4xx_HAL_Driver\Src\stm32l4xx_hal_pssi.c -mthumb -mcpu=cortex-m4 -mfloat-abi=hard -mfpu=fpv4-sp-d16 -std=gnu11 -DSTM32L476xx -I../src -I../Inc -I../Drivers/CMSIS/Include -I../Drivers/CMSIS/Device/ST/STM32L4xx/Include -I../Drivers/STM32L4xx_HAL_Driver/Inc -O0 -ffunction-sections -fdata-sections -g -fstack-usage -Wall -o Drivers\STM32L4xx_HAL_Driver\Src\stm32l4xx_hal_pssi.o 
arm-atollic-eabi-gcc -c ..\Drivers\STM32L4xx_HAL_Driver\Src\stm32l4xx_ll_pwr.c -mthumb -mcpu=cortex-m4 -mfloat-abi=hard -mfpu=fpv4-sp-d16 -std=gnu11 -DSTM32L476xx -I../src -I../Inc -I../Drivers/CMSIS/Include -I../Drivers/CMSIS/Device/ST/STM32L4xx/Include -I../Drivers/STM32L4xx_HAL_Driver/Inc -O0 -ffunction-sections -fdata-sections -g -fstack-usage -Wall -o Drivers\STM32L4xx_HAL_Driver\Src\stm32l4xx_ll_pwr.o 
arm-atollic-eabi-gcc -c ..\Drivers\STM32L4xx_HAL_Driver\Src\stm32l4xx_hal_crc.c -mthumb -mcpu=cortex-m4 -mfloat-abi=hard -mfpu=fpv4-sp-d16 -std=gnu11 -DSTM32L476xx -I../src -I../Inc -I../Drivers/CMSIS/Include -I../Drivers/CMSIS/Device/ST/STM32L4xx/Include -I../Drivers/STM32L4xx_HAL_Driver/Inc -O0 -ffunction-sections -fdata-sections -g -fstack-usage -Wall -o Drivers\STM32L4xx_HAL_Driver\Src\stm32l4xx_hal_crc.o 
arm-atollic-eabi-gcc -c ..\Drivers\STM32L4xx_HAL_Driver\Src\stm32l4xx_hal_wwdg.c -mthumb -mcpu=cortex-m4 -mfloat-abi=hard -mfpu=fpv4-sp-d16 -std=gnu11 -DSTM32L476xx -I../src -I../Inc -I../Drivers/CMSIS/Include -I../Drivers/CMSIS/Device/ST/STM32L4xx/Include -I../Drivers/STM32L4xx_HAL_Driver/Inc -O0 -ffunction-sections -fdata-sections -g -fstack-usage -Wall -o Drivers\STM32L4xx_HAL_Driver\Src\stm32l4xx_hal_wwdg.o 
arm-atollic-eabi-gcc -c ..\Drivers\STM32L4xx_HAL_Driver\Src\stm32l4xx_ll_pka.c -mthumb -mcpu=cortex-m4 -mfloat-abi=hard -mfpu=fpv4-sp-d16 -std=gnu11 -DSTM32L476xx -I../src -I../Inc -I../Drivers/CMSIS/Include -I../Drivers/CMSIS/Device/ST/STM32L4xx/Include -I../Drivers/STM32L4xx_HAL_Driver/Inc -O0 -ffunction-sections -fdata-sections -g -fstack-usage -Wall -o Drivers\STM32L4xx_HAL_Driver\Src\stm32l4xx_ll_pka.o 
arm-atollic-eabi-gcc -c ..\Drivers\STM32L4xx_HAL_Driver\Src\stm32l4xx_hal_pcd_ex.c -mthumb -mcpu=cortex-m4 -mfloat-abi=hard -mfpu=fpv4-sp-d16 -std=gnu11 -DSTM32L476xx -I../src -I../Inc -I../Drivers/CMSIS/Include -I../Drivers/CMSIS/Device/ST/STM32L4xx/Include -I../Drivers/STM32L4xx_HAL_Driver/Inc -O0 -ffunction-sections -fdata-sections -g -fstack-usage -Wall -o Drivers\STM32L4xx_HAL_Driver\Src\stm32l4xx_hal_pcd_ex.o 
arm-atollic-eabi-gcc -c ..\src\system_stm32l4xx.c -mthumb -mcpu=cortex-m4 -mfloat-abi=hard -mfpu=fpv4-sp-d16 -std=gnu11 -DSTM32L476xx -I../src -I../Inc -I../Drivers/CMSIS/Include -I../Drivers/CMSIS/Device/ST/STM32L4xx/Include -I../Drivers/STM32L4xx_HAL_Driver/Inc -O0 -ffunction-sections -fdata-sections -g -fstack-usage -Wall -o src\system_stm32l4xx.o 
arm-atollic-eabi-gcc -c ..\Drivers\STM32L4xx_HAL_Driver\Src\stm32l4xx_hal_smbus.c -mthumb -mcpu=cortex-m4 -mfloat-abi=hard -mfpu=fpv4-sp-d16 -std=gnu11 -DSTM32L476xx -I../src -I../Inc -I../Drivers/CMSIS/Include -I../Drivers/CMSIS/Device/ST/STM32L4xx/Include -I../Drivers/STM32L4xx_HAL_Driver/Inc -O0 -ffunction-sections -fdata-sections -g -fstack-usage -Wall -o Drivers\STM32L4xx_HAL_Driver\Src\stm32l4xx_hal_smbus.o 
arm-atollic-eabi-gcc -c ..\Drivers\STM32L4xx_HAL_Driver\Src\stm32l4xx_hal_uart_ex.c -mthumb -mcpu=cortex-m4 -mfloat-abi=hard -mfpu=fpv4-sp-d16 -std=gnu11 -DSTM32L476xx -I../src -I../Inc -I../Drivers/CMSIS/Include -I../Drivers/CMSIS/Device/ST/STM32L4xx/Include -I../Drivers/STM32L4xx_HAL_Driver/Inc -O0 -ffunction-sections -fdata-sections -g -fstack-usage -Wall -o Drivers\STM32L4xx_HAL_Driver\Src\stm32l4xx_hal_uart_ex.o 
arm-atollic-eabi-gcc -c ..\Drivers\STM32L4xx_HAL_Driver\Src\stm32l4xx_hal_lptim.c -mthumb -mcpu=cortex-m4 -mfloat-abi=hard -mfpu=fpv4-sp-d16 -std=gnu11 -DSTM32L476xx -I../src -I../Inc -I../Drivers/CMSIS/Include -I../Drivers/CMSIS/Device/ST/STM32L4xx/Include -I../Drivers/STM32L4xx_HAL_Driver/Inc -O0 -ffunction-sections -fdata-sections -g -fstack-usage -Wall -o Drivers\STM32L4xx_HAL_Driver\Src\stm32l4xx_hal_lptim.o 
arm-atollic-eabi-gcc -c ..\Drivers\STM32L4xx_HAL_Driver\Src\stm32l4xx_ll_dma2d.c -mthumb -mcpu=cortex-m4 -mfloat-abi=hard -mfpu=fpv4-sp-d16 -std=gnu11 -DSTM32L476xx -I../src -I../Inc -I../Drivers/CMSIS/Include -I../Drivers/CMSIS/Device/ST/STM32L4xx/Include -I../Drivers/STM32L4xx_HAL_Driver/Inc -O0 -ffunction-sections -fdata-sections -g -fstack-usage -Wall -o Drivers\STM32L4xx_HAL_Driver\Src\stm32l4xx_ll_dma2d.o 
arm-atollic-eabi-gcc -c ..\Drivers\STM32L4xx_HAL_Driver\Src\stm32l4xx_ll_usb.c -mthumb -mcpu=cortex-m4 -mfloat-abi=hard -mfpu=fpv4-sp-d16 -std=gnu11 -DSTM32L476xx -I../src -I../Inc -I../Drivers/CMSIS/Include -I../Drivers/CMSIS/Device/ST/STM32L4xx/Include -I../Drivers/STM32L4xx_HAL_Driver/Inc -O0 -ffunction-sections -fdata-sections -g -fstack-usage -Wall -o Drivers\STM32L4xx_HAL_Driver\Src\stm32l4xx_ll_usb.o 
arm-atollic-eabi-gcc -c ..\Drivers\STM32L4xx_HAL_Driver\Src\stm32l4xx_hal_flash_ramfunc.c -mthumb -mcpu=cortex-m4 -mfloat-abi=hard -mfpu=fpv4-sp-d16 -std=gnu11 -DSTM32L476xx -I../src -I../Inc -I../Drivers/CMSIS/Include -I../Drivers/CMSIS/Device/ST/STM32L4xx/Include -I../Drivers/STM32L4xx_HAL_Driver/Inc -O0 -ffunction-sections -fdata-sections -g -fstack-usage -Wall -o Drivers\STM32L4xx_HAL_Driver\Src\stm32l4xx_hal_flash_ramfunc.o 
arm-atollic-eabi-gcc -c ..\Drivers\STM32L4xx_HAL_Driver\Src\stm32l4xx_hal_exti.c -mthumb -mcpu=cortex-m4 -mfloat-abi=hard -mfpu=fpv4-sp-d16 -std=gnu11 -DSTM32L476xx -I../src -I../Inc -I../Drivers/CMSIS/Include -I../Drivers/CMSIS/Device/ST/STM32L4xx/Include -I../Drivers/STM32L4xx_HAL_Driver/Inc -O0 -ffunction-sections -fdata-sections -g -fstack-usage -Wall -o Drivers\STM32L4xx_HAL_Driver\Src\stm32l4xx_hal_exti.o 
arm-atollic-eabi-gcc -c ..\Drivers\STM32L4xx_HAL_Driver\Src\stm32l4xx_hal_pcd.c -mthumb -mcpu=cortex-m4 -mfloat-abi=hard -mfpu=fpv4-sp-d16 -std=gnu11 -DSTM32L476xx -I../src -I../Inc -I../Drivers/CMSIS/Include -I../Drivers/CMSIS/Device/ST/STM32L4xx/Include -I../Drivers/STM32L4xx_HAL_Driver/Inc -O0 -ffunction-sections -fdata-sections -g -fstack-usage -Wall -o Drivers\STM32L4xx_HAL_Driver\Src\stm32l4xx_hal_pcd.o 
arm-atollic-eabi-gcc -c ..\Drivers\STM32L4xx_HAL_Driver\Src\stm32l4xx_hal_gfxmmu.c -mthumb -mcpu=cortex-m4 -mfloat-abi=hard -mfpu=fpv4-sp-d16 -std=gnu11 -DSTM32L476xx -I../src -I../Inc -I../Drivers/CMSIS/Include -I../Drivers/CMSIS/Device/ST/STM32L4xx/Include -I../Drivers/STM32L4xx_HAL_Driver/Inc -O0 -ffunction-sections -fdata-sections -g -fstack-usage -Wall -o Drivers\STM32L4xx_HAL_Driver\Src\stm32l4xx_hal_gfxmmu.o 
arm-atollic-eabi-gcc -c ..\Drivers\STM32L4xx_HAL_Driver\Src\stm32l4xx_hal_dcmi.c -mthumb -mcpu=cortex-m4 -mfloat-abi=hard -mfpu=fpv4-sp-d16 -std=gnu11 -DSTM32L476xx -I../src -I../Inc -I../Drivers/CMSIS/Include -I../Drivers/CMSIS/Device/ST/STM32L4xx/Include -I../Drivers/STM32L4xx_HAL_Driver/Inc -O0 -ffunction-sections -fdata-sections -g -fstack-usage -Wall -o Drivers\STM32L4xx_HAL_Driver\Src\stm32l4xx_hal_dcmi.o 
arm-atollic-eabi-gcc -c ..\Drivers\STM32L4xx_HAL_Driver\Src\stm32l4xx_hal_rtc.c -mthumb -mcpu=cortex-m4 -mfloat-abi=hard -mfpu=fpv4-sp-d16 -std=gnu11 -DSTM32L476xx -I../src -I../Inc -I../Drivers/CMSIS/Include -I../Drivers/CMSIS/Device/ST/STM32L4xx/Include -I../Drivers/STM32L4xx_HAL_Driver/Inc -O0 -ffunction-sections -fdata-sections -g -fstack-usage -Wall -o Drivers\STM32L4xx_HAL_Driver\Src\stm32l4xx_hal_rtc.o 
arm-atollic-eabi-gcc -c ..\Drivers\STM32L4xx_HAL_Driver\Src\stm32l4xx_hal_qspi.c -mthumb -mcpu=cortex-m4 -mfloat-abi=hard -mfpu=fpv4-sp-d16 -std=gnu11 -DSTM32L476xx -I../src -I../Inc -I../Drivers/CMSIS/Include -I../Drivers/CMSIS/Device/ST/STM32L4xx/Include -I../Drivers/STM32L4xx_HAL_Driver/Inc -O0 -ffunction-sections -fdata-sections -g -fstack-usage -Wall -o Drivers\STM32L4xx_HAL_Driver\Src\stm32l4xx_hal_qspi.o 
arm-atollic-eabi-gcc -c ..\src\tiny_printf.c -mthumb -mcpu=cortex-m4 -mfloat-abi=hard -mfpu=fpv4-sp-d16 -std=gnu11 -DSTM32L476xx -I../src -I../Inc -I../Drivers/CMSIS/Include -I../Drivers/CMSIS/Device/ST/STM32L4xx/Include -I../Drivers/STM32L4xx_HAL_Driver/Inc -O0 -ffunction-sections -fdata-sections -g -fstack-usage -Wall -o src\tiny_printf.o 
arm-atollic-eabi-gcc -c ..\Drivers\STM32L4xx_HAL_Driver\Src\stm32l4xx_hal_dma.c -mthumb -mcpu=cortex-m4 -mfloat-abi=hard -mfpu=fpv4-sp-d16 -std=gnu11 -DSTM32L476xx -I../src -I../Inc -I../Drivers/CMSIS/Include -I../Drivers/CMSIS/Device/ST/STM32L4xx/Include -I../Drivers/STM32L4xx_HAL_Driver/Inc -O0 -ffunction-sections -fdata-sections -g -fstack-usage -Wall -o Drivers\STM32L4xx_HAL_Driver\Src\stm32l4xx_hal_dma.o 
arm-atollic-eabi-gcc -c ..\Drivers\STM32L4xx_HAL_Driver\Src\stm32l4xx_ll_lpuart.c -mthumb -mcpu=cortex-m4 -mfloat-abi=hard -mfpu=fpv4-sp-d16 -std=gnu11 -DSTM32L476xx -I../src -I../Inc -I../Drivers/CMSIS/Include -I../Drivers/CMSIS/Device/ST/STM32L4xx/Include -I../Drivers/STM32L4xx_HAL_Driver/Inc -O0 -ffunction-sections -fdata-sections -g -fstack-usage -Wall -o Drivers\STM32L4xx_HAL_Driver\Src\stm32l4xx_ll_lpuart.o 
arm-atollic-eabi-gcc -c -mthumb -mcpu=cortex-m4 -mfloat-abi=hard -mfpu=fpv4-sp-d16 -DSTM32L476xx -I../src -I../Drivers/CMSIS/Include -I../Drivers/CMSIS/Device/ST/STM32L4xx/Include -I../Drivers/STM32L4xx_HAL_Driver/Inc -g -Wa,--warn -x assembler-with-cpp -o src\startup_stm32l476xx.o ..\src\startup_stm32l476xx.s 
arm-atollic-eabi-gcc -c ..\Drivers\STM32L4xx_HAL_Driver\Src\stm32l4xx_hal_flash_ex.c -mthumb -mcpu=cortex-m4 -mfloat-abi=hard -mfpu=fpv4-sp-d16 -std=gnu11 -DSTM32L476xx -I../src -I../Inc -I../Drivers/CMSIS/Include -I../Drivers/CMSIS/Device/ST/STM32L4xx/Include -I../Drivers/STM32L4xx_HAL_Driver/Inc -O0 -ffunction-sections -fdata-sections -g -fstack-usage -Wall -o Drivers\STM32L4xx_HAL_Driver\Src\stm32l4xx_hal_flash_ex.o 
arm-atollic-eabi-gcc -c ..\Drivers\STM32L4xx_HAL_Driver\Src\stm32l4xx_hal_nor.c -mthumb -mcpu=cortex-m4 -mfloat-abi=hard -mfpu=fpv4-sp-d16 -std=gnu11 -DSTM32L476xx -I../src -I../Inc -I../Drivers/CMSIS/Include -I../Drivers/CMSIS/Device/ST/STM32L4xx/Include -I../Drivers/STM32L4xx_HAL_Driver/Inc -O0 -ffunction-sections -fdata-sections -g -fstack-usage -Wall -o Drivers\STM32L4xx_HAL_Driver\Src\stm32l4xx_hal_nor.o 
arm-atollic-eabi-gcc -c ..\Drivers\STM32L4xx_HAL_Driver\Src\stm32l4xx_hal_sd.c -mthumb -mcpu=cortex-m4 -mfloat-abi=hard -mfpu=fpv4-sp-d16 -std=gnu11 -DSTM32L476xx -I../src -I../Inc -I../Drivers/CMSIS/Include -I../Drivers/CMSIS/Device/ST/STM32L4xx/Include -I../Drivers/STM32L4xx_HAL_Driver/Inc -O0 -ffunction-sections -fdata-sections -g -fstack-usage -Wall -o Drivers\STM32L4xx_HAL_Driver\Src\stm32l4xx_hal_sd.o 
arm-atollic-eabi-gcc -c ..\Drivers\STM32L4xx_HAL_Driver\Src\stm32l4xx_ll_lptim.c -mthumb -mcpu=cortex-m4 -mfloat-abi=hard -mfpu=fpv4-sp-d16 -std=gnu11 -DSTM32L476xx -I../src -I../Inc -I../Drivers/CMSIS/Include -I../Drivers/CMSIS/Device/ST/STM32L4xx/Include -I../Drivers/STM32L4xx_HAL_Driver/Inc -O0 -ffunction-sections -fdata-sections -g -fstack-usage -Wall -o Drivers\STM32L4xx_HAL_Driver\Src\stm32l4xx_ll_lptim.o 
arm-atollic-eabi-gcc -c ..\Drivers\STM32L4xx_HAL_Driver\Src\stm32l4xx_hal_spi.c -mthumb -mcpu=cortex-m4 -mfloat-abi=hard -mfpu=fpv4-sp-d16 -std=gnu11 -DSTM32L476xx -I../src -I../Inc -I../Drivers/CMSIS/Include -I../Drivers/CMSIS/Device/ST/STM32L4xx/Include -I../Drivers/STM32L4xx_HAL_Driver/Inc -O0 -ffunction-sections -fdata-sections -g -fstack-usage -Wall -o Drivers\STM32L4xx_HAL_Driver\Src\stm32l4xx_hal_spi.o 
arm-atollic-eabi-gcc -c ..\Drivers\STM32L4xx_HAL_Driver\Src\stm32l4xx_hal_ltdc_ex.c -mthumb -mcpu=cortex-m4 -mfloat-abi=hard -mfpu=fpv4-sp-d16 -std=gnu11 -DSTM32L476xx -I../src -I../Inc -I../Drivers/CMSIS/Include -I../Drivers/CMSIS/Device/ST/STM32L4xx/Include -I../Drivers/STM32L4xx_HAL_Driver/Inc -O0 -ffunction-sections -fdata-sections -g -fstack-usage -Wall -o Drivers\STM32L4xx_HAL_Driver\Src\stm32l4xx_hal_ltdc_ex.o 
arm-atollic-eabi-gcc -c ..\Drivers\STM32L4xx_HAL_Driver\Src\stm32l4xx_hal_mmc.c -mthumb -mcpu=cortex-m4 -mfloat-abi=hard -mfpu=fpv4-sp-d16 -std=gnu11 -DSTM32L476xx -I../src -I../Inc -I../Drivers/CMSIS/Include -I../Drivers/CMSIS/Device/ST/STM32L4xx/Include -I../Drivers/STM32L4xx_HAL_Driver/Inc -O0 -ffunction-sections -fdata-sections -g -fstack-usage -Wall -o Drivers\STM32L4xx_HAL_Driver\Src\stm32l4xx_hal_mmc.o 
arm-atollic-eabi-gcc -c ..\Drivers\STM32L4xx_HAL_Driver\Src\stm32l4xx_hal_rtc_ex.c -mthumb -mcpu=cortex-m4 -mfloat-abi=hard -mfpu=fpv4-sp-d16 -std=gnu11 -DSTM32L476xx -I../src -I../Inc -I../Drivers/CMSIS/Include -I../Drivers/CMSIS/Device/ST/STM32L4xx/Include -I../Drivers/STM32L4xx_HAL_Driver/Inc -O0 -ffunction-sections -fdata-sections -g -fstack-usage -Wall -o Drivers\STM32L4xx_HAL_Driver\Src\stm32l4xx_hal_rtc_ex.o 
arm-atollic-eabi-gcc -c ..\Drivers\STM32L4xx_HAL_Driver\Src\stm32l4xx_hal_hcd.c -mthumb -mcpu=cortex-m4 -mfloat-abi=hard -mfpu=fpv4-sp-d16 -std=gnu11 -DSTM32L476xx -I../src -I../Inc -I../Drivers/CMSIS/Include -I../Drivers/CMSIS/Device/ST/STM32L4xx/Include -I../Drivers/STM32L4xx_HAL_Driver/Inc -O0 -ffunction-sections -fdata-sections -g -fstack-usage -Wall -o Drivers\STM32L4xx_HAL_Driver\Src\stm32l4xx_hal_hcd.o 
arm-atollic-eabi-gcc -c ..\Drivers\STM32L4xx_HAL_Driver\Src\stm32l4xx_hal_swpmi.c -mthumb -mcpu=cortex-m4 -mfloat-abi=hard -mfpu=fpv4-sp-d16 -std=gnu11 -DSTM32L476xx -I../src -I../Inc -I../Drivers/CMSIS/Include -I../Drivers/CMSIS/Device/ST/STM32L4xx/Include -I../Drivers/STM32L4xx_HAL_Driver/Inc -O0 -ffunction-sections -fdata-sections -g -fstack-usage -Wall -o Drivers\STM32L4xx_HAL_Driver\Src\stm32l4xx_hal_swpmi.o 
arm-atollic-eabi-gcc -c ..\Drivers\STM32L4xx_HAL_Driver\Src\stm32l4xx_hal_opamp_ex.c -mthumb -mcpu=cortex-m4 -mfloat-abi=hard -mfpu=fpv4-sp-d16 -std=gnu11 -DSTM32L476xx -I../src -I../Inc -I../Drivers/CMSIS/Include -I../Drivers/CMSIS/Device/ST/STM32L4xx/Include -I../Drivers/STM32L4xx_HAL_Driver/Inc -O0 -ffunction-sections -fdata-sections -g -fstack-usage -Wall -o Drivers\STM32L4xx_HAL_Driver\Src\stm32l4xx_hal_opamp_ex.o 
arm-atollic-eabi-gcc -c ..\Drivers\STM32L4xx_HAL_Driver\Src\stm32l4xx_hal_can.c -mthumb -mcpu=cortex-m4 -mfloat-abi=hard -mfpu=fpv4-sp-d16 -std=gnu11 -DSTM32L476xx -I../src -I../Inc -I../Drivers/CMSIS/Include -I../Drivers/CMSIS/Device/ST/STM32L4xx/Include -I../Drivers/STM32L4xx_HAL_Driver/Inc -O0 -ffunction-sections -fdata-sections -g -fstack-usage -Wall -o Drivers\STM32L4xx_HAL_Driver\Src\stm32l4xx_hal_can.o 
arm-atollic-eabi-gcc -c ..\Drivers\STM32L4xx_HAL_Driver\Src\stm32l4xx_hal_dsi.c -mthumb -mcpu=cortex-m4 -mfloat-abi=hard -mfpu=fpv4-sp-d16 -std=gnu11 -DSTM32L476xx -I../src -I../Inc -I../Drivers/CMSIS/Include -I../Drivers/CMSIS/Device/ST/STM32L4xx/Include -I../Drivers/STM32L4xx_HAL_Driver/Inc -O0 -ffunction-sections -fdata-sections -g -fstack-usage -Wall -o Drivers\STM32L4xx_HAL_Driver\Src\stm32l4xx_hal_dsi.o 
arm-atollic-eabi-gcc -c ..\Drivers\STM32L4xx_HAL_Driver\Src\stm32l4xx_hal_timebase_tim_template.c -mthumb -mcpu=cortex-m4 -mfloat-abi=hard -mfpu=fpv4-sp-d16 -std=gnu11 -DSTM32L476xx -I../src -I../Inc -I../Drivers/CMSIS/Include -I../Drivers/CMSIS/Device/ST/STM32L4xx/Include -I../Drivers/STM32L4xx_HAL_Driver/Inc -O0 -ffunction-sections -fdata-sections -g -fstack-usage -Wall -o Drivers\STM32L4xx_HAL_Driver\Src\stm32l4xx_hal_timebase_tim_template.o 
arm-atollic-eabi-gcc -c ..\Drivers\STM32L4xx_HAL_Driver\Src\stm32l4xx_hal_usart.c -mthumb -mcpu=cortex-m4 -mfloat-abi=hard -mfpu=fpv4-sp-d16 -std=gnu11 -DSTM32L476xx -I../src -I../Inc -I../Drivers/CMSIS/Include -I../Drivers/CMSIS/Device/ST/STM32L4xx/Include -I../Drivers/STM32L4xx_HAL_Driver/Inc -O0 -ffunction-sections -fdata-sections -g -fstack-usage -Wall -o Drivers\STM32L4xx_HAL_Driver\Src\stm32l4xx_hal_usart.o 
arm-atollic-eabi-gcc -c ..\Drivers\STM32L4xx_HAL_Driver\Src\stm32l4xx_ll_usart.c -mthumb -mcpu=cortex-m4 -mfloat-abi=hard -mfpu=fpv4-sp-d16 -std=gnu11 -DSTM32L476xx -I../src -I../Inc -I../Drivers/CMSIS/Include -I../Drivers/CMSIS/Device/ST/STM32L4xx/Include -I../Drivers/STM32L4xx_HAL_Driver/Inc -O0 -ffunction-sections -fdata-sections -g -fstack-usage -Wall -o Drivers\STM32L4xx_HAL_Driver\Src\stm32l4xx_ll_usart.o 
arm-atollic-eabi-gcc -c ..\Drivers\STM32L4xx_HAL_Driver\Src\stm32l4xx_hal_sai.c -mthumb -mcpu=cortex-m4 -mfloat-abi=hard -mfpu=fpv4-sp-d16 -std=gnu11 -DSTM32L476xx -I../src -I../Inc -I../Drivers/CMSIS/Include -I../Drivers/CMSIS/Device/ST/STM32L4xx/Include -I../Drivers/STM32L4xx_HAL_Driver/Inc -O0 -ffunction-sections -fdata-sections -g -fstack-usage -Wall -o Drivers\STM32L4xx_HAL_Driver\Src\stm32l4xx_hal_sai.o 
arm-atollic-eabi-gcc -c ..\Drivers\STM32L4xx_HAL_Driver\Src\stm32l4xx_hal_dma_ex.c -mthumb -mcpu=cortex-m4 -mfloat-abi=hard -mfpu=fpv4-sp-d16 -std=gnu11 -DSTM32L476xx -I../src -I../Inc -I../Drivers/CMSIS/Include -I../Drivers/CMSIS/Device/ST/STM32L4xx/Include -I../Drivers/STM32L4xx_HAL_Driver/Inc -O0 -ffunction-sections -fdata-sections -g -fstack-usage -Wall -o Drivers\STM32L4xx_HAL_Driver\Src\stm32l4xx_hal_dma_ex.o 
arm-atollic-eabi-gcc -c ..\Drivers\STM32L4xx_HAL_Driver\Src\stm32l4xx_hal_flash.c -mthumb -mcpu=cortex-m4 -mfloat-abi=hard -mfpu=fpv4-sp-d16 -std=gnu11 -DSTM32L476xx -I../src -I../Inc -I../Drivers/CMSIS/Include -I../Drivers/CMSIS/Device/ST/STM32L4xx/Include -I../Drivers/STM32L4xx_HAL_Driver/Inc -O0 -ffunction-sections -fdata-sections -g -fstack-usage -Wall -o Drivers\STM32L4xx_HAL_Driver\Src\stm32l4xx_hal_flash.o 
arm-atollic-eabi-gcc -c ..\Drivers\STM32L4xx_HAL_Driver\Src\stm32l4xx_hal_spi_ex.c -mthumb -mcpu=cortex-m4 -mfloat-abi=hard -mfpu=fpv4-sp-d16 -std=gnu11 -DSTM32L476xx -I../src -I../Inc -I../Drivers/CMSIS/Include -I../Drivers/CMSIS/Device/ST/STM32L4xx/Include -I../Drivers/STM32L4xx_HAL_Driver/Inc -O0 -ffunction-sections -fdata-sections -g -fstack-usage -Wall -o Drivers\STM32L4xx_HAL_Driver\Src\stm32l4xx_hal_spi_ex.o 
arm-atollic-eabi-gcc -c ..\Drivers\STM32L4xx_HAL_Driver\Src\stm32l4xx_ll_rtc.c -mthumb -mcpu=cortex-m4 -mfloat-abi=hard -mfpu=fpv4-sp-d16 -std=gnu11 -DSTM32L476xx -I../src -I../Inc -I../Drivers/CMSIS/Include -I../Drivers/CMSIS/Device/ST/STM32L4xx/Include -I../Drivers/STM32L4xx_HAL_Driver/Inc -O0 -ffunction-sections -fdata-sections -g -fstack-usage -Wall -o Drivers\STM32L4xx_HAL_Driver\Src\stm32l4xx_ll_rtc.o 
arm-atollic-eabi-gcc -c ..\Drivers\STM32L4xx_HAL_Driver\Src\stm32l4xx_hal_dfsdm.c -mthumb -mcpu=cortex-m4 -mfloat-abi=hard -mfpu=fpv4-sp-d16 -std=gnu11 -DSTM32L476xx -I../src -I../Inc -I../Drivers/CMSIS/Include -I../Drivers/CMSIS/Device/ST/STM32L4xx/Include -I../Drivers/STM32L4xx_HAL_Driver/Inc -O0 -ffunction-sections -fdata-sections -g -fstack-usage -Wall -o Drivers\STM32L4xx_HAL_Driver\Src\stm32l4xx_hal_dfsdm.o 
arm-atollic-eabi-gcc -c ..\Drivers\STM32L4xx_HAL_Driver\Src\stm32l4xx_hal_smartcard_ex.c -mthumb -mcpu=cortex-m4 -mfloat-abi=hard -mfpu=fpv4-sp-d16 -std=gnu11 -DSTM32L476xx -I../src -I../Inc -I../Drivers/CMSIS/Include -I../Drivers/CMSIS/Device/ST/STM32L4xx/Include -I../Drivers/STM32L4xx_HAL_Driver/Inc -O0 -ffunction-sections -fdata-sections -g -fstack-usage -Wall -o Drivers\STM32L4xx_HAL_Driver\Src\stm32l4xx_hal_smartcard_ex.o 
arm-atollic-eabi-gcc -c ..\Drivers\STM32L4xx_HAL_Driver\Src\stm32l4xx_ll_adc.c -mthumb -mcpu=cortex-m4 -mfloat-abi=hard -mfpu=fpv4-sp-d16 -std=gnu11 -DSTM32L476xx -I../src -I../Inc -I../Drivers/CMSIS/Include -I../Drivers/CMSIS/Device/ST/STM32L4xx/Include -I../Drivers/STM32L4xx_HAL_Driver/Inc -O0 -ffunction-sections -fdata-sections -g -fstack-usage -Wall -o Drivers\STM32L4xx_HAL_Driver\Src\stm32l4xx_ll_adc.o 
arm-atollic-eabi-gcc -c ..\Drivers\STM32L4xx_HAL_Driver\Src\stm32l4xx_hal_adc.c -mthumb -mcpu=cortex-m4 -mfloat-abi=hard -mfpu=fpv4-sp-d16 -std=gnu11 -DSTM32L476xx -I../src -I../Inc -I../Drivers/CMSIS/Include -I../Drivers/CMSIS/Device/ST/STM32L4xx/Include -I../Drivers/STM32L4xx_HAL_Driver/Inc -O0 -ffunction-sections -fdata-sections -g -fstack-usage -Wall -o Drivers\STM32L4xx_HAL_Driver\Src\stm32l4xx_hal_adc.o 
arm-atollic-eabi-gcc -c ..\Drivers\STM32L4xx_HAL_Driver\Src\stm32l4xx_hal_cortex.c -mthumb -mcpu=cortex-m4 -mfloat-abi=hard -mfpu=fpv4-sp-d16 -std=gnu11 -DSTM32L476xx -I../src -I../Inc -I../Drivers/CMSIS/Include -I../Drivers/CMSIS/Device/ST/STM32L4xx/Include -I../Drivers/STM32L4xx_HAL_Driver/Inc -O0 -ffunction-sections -fdata-sections -g -fstack-usage -Wall -o Drivers\STM32L4xx_HAL_Driver\Src\stm32l4xx_hal_cortex.o 
arm-atollic-eabi-gcc -c ..\Drivers\STM32L4xx_HAL_Driver\Src\stm32l4xx_hal_mmc_ex.c -mthumb -mcpu=cortex-m4 -mfloat-abi=hard -mfpu=fpv4-sp-d16 -std=gnu11 -DSTM32L476xx -I../src -I../Inc -I../Drivers/CMSIS/Include -I../Drivers/CMSIS/Device/ST/STM32L4xx/Include -I../Drivers/STM32L4xx_HAL_Driver/Inc -O0 -ffunction-sections -fdata-sections -g -fstack-usage -Wall -o Drivers\STM32L4xx_HAL_Driver\Src\stm32l4xx_hal_mmc_ex.o 
arm-atollic-eabi-gcc -c ..\Drivers\STM32L4xx_HAL_Driver\Src\stm32l4xx_hal_ospi.c -mthumb -mcpu=cortex-m4 -mfloat-abi=hard -mfpu=fpv4-sp-d16 -std=gnu11 -DSTM32L476xx -I../src -I../Inc -I../Drivers/CMSIS/Include -I../Drivers/CMSIS/Device/ST/STM32L4xx/Include -I../Drivers/STM32L4xx_HAL_Driver/Inc -O0 -ffunction-sections -fdata-sections -g -fstack-usage -Wall -o Drivers\STM32L4xx_HAL_Driver\Src\stm32l4xx_hal_ospi.o 
arm-atollic-eabi-gcc -c ..\Drivers\STM32L4xx_HAL_Driver\Src\stm32l4xx_hal_pwr.c -mthumb -mcpu=cortex-m4 -mfloat-abi=hard -mfpu=fpv4-sp-d16 -std=gnu11 -DSTM32L476xx -I../src -I../Inc -I../Drivers/CMSIS/Include -I../Drivers/CMSIS/Device/ST/STM32L4xx/Include -I../Drivers/STM32L4xx_HAL_Driver/Inc -O0 -ffunction-sections -fdata-sections -g -fstack-usage -Wall -o Drivers\STM32L4xx_HAL_Driver\Src\stm32l4xx_hal_pwr.o 
arm-atollic-eabi-gcc -c ..\Drivers\STM32L4xx_HAL_Driver\Src\stm32l4xx_hal_dfsdm_ex.c -mthumb -mcpu=cortex-m4 -mfloat-abi=hard -mfpu=fpv4-sp-d16 -std=gnu11 -DSTM32L476xx -I../src -I../Inc -I../Drivers/CMSIS/Include -I../Drivers/CMSIS/Device/ST/STM32L4xx/Include -I../Drivers/STM32L4xx_HAL_Driver/Inc -O0 -ffunction-sections -fdata-sections -g -fstack-usage -Wall -o Drivers\STM32L4xx_HAL_Driver\Src\stm32l4xx_hal_dfsdm_ex.o 
arm-atollic-eabi-gcc -c ..\Drivers\STM32L4xx_HAL_Driver\Src\stm32l4xx_hal_gpio.c -mthumb -mcpu=cortex-m4 -mfloat-abi=hard -mfpu=fpv4-sp-d16 -std=gnu11 -DSTM32L476xx -I../src -I../Inc -I../Drivers/CMSIS/Include -I../Drivers/CMSIS/Device/ST/STM32L4xx/Include -I../Drivers/STM32L4xx_HAL_Driver/Inc -O0 -ffunction-sections -fdata-sections -g -fstack-usage -Wall -o Drivers\STM32L4xx_HAL_Driver\Src\stm32l4xx_hal_gpio.o 
arm-atollic-eabi-gcc -c ..\Drivers\STM32L4xx_HAL_Driver\Src\stm32l4xx_hal_hash.c -mthumb -mcpu=cortex-m4 -mfloat-abi=hard -mfpu=fpv4-sp-d16 -std=gnu11 -DSTM32L476xx -I../src -I../Inc -I../Drivers/CMSIS/Include -I../Drivers/CMSIS/Device/ST/STM32L4xx/Include -I../Drivers/STM32L4xx_HAL_Driver/Inc -O0 -ffunction-sections -fdata-sections -g -fstack-usage -Wall -o Drivers\STM32L4xx_HAL_Driver\Src\stm32l4xx_hal_hash.o 
arm-atollic-eabi-gcc -c ..\Drivers\STM32L4xx_HAL_Driver\Src\stm32l4xx_ll_utils.c -mthumb -mcpu=cortex-m4 -mfloat-abi=hard -mfpu=fpv4-sp-d16 -std=gnu11 -DSTM32L476xx -I../src -I../Inc -I../Drivers/CMSIS/Include -I../Drivers/CMSIS/Device/ST/STM32L4xx/Include -I../Drivers/STM32L4xx_HAL_Driver/Inc -O0 -ffunction-sections -fdata-sections -g -fstack-usage -Wall -o Drivers\STM32L4xx_HAL_Driver\Src\stm32l4xx_ll_utils.o 
arm-atollic-eabi-gcc -c ..\Drivers\STM32L4xx_HAL_Driver\Src\stm32l4xx_ll_sdmmc.c -mthumb -mcpu=cortex-m4 -mfloat-abi=hard -mfpu=fpv4-sp-d16 -std=gnu11 -DSTM32L476xx -I../src -I../Inc -I../Drivers/CMSIS/Include -I../Drivers/CMSIS/Device/ST/STM32L4xx/Include -I../Drivers/STM32L4xx_HAL_Driver/Inc -O0 -ffunction-sections -fdata-sections -g -fstack-usage -Wall -o Drivers\STM32L4xx_HAL_Driver\Src\stm32l4xx_ll_sdmmc.o 
arm-atollic-eabi-gcc -c ..\Drivers\STM32L4xx_HAL_Driver\Src\stm32l4xx_hal_iwdg.c -mthumb -mcpu=cortex-m4 -mfloat-abi=hard -mfpu=fpv4-sp-d16 -std=gnu11 -DSTM32L476xx -I../src -I../Inc -I../Drivers/CMSIS/Include -I../Drivers/CMSIS/Device/ST/STM32L4xx/Include -I../Drivers/STM32L4xx_HAL_Driver/Inc -O0 -ffunction-sections -fdata-sections -g -fstack-usage -Wall -o Drivers\STM32L4xx_HAL_Driver\Src\stm32l4xx_hal_iwdg.o 
arm-atollic-eabi-gcc -c ..\Drivers\STM32L4xx_HAL_Driver\Src\stm32l4xx_ll_fmc.c -mthumb -mcpu=cortex-m4 -mfloat-abi=hard -mfpu=fpv4-sp-d16 -std=gnu11 -DSTM32L476xx -I../src -I../Inc -I../Drivers/CMSIS/Include -I../Drivers/CMSIS/Device/ST/STM32L4xx/Include -I../Drivers/STM32L4xx_HAL_Driver/Inc -O0 -ffunction-sections -fdata-sections -g -fstack-usage -Wall -o Drivers\STM32L4xx_HAL_Driver\Src\stm32l4xx_ll_fmc.o 
arm-atollic-eabi-g++ -o application.elf Drivers\STM32L4xx_HAL_Driver\Src\Legacy\stm32l4xx_hal_can.o Drivers\STM32L4xx_HAL_Driver\Src\stm32l4xx_hal.o Drivers\STM32L4xx_HAL_Driver\Src\stm32l4xx_hal_adc.o Drivers\STM32L4xx_HAL_Driver\Src\stm32l4xx_hal_adc_ex.o Drivers\STM32L4xx_HAL_Driver\Src\stm32l4xx_hal_can.o Drivers\STM32L4xx_HAL_Driver\Src\stm32l4xx_hal_comp.o Drivers\STM32L4xx_HAL_Driver\Src\stm32l4xx_hal_cortex.o Drivers\STM32L4xx_HAL_Driver\Src\stm32l4xx_hal_crc.o Drivers\STM32L4xx_HAL_Driver\Src\stm32l4xx_hal_crc_ex.o Drivers\STM32L4xx_HAL_Driver\Src\stm32l4xx_hal_cryp.o Drivers\STM32L4xx_HAL_Driver\Src\stm32l4xx_hal_cryp_ex.o Drivers\STM32L4xx_HAL_Driver\Src\stm32l4xx_hal_dac.o Drivers\STM32L4xx_HAL_Driver\Src\stm32l4xx_hal_dac_ex.o Drivers\STM32L4xx_HAL_Driver\Src\stm32l4xx_hal_dcmi.o Drivers\STM32L4xx_HAL_Driver\Src\stm32l4xx_hal_dfsdm.o Drivers\STM32L4xx_HAL_Driver\Src\stm32l4xx_hal_dfsdm_ex.o Drivers\STM32L4xx_HAL_Driver\Src\stm32l4xx_hal_dma.o Drivers\STM32L4xx_HAL_Driver\Src\stm32l4xx_hal_dma2d.o Drivers\STM32L4xx_HAL_Driver\Src\stm32l4xx_hal_dma_ex.o Drivers\STM32L4xx_HAL_Driver\Src\stm32l4xx_hal_dsi.o Drivers\STM32L4xx_HAL_Driver\Src\stm32l4xx_hal_exti.o Drivers\STM32L4xx_HAL_Driver\Src\stm32l4xx_hal_firewall.o Drivers\STM32L4xx_HAL_Driver\Src\stm32l4xx_hal_flash.o Drivers\STM32L4xx_HAL_Driver\Src\stm32l4xx_hal_flash_ex.o Drivers\STM32L4xx_HAL_Driver\Src\stm32l4xx_hal_flash_ramfunc.o Drivers\STM32L4xx_HAL_Driver\Src\stm32l4xx_hal_gfxmmu.o Drivers\STM32L4xx_HAL_Driver\Src\stm32l4xx_hal_gpio.o Drivers\STM32L4xx_HAL_Driver\Src\stm32l4xx_hal_hash.o Drivers\STM32L4xx_HAL_Driver\Src\stm32l4xx_hal_hash_ex.o Drivers\STM32L4xx_HAL_Driver\Src\stm32l4xx_hal_hcd.o Drivers\STM32L4xx_HAL_Driver\Src\stm32l4xx_hal_i2c.o Drivers\STM32L4xx_HAL_Driver\Src\stm32l4xx_hal_i2c_ex.o Drivers\STM32L4xx_HAL_Driver\Src\stm32l4xx_hal_irda.o Drivers\STM32L4xx_HAL_Driver\Src\stm32l4xx_hal_iwdg.o Drivers\STM32L4xx_HAL_Driver\Src\stm32l4xx_hal_lcd.o Drivers\STM32L4xx_HAL_Driver\Src\stm32l4xx_hal_lptim.o Drivers\STM32L4xx_HAL_Driver\Src\stm32l4xx_hal_ltdc.o Drivers\STM32L4xx_HAL_Driver\Src\stm32l4xx_hal_ltdc_ex.o Drivers\STM32L4xx_HAL_Driver\Src\stm32l4xx_hal_mmc.o Drivers\STM32L4xx_HAL_Driver\Src\stm32l4xx_hal_mmc_ex.o Drivers\STM32L4xx_HAL_Driver\Src\stm32l4xx_hal_msp_template.o Drivers\STM32L4xx_HAL_Driver\Src\stm32l4xx_hal_nand.o Drivers\STM32L4xx_HAL_Driver\Src\stm32l4xx_hal_nor.o Drivers\STM32L4xx_HAL_Driver\Src\stm32l4xx_hal_opamp.o Drivers\STM32L4xx_HAL_Driver\Src\stm32l4xx_hal_opamp_ex.o Drivers\STM32L4xx_HAL_Driver\Src\stm32l4xx_hal_ospi.o Drivers\STM32L4xx_HAL_Driver\Src\stm32l4xx_hal_pcd.o Drivers\STM32L4xx_HAL_Driver\Src\stm32l4xx_hal_pcd_ex.o Drivers\STM32L4xx_HAL_Driver\Src\stm32l4xx_hal_pka.o Drivers\STM32L4xx_HAL_Driver\Src\stm32l4xx_hal_pssi.o Drivers\STM32L4xx_HAL_Driver\Src\stm32l4xx_hal_pwr.o Drivers\STM32L4xx_HAL_Driver\Src\stm32l4xx_hal_pwr_ex.o Drivers\STM32L4xx_HAL_Driver\Src\stm32l4xx_hal_qspi.o Drivers\STM32L4xx_HAL_Driver\Src\stm32l4xx_hal_rcc.o Drivers\STM32L4xx_HAL_Driver\Src\stm32l4xx_hal_rcc_ex.o Drivers\STM32L4xx_HAL_Driver\Src\stm32l4xx_hal_rng.o Drivers\STM32L4xx_HAL_Driver\Src\stm32l4xx_hal_rng_ex.o Drivers\STM32L4xx_HAL_Driver\Src\stm32l4xx_hal_rtc.o Drivers\STM32L4xx_HAL_Driver\Src\stm32l4xx_hal_rtc_ex.o Drivers\STM32L4xx_HAL_Driver\Src\stm32l4xx_hal_sai.o Drivers\STM32L4xx_HAL_Driver\Src\stm32l4xx_hal_sai_ex.o Drivers\STM32L4xx_HAL_Driver\Src\stm32l4xx_hal_sd.o Drivers\STM32L4xx_HAL_Driver\Src\stm32l4xx_hal_sd_ex.o Drivers\STM32L4xx_HAL_Driver\Src\stm32l4xx_hal_smartcard.o Drivers\STM32L4xx_HAL_Driver\Src\stm32l4xx_hal_smartcard_ex.o Drivers\STM32L4xx_HAL_Driver\Src\stm32l4xx_hal_smbus.o Drivers\STM32L4xx_HAL_Driver\Src\stm32l4xx_hal_smbus_ex.o Drivers\STM32L4xx_HAL_Driver\Src\stm32l4xx_hal_spi.o Drivers\STM32L4xx_HAL_Driver\Src\stm32l4xx_hal_spi_ex.o Drivers\STM32L4xx_HAL_Driver\Src\stm32l4xx_hal_sram.o Drivers\STM32L4xx_HAL_Driver\Src\stm32l4xx_hal_swpmi.o Drivers\STM32L4xx_HAL_Driver\Src\stm32l4xx_hal_tim.o Drivers\STM32L4xx_HAL_Driver\Src\stm32l4xx_hal_tim_ex.o Drivers\STM32L4xx_HAL_Driver\Src\stm32l4xx_hal_timebase_tim_template.o Drivers\STM32L4xx_HAL_Driver\Src\stm32l4xx_hal_tsc.o Drivers\STM32L4xx_HAL_Driver\Src\stm32l4xx_hal_uart.o Drivers\STM32L4xx_HAL_Driver\Src\stm32l4xx_hal_uart_ex.o Drivers\STM32L4xx_HAL_Driver\Src\stm32l4xx_hal_usart.o Drivers\STM32L4xx_HAL_Driver\Src\stm32l4xx_hal_usart_ex.o Drivers\STM32L4xx_HAL_Driver\Src\stm32l4xx_hal_wwdg.o Drivers\STM32L4xx_HAL_Driver\Src\stm32l4xx_ll_adc.o Drivers\STM32L4xx_HAL_Driver\Src\stm32l4xx_ll_comp.o Drivers\STM32L4xx_HAL_Driver\Src\stm32l4xx_ll_crc.o Drivers\STM32L4xx_HAL_Driver\Src\stm32l4xx_ll_crs.o Drivers\STM32L4xx_HAL_Driver\Src\stm32l4xx_ll_dac.o Drivers\STM32L4xx_HAL_Driver\Src\stm32l4xx_ll_dma.o Drivers\STM32L4xx_HAL_Driver\Src\stm32l4xx_ll_dma2d.o Drivers\STM32L4xx_HAL_Driver\Src\stm32l4xx_ll_exti.o Drivers\STM32L4xx_HAL_Driver\Src\stm32l4xx_ll_fmc.o Drivers\STM32L4xx_HAL_Driver\Src\stm32l4xx_ll_gpio.o Drivers\STM32L4xx_HAL_Driver\Src\stm32l4xx_ll_i2c.o Drivers\STM32L4xx_HAL_Driver\Src\stm32l4xx_ll_lptim.o Drivers\STM32L4xx_HAL_Driver\Src\stm32l4xx_ll_lpuart.o Drivers\STM32L4xx_HAL_Driver\Src\stm32l4xx_ll_opamp.o Drivers\STM32L4xx_HAL_Driver\Src\stm32l4xx_ll_pka.o Drivers\STM32L4xx_HAL_Driver\Src\stm32l4xx_ll_pwr.o Drivers\STM32L4xx_HAL_Driver\Src\stm32l4xx_ll_rcc.o Drivers\STM32L4xx_HAL_Driver\Src\stm32l4xx_ll_rng.o Drivers\STM32L4xx_HAL_Driver\Src\stm32l4xx_ll_rtc.o Drivers\STM32L4xx_HAL_Driver\Src\stm32l4xx_ll_sdmmc.o Drivers\STM32L4xx_HAL_Driver\Src\stm32l4xx_ll_spi.o Drivers\STM32L4xx_HAL_Driver\Src\stm32l4xx_ll_swpmi.o Drivers\STM32L4xx_HAL_Driver\Src\stm32l4xx_ll_tim.o Drivers\STM32L4xx_HAL_Driver\Src\stm32l4xx_ll_usart.o Drivers\STM32L4xx_HAL_Driver\Src\stm32l4xx_ll_usb.o Drivers\STM32L4xx_HAL_Driver\Src\stm32l4xx_ll_utils.o src\main.o src\startup_stm32l476xx.o src\system_stm32l4xx.o src\tiny_printf.o -mthumb -mcpu=cortex-m4 -mfloat-abi=hard -mfpu=fpv4-sp-d16 -T../stm32l4_flash.ld -specs=nosys.specs -static -Wl,-cref,-u,Reset_Handler -Wl,-Map=application.map -Wl,--gc-sections -Wl,--defsym=malloc_getpagesize_P=0x1000 -Wl,--start-group -lc -lm -lstdc++ -lsupc++ -Wl,--end-group 
C:\Program Files (x86)\Atollic\TrueSTUDIO for STM32 9.3.0\ide\jre\bin\java -jar C:\Program Files (x86)\Atollic\TrueSTUDIO for STM32 9.3.0\Tools\arm-atollic-reports.jar sizeinfo list application.elf 
Generate build reports...
Print size information
   text	   data	    bss	    dec	    hex	filename
   4312	     20	   1152	   5484	   156c	application.elf
Print size information done
Generate listing file
Output sent to: application.list
Generate listing file done
Generate build reports done

14:33:57 Build Finished (took 1m:32s.427ms)

