01:37:08 **** Incremental Build of configuration Debug for project application ****
Info: Internal Builder is used for build
arm-atollic-eabi-g++ -c ..\src\main.cpp -mthumb -mcpu=cortex-m4 -mfloat-abi=hard -mfpu=fpv4-sp-d16 -std=gnu++98 -DSTM32L476xx -I../src -I../Inc -I../Drivers/CMSIS/Include -I../Drivers/CMSIS/Device/ST/STM32L4xx/Include -I../Drivers/STM32L4xx_HAL_Driver/Inc -O0 -ffunction-sections -fdata-sections -fno-rtti -fno-exceptions -g -fstack-usage -Wall -fno-threadsafe-statics -o src\main.o 
..\src\main.cpp:37:21: warning: extra tokens at end of #include directive
 #include <iostream> ..pour le C++
                     ^
arm-atollic-eabi-g++ -o application.elf Drivers\STM32L4xx_HAL_Driver\Src\Legacy\stm32l4xx_hal_can.o Drivers\STM32L4xx_HAL_Driver\Src\stm32l4xx_hal.o Drivers\STM32L4xx_HAL_Driver\Src\stm32l4xx_hal_adc.o Drivers\STM32L4xx_HAL_Driver\Src\stm32l4xx_hal_adc_ex.o Drivers\STM32L4xx_HAL_Driver\Src\stm32l4xx_hal_can.o Drivers\STM32L4xx_HAL_Driver\Src\stm32l4xx_hal_comp.o Drivers\STM32L4xx_HAL_Driver\Src\stm32l4xx_hal_cortex.o Drivers\STM32L4xx_HAL_Driver\Src\stm32l4xx_hal_crc.o Drivers\STM32L4xx_HAL_Driver\Src\stm32l4xx_hal_crc_ex.o Drivers\STM32L4xx_HAL_Driver\Src\stm32l4xx_hal_cryp.o Drivers\STM32L4xx_HAL_Driver\Src\stm32l4xx_hal_cryp_ex.o Drivers\STM32L4xx_HAL_Driver\Src\stm32l4xx_hal_dac.o Drivers\STM32L4xx_HAL_Driver\Src\stm32l4xx_hal_dac_ex.o Drivers\STM32L4xx_HAL_Driver\Src\stm32l4xx_hal_dcmi.o Drivers\STM32L4xx_HAL_Driver\Src\stm32l4xx_hal_dfsdm.o Drivers\STM32L4xx_HAL_Driver\Src\stm32l4xx_hal_dfsdm_ex.o Drivers\STM32L4xx_HAL_Driver\Src\stm32l4xx_hal_dma.o Drivers\STM32L4xx_HAL_Driver\Src\stm32l4xx_hal_dma2d.o Drivers\STM32L4xx_HAL_Driver\Src\stm32l4xx_hal_dma_ex.o Drivers\STM32L4xx_HAL_Driver\Src\stm32l4xx_hal_dsi.o Drivers\STM32L4xx_HAL_Driver\Src\stm32l4xx_hal_exti.o Drivers\STM32L4xx_HAL_Driver\Src\stm32l4xx_hal_firewall.o Drivers\STM32L4xx_HAL_Driver\Src\stm32l4xx_hal_flash.o Drivers\STM32L4xx_HAL_Driver\Src\stm32l4xx_hal_flash_ex.o Drivers\STM32L4xx_HAL_Driver\Src\stm32l4xx_hal_flash_ramfunc.o Drivers\STM32L4xx_HAL_Driver\Src\stm32l4xx_hal_gfxmmu.o Drivers\STM32L4xx_HAL_Driver\Src\stm32l4xx_hal_gpio.o Drivers\STM32L4xx_HAL_Driver\Src\stm32l4xx_hal_hash.o Drivers\STM32L4xx_HAL_Driver\Src\stm32l4xx_hal_hash_ex.o Drivers\STM32L4xx_HAL_Driver\Src\stm32l4xx_hal_hcd.o Drivers\STM32L4xx_HAL_Driver\Src\stm32l4xx_hal_i2c.o Drivers\STM32L4xx_HAL_Driver\Src\stm32l4xx_hal_i2c_ex.o Drivers\STM32L4xx_HAL_Driver\Src\stm32l4xx_hal_irda.o Drivers\STM32L4xx_HAL_Driver\Src\stm32l4xx_hal_iwdg.o Drivers\STM32L4xx_HAL_Driver\Src\stm32l4xx_hal_lcd.o Drivers\STM32L4xx_HAL_Driver\Src\stm32l4xx_hal_lptim.o Drivers\STM32L4xx_HAL_Driver\Src\stm32l4xx_hal_ltdc.o Drivers\STM32L4xx_HAL_Driver\Src\stm32l4xx_hal_ltdc_ex.o Drivers\STM32L4xx_HAL_Driver\Src\stm32l4xx_hal_mmc.o Drivers\STM32L4xx_HAL_Driver\Src\stm32l4xx_hal_mmc_ex.o Drivers\STM32L4xx_HAL_Driver\Src\stm32l4xx_hal_msp_template.o Drivers\STM32L4xx_HAL_Driver\Src\stm32l4xx_hal_nand.o Drivers\STM32L4xx_HAL_Driver\Src\stm32l4xx_hal_nor.o Drivers\STM32L4xx_HAL_Driver\Src\stm32l4xx_hal_opamp.o Drivers\STM32L4xx_HAL_Driver\Src\stm32l4xx_hal_opamp_ex.o Drivers\STM32L4xx_HAL_Driver\Src\stm32l4xx_hal_ospi.o Drivers\STM32L4xx_HAL_Driver\Src\stm32l4xx_hal_pcd.o Drivers\STM32L4xx_HAL_Driver\Src\stm32l4xx_hal_pcd_ex.o Drivers\STM32L4xx_HAL_Driver\Src\stm32l4xx_hal_pka.o Drivers\STM32L4xx_HAL_Driver\Src\stm32l4xx_hal_pssi.o Drivers\STM32L4xx_HAL_Driver\Src\stm32l4xx_hal_pwr.o Drivers\STM32L4xx_HAL_Driver\Src\stm32l4xx_hal_pwr_ex.o Drivers\STM32L4xx_HAL_Driver\Src\stm32l4xx_hal_qspi.o Drivers\STM32L4xx_HAL_Driver\Src\stm32l4xx_hal_rcc.o Drivers\STM32L4xx_HAL_Driver\Src\stm32l4xx_hal_rcc_ex.o Drivers\STM32L4xx_HAL_Driver\Src\stm32l4xx_hal_rng.o Drivers\STM32L4xx_HAL_Driver\Src\stm32l4xx_hal_rng_ex.o Drivers\STM32L4xx_HAL_Driver\Src\stm32l4xx_hal_rtc.o Drivers\STM32L4xx_HAL_Driver\Src\stm32l4xx_hal_rtc_ex.o Drivers\STM32L4xx_HAL_Driver\Src\stm32l4xx_hal_sai.o Drivers\STM32L4xx_HAL_Driver\Src\stm32l4xx_hal_sai_ex.o Drivers\STM32L4xx_HAL_Driver\Src\stm32l4xx_hal_sd.o Drivers\STM32L4xx_HAL_Driver\Src\stm32l4xx_hal_sd_ex.o Drivers\STM32L4xx_HAL_Driver\Src\stm32l4xx_hal_smartcard.o Drivers\STM32L4xx_HAL_Driver\Src\stm32l4xx_hal_smartcard_ex.o Drivers\STM32L4xx_HAL_Driver\Src\stm32l4xx_hal_smbus.o Drivers\STM32L4xx_HAL_Driver\Src\stm32l4xx_hal_smbus_ex.o Drivers\STM32L4xx_HAL_Driver\Src\stm32l4xx_hal_spi.o Drivers\STM32L4xx_HAL_Driver\Src\stm32l4xx_hal_spi_ex.o Drivers\STM32L4xx_HAL_Driver\Src\stm32l4xx_hal_sram.o Drivers\STM32L4xx_HAL_Driver\Src\stm32l4xx_hal_swpmi.o Drivers\STM32L4xx_HAL_Driver\Src\stm32l4xx_hal_tim.o Drivers\STM32L4xx_HAL_Driver\Src\stm32l4xx_hal_tim_ex.o Drivers\STM32L4xx_HAL_Driver\Src\stm32l4xx_hal_timebase_tim_template.o Drivers\STM32L4xx_HAL_Driver\Src\stm32l4xx_hal_tsc.o Drivers\STM32L4xx_HAL_Driver\Src\stm32l4xx_hal_uart.o Drivers\STM32L4xx_HAL_Driver\Src\stm32l4xx_hal_uart_ex.o Drivers\STM32L4xx_HAL_Driver\Src\stm32l4xx_hal_usart.o Drivers\STM32L4xx_HAL_Driver\Src\stm32l4xx_hal_usart_ex.o Drivers\STM32L4xx_HAL_Driver\Src\stm32l4xx_hal_wwdg.o Drivers\STM32L4xx_HAL_Driver\Src\stm32l4xx_ll_adc.o Drivers\STM32L4xx_HAL_Driver\Src\stm32l4xx_ll_comp.o Drivers\STM32L4xx_HAL_Driver\Src\stm32l4xx_ll_crc.o Drivers\STM32L4xx_HAL_Driver\Src\stm32l4xx_ll_crs.o Drivers\STM32L4xx_HAL_Driver\Src\stm32l4xx_ll_dac.o Drivers\STM32L4xx_HAL_Driver\Src\stm32l4xx_ll_dma.o Drivers\STM32L4xx_HAL_Driver\Src\stm32l4xx_ll_dma2d.o Drivers\STM32L4xx_HAL_Driver\Src\stm32l4xx_ll_exti.o Drivers\STM32L4xx_HAL_Driver\Src\stm32l4xx_ll_fmc.o Drivers\STM32L4xx_HAL_Driver\Src\stm32l4xx_ll_gpio.o Drivers\STM32L4xx_HAL_Driver\Src\stm32l4xx_ll_i2c.o Drivers\STM32L4xx_HAL_Driver\Src\stm32l4xx_ll_lptim.o Drivers\STM32L4xx_HAL_Driver\Src\stm32l4xx_ll_lpuart.o Drivers\STM32L4xx_HAL_Driver\Src\stm32l4xx_ll_opamp.o Drivers\STM32L4xx_HAL_Driver\Src\stm32l4xx_ll_pka.o Drivers\STM32L4xx_HAL_Driver\Src\stm32l4xx_ll_pwr.o Drivers\STM32L4xx_HAL_Driver\Src\stm32l4xx_ll_rcc.o Drivers\STM32L4xx_HAL_Driver\Src\stm32l4xx_ll_rng.o Drivers\STM32L4xx_HAL_Driver\Src\stm32l4xx_ll_rtc.o Drivers\STM32L4xx_HAL_Driver\Src\stm32l4xx_ll_sdmmc.o Drivers\STM32L4xx_HAL_Driver\Src\stm32l4xx_ll_spi.o Drivers\STM32L4xx_HAL_Driver\Src\stm32l4xx_ll_swpmi.o Drivers\STM32L4xx_HAL_Driver\Src\stm32l4xx_ll_tim.o Drivers\STM32L4xx_HAL_Driver\Src\stm32l4xx_ll_usart.o Drivers\STM32L4xx_HAL_Driver\Src\stm32l4xx_ll_usb.o Drivers\STM32L4xx_HAL_Driver\Src\stm32l4xx_ll_utils.o src\main.o src\startup_stm32l476xx.o src\system_stm32l4xx.o src\tiny_printf.o -mthumb -mcpu=cortex-m4 -mfloat-abi=hard -mfpu=fpv4-sp-d16 -T../stm32l4_flash.ld -specs=nosys.specs -static -Wl,-cref,-u,Reset_Handler -Wl,-Map=application.map -Wl,--gc-sections -Wl,--defsym=malloc_getpagesize_P=0x1000 -Wl,--start-group -lc -lm -lstdc++ -lsupc++ -Wl,--end-group 
C:\Program Files (x86)\Atollic\TrueSTUDIO for STM32 9.3.0\ide\jre\bin\java -jar C:\Program Files (x86)\Atollic\TrueSTUDIO for STM32 9.3.0\Tools\arm-atollic-reports.jar sizeinfo list application.elf 
Generate build reports...
Print size information
   text	   data	    bss	    dec	    hex	filename
 276736	   1924	   7216	 285876	  45cb4	application.elf
Print size information done
Generate listing file
Output sent to: application.list
Generate listing file done
Generate build reports done

01:37:27 Build Finished (took 18s.627ms)

