Archive member included to satisfy reference by file (symbol)

c:/program files (x86)/atollic/truestudio for stm32 9.3.0/armtools/bin/../lib/gcc/arm-atollic-eabi/6.3.1/../../../../arm-atollic-eabi/lib/armv7e-m/fpu\libc.a(lib_a-init.o)
                              src\startup_stm32l476xx.o (__libc_init_array)
c:/program files (x86)/atollic/truestudio for stm32 9.3.0/armtools/bin/../lib/gcc/arm-atollic-eabi/6.3.1/../../../../arm-atollic-eabi/lib/armv7e-m/fpu\libc.a(lib_a-strlen.o)
                              src\tiny_printf.o (strlen)
c:/program files (x86)/atollic/truestudio for stm32 9.3.0/armtools/bin/../lib/gcc/arm-atollic-eabi/6.3.1/armv7e-m/fpu\libgcc.a(_aeabi_uldivmod.o)
                              Drivers\STM32L4xx_HAL_Driver\Src\stm32l4xx_hal_uart.o (__aeabi_uldivmod)
c:/program files (x86)/atollic/truestudio for stm32 9.3.0/armtools/bin/../lib/gcc/arm-atollic-eabi/6.3.1/armv7e-m/fpu\libgcc.a(_udivmoddi4.o)
                              c:/program files (x86)/atollic/truestudio for stm32 9.3.0/armtools/bin/../lib/gcc/arm-atollic-eabi/6.3.1/armv7e-m/fpu\libgcc.a(_aeabi_uldivmod.o) (__udivmoddi4)
c:/program files (x86)/atollic/truestudio for stm32 9.3.0/armtools/bin/../lib/gcc/arm-atollic-eabi/6.3.1/armv7e-m/fpu\libgcc.a(_dvmd_tls.o)
                              c:/program files (x86)/atollic/truestudio for stm32 9.3.0/armtools/bin/../lib/gcc/arm-atollic-eabi/6.3.1/armv7e-m/fpu\libgcc.a(_aeabi_uldivmod.o) (__aeabi_ldiv0)
c:/program files (x86)/atollic/truestudio for stm32 9.3.0/armtools/bin/../lib/gcc/arm-atollic-eabi/6.3.1/../../../../arm-atollic-eabi/lib/armv7e-m/fpu\libnosys.a(write.o)
                              src\tiny_printf.o (_write)
c:/program files (x86)/atollic/truestudio for stm32 9.3.0/armtools/bin/../lib/gcc/arm-atollic-eabi/6.3.1/../../../../arm-atollic-eabi/lib/armv7e-m/fpu\libnosys.a(errno.o)
                              c:/program files (x86)/atollic/truestudio for stm32 9.3.0/armtools/bin/../lib/gcc/arm-atollic-eabi/6.3.1/../../../../arm-atollic-eabi/lib/armv7e-m/fpu\libnosys.a(write.o) (errno)

Allocating common symbols
Common symbol       size              file

errno               0x4               c:/program files (x86)/atollic/truestudio for stm32 9.3.0/armtools/bin/../lib/gcc/arm-atollic-eabi/6.3.1/../../../../arm-atollic-eabi/lib/armv7e-m/fpu\libnosys.a(errno.o)
uwTick              0x4               Drivers\STM32L4xx_HAL_Driver\Src\stm32l4xx_hal.o
TimHandle           0x4c              Drivers\STM32L4xx_HAL_Driver\Src\stm32l4xx_hal_timebase_tim_template.o

Discarded input sections

 .text          0x00000000        0x0 c:/program files (x86)/atollic/truestudio for stm32 9.3.0/armtools/bin/../lib/gcc/arm-atollic-eabi/6.3.1/armv7e-m/fpu/crti.o
 .data          0x00000000        0x0 c:/program files (x86)/atollic/truestudio for stm32 9.3.0/armtools/bin/../lib/gcc/arm-atollic-eabi/6.3.1/armv7e-m/fpu/crti.o
 .bss           0x00000000        0x0 c:/program files (x86)/atollic/truestudio for stm32 9.3.0/armtools/bin/../lib/gcc/arm-atollic-eabi/6.3.1/armv7e-m/fpu/crti.o
 .data          0x00000000        0x4 c:/program files (x86)/atollic/truestudio for stm32 9.3.0/armtools/bin/../lib/gcc/arm-atollic-eabi/6.3.1/armv7e-m/fpu/crtbegin.o
 .text          0x00000000        0x0 Drivers\STM32L4xx_HAL_Driver\Src\Legacy\stm32l4xx_hal_can.o
 .data          0x00000000        0x0 Drivers\STM32L4xx_HAL_Driver\Src\Legacy\stm32l4xx_hal_can.o
 .bss           0x00000000        0x0 Drivers\STM32L4xx_HAL_Driver\Src\Legacy\stm32l4xx_hal_can.o
 .debug_info    0x00000000      0x2a7 Drivers\STM32L4xx_HAL_Driver\Src\Legacy\stm32l4xx_hal_can.o
 .debug_abbrev  0x00000000       0xa9 Drivers\STM32L4xx_HAL_Driver\Src\Legacy\stm32l4xx_hal_can.o
 .debug_aranges
                0x00000000       0x18 Drivers\STM32L4xx_HAL_Driver\Src\Legacy\stm32l4xx_hal_can.o
 .debug_line    0x00000000      0x1d3 Drivers\STM32L4xx_HAL_Driver\Src\Legacy\stm32l4xx_hal_can.o
 .debug_str     0x00000000      0x473 Drivers\STM32L4xx_HAL_Driver\Src\Legacy\stm32l4xx_hal_can.o
 .comment       0x00000000       0x7d Drivers\STM32L4xx_HAL_Driver\Src\Legacy\stm32l4xx_hal_can.o
 .ARM.attributes
                0x00000000       0x39 Drivers\STM32L4xx_HAL_Driver\Src\Legacy\stm32l4xx_hal_can.o
 .text          0x00000000        0x0 Drivers\STM32L4xx_HAL_Driver\Src\stm32l4xx_hal.o
 .data          0x00000000        0x0 Drivers\STM32L4xx_HAL_Driver\Src\stm32l4xx_hal.o
 .bss           0x00000000        0x0 Drivers\STM32L4xx_HAL_Driver\Src\stm32l4xx_hal.o
 .text.HAL_DeInit
                0x00000000       0x68 Drivers\STM32L4xx_HAL_Driver\Src\stm32l4xx_hal.o
 .text.HAL_MspInit
                0x00000000        0xe Drivers\STM32L4xx_HAL_Driver\Src\stm32l4xx_hal.o
 .text.HAL_MspDeInit
                0x00000000        0xe Drivers\STM32L4xx_HAL_Driver\Src\stm32l4xx_hal.o
 .text.HAL_InitTick
                0x00000000       0x78 Drivers\STM32L4xx_HAL_Driver\Src\stm32l4xx_hal.o
 .text.HAL_GetTick
[...]
Memory Configuration

Name             Origin             Length             Attributes
FLASH            0x08000000         0x00100000         xr
RAM              0x20000000         0x00018000         xrw
RAM2             0x10000000         0x00008000         rw
MEMORY_B1        0x60000000         0x00000000         xr
*default*        0x00000000         0xffffffff

Linker script and memory map

LOAD c:/program files (x86)/atollic/truestudio for stm32 9.3.0/armtools/bin/../lib/gcc/arm-atollic-eabi/6.3.1/armv7e-m/fpu/crti.o
LOAD c:/program files (x86)/atollic/truestudio for stm32 9.3.0/armtools/bin/../lib/gcc/arm-atollic-eabi/6.3.1/armv7e-m/fpu/crtbegin.o
LOAD Drivers\STM32L4xx_HAL_Driver\Src\Legacy\stm32l4xx_hal_can.o
LOAD Drivers\STM32L4xx_HAL_Driver\Src\stm32l4xx_hal.o
LOAD Drivers\STM32L4xx_HAL_Driver\Src\stm32l4xx_hal_adc.o
LOAD Drivers\STM32L4xx_HAL_Driver\Src\stm32l4xx_hal_adc_ex.o
LOAD Drivers\STM32L4xx_HAL_Driver\Src\stm32l4xx_hal_can.o
LOAD Drivers\STM32L4xx_HAL_Driver\Src\stm32l4xx_hal_comp.o
LOAD Drivers\STM32L4xx_HAL_Driver\Src\stm32l4xx_hal_cortex.o
LOAD Drivers\STM32L4xx_HAL_Driver\Src\stm32l4xx_hal_crc.o
LOAD Drivers\STM32L4xx_HAL_Driver\Src\stm32l4xx_hal_crc_ex.o
LOAD Drivers\STM32L4xx_HAL_Driver\Src\stm32l4xx_hal_cryp.o
LOAD Drivers\STM32L4xx_HAL_Driver\Src\stm32l4xx_hal_cryp_ex.o
LOAD Drivers\STM32L4xx_HAL_Driver\Src\stm32l4xx_hal_dac.o
LOAD Drivers\STM32L4xx_HAL_Driver\Src\stm32l4xx_hal_dac_ex.o
LOAD Drivers\STM32L4xx_HAL_Driver\Src\stm32l4xx_hal_dcmi.o
LOAD Drivers\STM32L4xx_HAL_Driver\Src\stm32l4xx_hal_dfsdm.o
LOAD Drivers\STM32L4xx_HAL_Driver\Src\stm32l4xx_hal_dfsdm_ex.o
LOAD Drivers\STM32L4xx_HAL_Driver\Src\stm32l4xx_hal_dma.o
LOAD Drivers\STM32L4xx_HAL_Driver\Src\stm32l4xx_hal_dma2d.o
LOAD Drivers\STM32L4xx_HAL_Driver\Src\stm32l4xx_hal_dma_ex.o
LOAD Drivers\STM32L4xx_HAL_Driver\Src\stm32l4xx_hal_dsi.o
LOAD Drivers\STM32L4xx_HAL_Driver\Src\stm32l4xx_hal_exti.o
LOAD Drivers\STM32L4xx_HAL_Driver\Src\stm32l4xx_hal_firewall.o
LOAD Drivers\STM32L4xx_HAL_Driver\Src\stm32l4xx_hal_flash.o
LOAD Drivers\STM32L4xx_HAL_Driver\Src\stm32l4xx_hal_flash_ex.o
LOAD Drivers\STM32L4xx_HAL_Driver\Src\stm32l4xx_hal_flash_ramfunc.o
LOAD Drivers\STM32L4xx_HAL_Driver\Src\stm32l4xx_hal_gfxmmu.o
LOAD Drivers\STM32L4xx_HAL_Driver\Src\stm32l4xx_hal_gpio.o
LOAD Drivers\STM32L4xx_HAL_Driver\Src\stm32l4xx_hal_hash.o
LOAD Drivers\STM32L4xx_HAL_Driver\Src\stm32l4xx_hal_hash_ex.o
LOAD Drivers\STM32L4xx_HAL_Driver\Src\stm32l4xx_hal_hcd.o
LOAD Drivers\STM32L4xx_HAL_Driver\Src\stm32l4xx_hal_i2c.o
LOAD Drivers\STM32L4xx_HAL_Driver\Src\stm32l4xx_hal_i2c_ex.o
LOAD Drivers\STM32L4xx_HAL_Driver\Src\stm32l4xx_hal_irda.o
LOAD Drivers\STM32L4xx_HAL_Driver\Src\stm32l4xx_hal_iwdg.o
LOAD Drivers\STM32L4xx_HAL_Driver\Src\stm32l4xx_hal_lcd.o
LOAD Drivers\STM32L4xx_HAL_Driver\Src\stm32l4xx_hal_lptim.o
LOAD Drivers\STM32L4xx_HAL_Driver\Src\stm32l4xx_hal_ltdc.o
LOAD Drivers\STM32L4xx_HAL_Driver\Src\stm32l4xx_hal_ltdc_ex.o
LOAD Drivers\STM32L4xx_HAL_Driver\Src\stm32l4xx_hal_mmc.o
LOAD Drivers\STM32L4xx_HAL_Driver\Src\stm32l4xx_hal_mmc_ex.o
LOAD Drivers\STM32L4xx_HAL_Driver\Src\stm32l4xx_hal_msp_template.o
LOAD Drivers\STM32L4xx_HAL_Driver\Src\stm32l4xx_hal_nand.o
LOAD Drivers\STM32L4xx_HAL_Driver\Src\stm32l4xx_hal_nor.o
LOAD Drivers\STM32L4xx_HAL_Driver\Src\stm32l4xx_hal_opamp.o
LOAD Drivers\STM32L4xx_HAL_Driver\Src\stm32l4xx_hal_opamp_ex.o
LOAD Drivers\STM32L4xx_HAL_Driver\Src\stm32l4xx_hal_ospi.o
LOAD Drivers\STM32L4xx_HAL_Driver\Src\stm32l4xx_hal_pcd.o
LOAD Drivers\STM32L4xx_HAL_Driver\Src\stm32l4xx_hal_pcd_ex.o
LOAD Drivers\STM32L4xx_HAL_Driver\Src\stm32l4xx_hal_pka.o
LOAD Drivers\STM32L4xx_HAL_Driver\Src\stm32l4xx_hal_pssi.o
LOAD Drivers\STM32L4xx_HAL_Driver\Src\stm32l4xx_hal_pwr.o
LOAD Drivers\STM32L4xx_HAL_Driver\Src\stm32l4xx_hal_pwr_ex.o
LOAD Drivers\STM32L4xx_HAL_Driver\Src\stm32l4xx_hal_qspi.o
LOAD Drivers\STM32L4xx_HAL_Driver\Src\stm32l4xx_hal_rcc.o
LOAD Drivers\STM32L4xx_HAL_Driver\Src\stm32l4xx_hal_rcc_ex.o
LOAD Drivers\STM32L4xx_HAL_Driver\Src\stm32l4xx_hal_rng.o
LOAD Drivers\STM32L4xx_HAL_Driver\Src\stm32l4xx_hal_rng_ex.o
LOAD Drivers\STM32L4xx_HAL_Driver\Src\stm32l4xx_hal_rtc.o
LOAD Drivers\STM32L4xx_HAL_Driver\Src\stm32l4xx_hal_rtc_ex.o
LOAD Drivers\STM32L4xx_HAL_Driver\Src\stm32l4xx_hal_sai.o
LOAD Drivers\STM32L4xx_HAL_Driver\Src\stm32l4xx_hal_sai_ex.o
LOAD Drivers\STM32L4xx_HAL_Driver\Src\stm32l4xx_hal_sd.o
LOAD Drivers\STM32L4xx_HAL_Driver\Src\stm32l4xx_hal_sd_ex.o
LOAD Drivers\STM32L4xx_HAL_Driver\Src\stm32l4xx_hal_smartcard.o
LOAD Drivers\STM32L4xx_HAL_Driver\Src\stm32l4xx_hal_smartcard_ex.o
LOAD Drivers\STM32L4xx_HAL_Driver\Src\stm32l4xx_hal_smbus.o
LOAD Drivers\STM32L4xx_HAL_Driver\Src\stm32l4xx_hal_smbus_ex.o
LOAD Drivers\STM32L4xx_HAL_Driver\Src\stm32l4xx_hal_spi.o
LOAD Drivers\STM32L4xx_HAL_Driver\Src\stm32l4xx_hal_spi_ex.o
LOAD Drivers\STM32L4xx_HAL_Driver\Src\stm32l4xx_hal_sram.o
LOAD Drivers\STM32L4xx_HAL_Driver\Src\stm32l4xx_hal_swpmi.o
LOAD Drivers\STM32L4xx_HAL_Driver\Src\stm32l4xx_hal_tim.o
LOAD Drivers\STM32L4xx_HAL_Driver\Src\stm32l4xx_hal_tim_ex.o
LOAD Drivers\STM32L4xx_HAL_Driver\Src\stm32l4xx_hal_timebase_tim_template.o
LOAD Drivers\STM32L4xx_HAL_Driver\Src\stm32l4xx_hal_tsc.o
LOAD Drivers\STM32L4xx_HAL_Driver\Src\stm32l4xx_hal_uart.o
LOAD Drivers\STM32L4xx_HAL_Driver\Src\stm32l4xx_hal_uart_ex.o
LOAD Drivers\STM32L4xx_HAL_Driver\Src\stm32l4xx_hal_usart.o
LOAD Drivers\STM32L4xx_HAL_Driver\Src\stm32l4xx_hal_usart_ex.o
LOAD Drivers\STM32L4xx_HAL_Driver\Src\stm32l4xx_hal_wwdg.o
LOAD Drivers\STM32L4xx_HAL_Driver\Src\stm32l4xx_ll_adc.o
LOAD Drivers\STM32L4xx_HAL_Driver\Src\stm32l4xx_ll_comp.o
LOAD Drivers\STM32L4xx_HAL_Driver\Src\stm32l4xx_ll_crc.o
LOAD Drivers\STM32L4xx_HAL_Driver\Src\stm32l4xx_ll_crs.o
LOAD Drivers\STM32L4xx_HAL_Driver\Src\stm32l4xx_ll_dac.o
LOAD Drivers\STM32L4xx_HAL_Driver\Src\stm32l4xx_ll_dma.o
LOAD Drivers\STM32L4xx_HAL_Driver\Src\stm32l4xx_ll_dma2d.o
LOAD Drivers\STM32L4xx_HAL_Driver\Src\stm32l4xx_ll_exti.o
LOAD Drivers\STM32L4xx_HAL_Driver\Src\stm32l4xx_ll_fmc.o
LOAD Drivers\STM32L4xx_HAL_Driver\Src\stm32l4xx_ll_gpio.o
LOAD Drivers\STM32L4xx_HAL_Driver\Src\stm32l4xx_ll_i2c.o
LOAD Drivers\STM32L4xx_HAL_Driver\Src\stm32l4xx_ll_lptim.o
LOAD Drivers\STM32L4xx_HAL_Driver\Src\stm32l4xx_ll_lpuart.o
LOAD Drivers\STM32L4xx_HAL_Driver\Src\stm32l4xx_ll_opamp.o
LOAD Drivers\STM32L4xx_HAL_Driver\Src\stm32l4xx_ll_pka.o
LOAD Drivers\STM32L4xx_HAL_Driver\Src\stm32l4xx_ll_pwr.o
LOAD Drivers\STM32L4xx_HAL_Driver\Src\stm32l4xx_ll_rcc.o
LOAD Drivers\STM32L4xx_HAL_Driver\Src\stm32l4xx_ll_rng.o
LOAD Drivers\STM32L4xx_HAL_Driver\Src\stm32l4xx_ll_rtc.o
LOAD Drivers\STM32L4xx_HAL_Driver\Src\stm32l4xx_ll_sdmmc.o
LOAD Drivers\STM32L4xx_HAL_Driver\Src\stm32l4xx_ll_spi.o
LOAD Drivers\STM32L4xx_HAL_Driver\Src\stm32l4xx_ll_swpmi.o
LOAD Drivers\STM32L4xx_HAL_Driver\Src\stm32l4xx_ll_tim.o
LOAD Drivers\STM32L4xx_HAL_Driver\Src\stm32l4xx_ll_usart.o
LOAD Drivers\STM32L4xx_HAL_Driver\Src\stm32l4xx_ll_usb.o
LOAD Drivers\STM32L4xx_HAL_Driver\Src\stm32l4xx_ll_utils.o
LOAD src\main.o
LOAD src\startup_stm32l476xx.o
LOAD src\system_stm32l4xx.o
LOAD src\tiny_printf.o
                0x00001000                malloc_getpagesize_P = 0x1000
START GROUP
LOAD c:/program files (x86)/atollic/truestudio for stm32 9.3.0/armtools/bin/../lib/gcc/arm-atollic-eabi/6.3.1/../../../../arm-atollic-eabi/lib/armv7e-m/fpu\libc.a
LOAD c:/program files (x86)/atollic/truestudio for stm32 9.3.0/armtools/bin/../lib/gcc/arm-atollic-eabi/6.3.1/../../../../arm-atollic-eabi/lib/armv7e-m/fpu\libm.a
LOAD c:/program files (x86)/atollic/truestudio for stm32 9.3.0/armtools/bin/../lib/gcc/arm-atollic-eabi/6.3.1/../../../../arm-atollic-eabi/lib/armv7e-m/fpu\libstdc++.a
LOAD c:/program files (x86)/atollic/truestudio for stm32 9.3.0/armtools/bin/../lib/gcc/arm-atollic-eabi/6.3.1/../../../../arm-atollic-eabi/lib/armv7e-m/fpu\libsupc++.a
END GROUP
START GROUP
LOAD c:/program files (x86)/atollic/truestudio for stm32 9.3.0/armtools/bin/../lib/gcc/arm-atollic-eabi/6.3.1/armv7e-m/fpu\libgcc.a
LOAD c:/program files (x86)/atollic/truestudio for stm32 9.3.0/armtools/bin/../lib/gcc/arm-atollic-eabi/6.3.1/../../../../arm-atollic-eabi/lib/armv7e-m/fpu\libc.a
END GROUP
START GROUP
LOAD c:/program files (x86)/atollic/truestudio for stm32 9.3.0/armtools/bin/../lib/gcc/arm-atollic-eabi/6.3.1/armv7e-m/fpu\libgcc.a
LOAD c:/program files (x86)/atollic/truestudio for stm32 9.3.0/armtools/bin/../lib/gcc/arm-atollic-eabi/6.3.1/../../../../arm-atollic-eabi/lib/armv7e-m/fpu\libc.a
LOAD c:/program files (x86)/atollic/truestudio for stm32 9.3.0/armtools/bin/../lib/gcc/arm-atollic-eabi/6.3.1/../../../../arm-atollic-eabi/lib/armv7e-m/fpu\libnosys.a
END GROUP
LOAD c:/program files (x86)/atollic/truestudio for stm32 9.3.0/armtools/bin/../lib/gcc/arm-atollic-eabi/6.3.1/armv7e-m/fpu/crtend.o
LOAD c:/program files (x86)/atollic/truestudio for stm32 9.3.0/armtools/bin/../lib/gcc/arm-atollic-eabi/6.3.1/armv7e-m/fpu/crtn.o
                0x20018000                _estack = 0x20018000
                0x00000000                _Min_Heap_Size = 0x0
                0x00000400                _Min_Stack_Size = 0x400

.isr_vector     0x08000000      0x188
                0x08000000                . = ALIGN (0x4)
 *(.isr_vector)
 .isr_vector    0x08000000      0x188 src\startup_stm32l476xx.o
                0x08000000                g_pfnVectors
                0x08000188                . = ALIGN (0x4)

.text           0x08000188      0xea4
                0x08000188                . = ALIGN (0x4)
 *(.text)
 .text          0x08000188       0x40 c:/program files (x86)/atollic/truestudio for stm32 9.3.0/armtools/bin/../lib/gcc/arm-atollic-eabi/6.3.1/armv7e-m/fpu/crtbegin.o
 *(.text*)
 .text.HAL_Init
                0x080001c8       0x30 Drivers\STM32L4xx_HAL_Driver\Src\stm32l4xx_hal.o
                0x080001c8                HAL_Init
 .text.HAL_IncTick
                0x080001f8       0x28 Drivers\STM32L4xx_HAL_Driver\Src\stm32l4xx_hal.o
                0x080001f8                HAL_IncTick
 .text.NVIC_SetPriorityGrouping
                0x08000220       0x48 Drivers\STM32L4xx_HAL_Driver\Src\stm32l4xx_hal_cortex.o
 .text.NVIC_GetPriorityGrouping
                0x08000268       0x1c Drivers\STM32L4xx_HAL_Driver\Src\stm32l4xx_hal_cortex.o
 .text.NVIC_EnableIRQ
                0x08000284       0x34 Drivers\STM32L4xx_HAL_Driver\Src\stm32l4xx_hal_cortex.o
 .text.NVIC_SetPriority
                0x080002b8       0x54 Drivers\STM32L4xx_HAL_Driver\Src\stm32l4xx_hal_cortex.o
 .text.NVIC_EncodePriority
                0x0800030c       0x62 Drivers\STM32L4xx_HAL_Driver\Src\stm32l4xx_hal_cortex.o
 .text.HAL_NVIC_SetPriorityGrouping
                0x0800036e       0x16 Drivers\STM32L4xx_HAL_Driver\Src\stm32l4xx_hal_cortex.o
                0x0800036e                HAL_NVIC_SetPriorityGrouping
 .text.HAL_NVIC_SetPriority
                0x08000384       0x38 Drivers\STM32L4xx_HAL_Driver\Src\stm32l4xx_hal_cortex.o
                0x08000384                HAL_NVIC_SetPriority
 .text.HAL_NVIC_EnableIRQ
                0x080003bc       0x1c Drivers\STM32L4xx_HAL_Driver\Src\stm32l4xx_hal_cortex.o
                0x080003bc                HAL_NVIC_EnableIRQ
 .text.HAL_GPIO_Init
                0x080003d8      0x350 Drivers\STM32L4xx_HAL_Driver\Src\stm32l4xx_hal_gpio.o
                0x080003d8                HAL_GPIO_Init
 .text.HAL_MspInit
                0x08000728        0xe Drivers\STM32L4xx_HAL_Driver\Src\stm32l4xx_hal_msp_template.o
                0x08000728                HAL_MspInit
 *fill*         0x08000736        0x2 
 .text.HAL_RCC_GetHCLKFreq
                0x08000738       0x18 Drivers\STM32L4xx_HAL_Driver\Src\stm32l4xx_hal_rcc.o
                0x08000738                HAL_RCC_GetHCLKFreq
 .text.HAL_RCC_GetPCLK1Freq
                0x08000750       0x2c Drivers\STM32L4xx_HAL_Driver\Src\stm32l4xx_hal_rcc.o
                0x08000750                HAL_RCC_GetPCLK1Freq
 .text.HAL_RCC_GetClockConfig
                0x0800077c       0x64 Drivers\STM32L4xx_HAL_Driver\Src\stm32l4xx_hal_rcc.o
                0x0800077c                HAL_RCC_GetClockConfig
 .text.HAL_TIM_Base_Init
                0x080007e0       0xae Drivers\STM32L4xx_HAL_Driver\Src\stm32l4xx_hal_tim.o
                0x080007e0                HAL_TIM_Base_Init
 .text.HAL_TIM_Base_MspInit
                0x0800088e       0x14 Drivers\STM32L4xx_HAL_Driver\Src\stm32l4xx_hal_tim.o
                0x0800088e                HAL_TIM_Base_MspInit
 *fill*         0x080008a2        0x2 
 .text.HAL_TIM_Base_Start_IT
                0x080008a4       0xe0 Drivers\STM32L4xx_HAL_Driver\Src\stm32l4xx_hal_tim.o
                0x080008a4                HAL_TIM_Base_Start_IT
 .text.HAL_TIM_IRQHandler
                0x08000984      0x23e Drivers\STM32L4xx_HAL_Driver\Src\stm32l4xx_hal_tim.o
                0x08000984                HAL_TIM_IRQHandler
 .text.HAL_TIM_OC_DelayElapsedCallback
                0x08000bc2       0x14 Drivers\STM32L4xx_HAL_Driver\Src\stm32l4xx_hal_tim.o
                0x08000bc2                HAL_TIM_OC_DelayElapsedCallback
 .text.HAL_TIM_IC_CaptureCallback
                0x08000bd6       0x14 Drivers\STM32L4xx_HAL_Driver\Src\stm32l4xx_hal_tim.o
                0x08000bd6                HAL_TIM_IC_CaptureCallback
 .text.HAL_TIM_PWM_PulseFinishedCallback
                0x08000bea       0x14 Drivers\STM32L4xx_HAL_Driver\Src\stm32l4xx_hal_tim.o
                0x08000bea                HAL_TIM_PWM_PulseFinishedCallback
 .text.HAL_TIM_TriggerCallback
                0x08000bfe       0x14 Drivers\STM32L4xx_HAL_Driver\Src\stm32l4xx_hal_tim.o
                0x08000bfe                HAL_TIM_TriggerCallback
 *fill*         0x08000c12        0x2 
 .text.TIM_Base_SetConfig
                0x08000c14      0x134 Drivers\STM32L4xx_HAL_Driver\Src\stm32l4xx_hal_tim.o
                0x08000c14                TIM_Base_SetConfig
 .text.HAL_TIMEx_CommutCallback
                0x08000d48       0x14 Drivers\STM32L4xx_HAL_Driver\Src\stm32l4xx_hal_tim_ex.o
                0x08000d48                HAL_TIMEx_CommutCallback
 .text.HAL_TIMEx_BreakCallback
                0x08000d5c       0x14 Drivers\STM32L4xx_HAL_Driver\Src\stm32l4xx_hal_tim_ex.o
                0x08000d5c                HAL_TIMEx_BreakCallback
 .text.HAL_TIMEx_Break2Callback
                0x08000d70       0x14 Drivers\STM32L4xx_HAL_Driver\Src\stm32l4xx_hal_tim_ex.o
                0x08000d70                HAL_TIMEx_Break2Callback
 .text.HAL_InitTick
                0x08000d84      0x108 Drivers\STM32L4xx_HAL_Driver\Src\stm32l4xx_hal_timebase_tim_template.o
                0x08000d84                HAL_InitTick
 .text.HAL_TIM_PeriodElapsedCallback
                0x08000e8c       0x14 Drivers\STM32L4xx_HAL_Driver\Src\stm32l4xx_hal_timebase_tim_template.o
                0x08000e8c                HAL_TIM_PeriodElapsedCallback
 .text.TIM6_DAC_IRQHandler
                0x08000ea0       0x14 Drivers\STM32L4xx_HAL_Driver\Src\stm32l4xx_hal_timebase_tim_template.o
                0x08000ea0                TIM6_DAC_IRQHandler
 .text.main     0x08000eb4       0x58 src\main.o
                0x08000eb4                main
 .text.Reset_Handler
                0x08000f0c       0x50 src\startup_stm32l476xx.o
                0x08000f0c                Reset_Handler
 .text.Default_Handler
                0x08000f5c        0x2 src\startup_stm32l476xx.o
                0x08000f5c                RTC_Alarm_IRQHandler
                0x08000f5c                EXTI2_IRQHandler
                0x08000f5c                TIM8_TRG_COM_IRQHandler
                0x08000f5c                TIM8_CC_IRQHandler
                0x08000f5c                DebugMon_Handler
                0x08000f5c                TIM1_CC_IRQHandler
                0x08000f5c                TSC_IRQHandler
                0x08000f5c                HardFault_Handler
                0x08000f5c                SysTick_Handler
                0x08000f5c                TAMP_STAMP_IRQHandler
                0x08000f5c                PendSV_Handler
                0x08000f5c                NMI_Handler
                0x08000f5c                EXTI3_IRQHandler
                0x08000f5c                LPTIM2_IRQHandler
                0x08000f5c                DFSDM1_FLT1_IRQHandler
                0x08000f5c                I2C3_ER_IRQHandler
                0x08000f5c                DFSDM1_FLT2_IRQHandler
                0x08000f5c                EXTI0_IRQHandler
                0x08000f5c                I2C2_EV_IRQHandler
                0x08000f5c                CAN1_RX0_IRQHandler
                0x08000f5c                FPU_IRQHandler
                0x08000f5c                TIM1_UP_TIM16_IRQHandler
                0x08000f5c                UsageFault_Handler
                0x08000f5c                ADC1_2_IRQHandler
                0x08000f5c                SPI1_IRQHandler
                0x08000f5c                TIM8_UP_IRQHandler
                0x08000f5c                DMA2_Channel2_IRQHandler
                0x08000f5c                DMA1_Channel4_IRQHandler
                0x08000f5c                SAI2_IRQHandler
                0x08000f5c                DFSDM1_FLT3_IRQHandler
                0x08000f5c                USART3_IRQHandler
                0x08000f5c                DMA1_Channel7_IRQHandler
                0x08000f5c                CAN1_RX1_IRQHandler
                0x08000f5c                LCD_IRQHandler
                0x08000f5c                UART5_IRQHandler
                0x08000f5c                ADC3_IRQHandler
                0x08000f5c                TIM4_IRQHandler
                0x08000f5c                DMA2_Channel1_IRQHandler
                0x08000f5c                QUADSPI_IRQHandler
                0x08000f5c                I2C1_EV_IRQHandler
                0x08000f5c                DMA1_Channel6_IRQHandler
                0x08000f5c                UART4_IRQHandler
                0x08000f5c                DMA2_Channel4_IRQHandler
                0x08000f5c                TIM3_IRQHandler
                0x08000f5c                RCC_IRQHandler
                0x08000f5c                DMA1_Channel1_IRQHandler
                0x08000f5c                Default_Handler
                0x08000f5c                DMA2_Channel7_IRQHandler
                0x08000f5c                EXTI15_10_IRQHandler
                0x08000f5c                TIM7_IRQHandler
                0x08000f5c                SDMMC1_IRQHandler
                0x08000f5c                TIM5_IRQHandler
                0x08000f5c                I2C3_EV_IRQHandler
                0x08000f5c                EXTI9_5_IRQHandler
                0x08000f5c                RTC_WKUP_IRQHandler
                0x08000f5c                PVD_PVM_IRQHandler
                0x08000f5c                SPI2_IRQHandler
                0x08000f5c                MemManage_Handler
                0x08000f5c                CAN1_TX_IRQHandler
                0x08000f5c                SVC_Handler
                0x08000f5c                DMA2_Channel5_IRQHandler
                0x08000f5c                DMA1_Channel5_IRQHandler
                0x08000f5c                EXTI4_IRQHandler
                0x08000f5c                RNG_IRQHandler
                0x08000f5c                TIM1_TRG_COM_TIM17_IRQHandler
                0x08000f5c                DMA1_Channel3_IRQHandler
                0x08000f5c                COMP_IRQHandler
                0x08000f5c                WWDG_IRQHandler
                0x08000f5c                LPUART1_IRQHandler
                0x08000f5c                DMA2_Channel6_IRQHandler
                0x08000f5c                TIM2_IRQHandler
                0x08000f5c                EXTI1_IRQHandler
                0x08000f5c                USART2_IRQHandler
                0x08000f5c                DFSDM1_FLT0_IRQHandler
                0x08000f5c                I2C2_ER_IRQHandler
                0x08000f5c                DMA1_Channel2_IRQHandler
                0x08000f5c                TIM8_BRK_IRQHandler
                0x08000f5c                CAN1_SCE_IRQHandler
                0x08000f5c                FLASH_IRQHandler
                0x08000f5c                BusFault_Handler
                0x08000f5c                USART1_IRQHandler
                0x08000f5c                OTG_FS_IRQHandler
                0x08000f5c                SPI3_IRQHandler
                0x08000f5c                I2C1_ER_IRQHandler
                0x08000f5c                FMC_IRQHandler
                0x08000f5c                SWPMI1_IRQHandler
                0x08000f5c                LPTIM1_IRQHandler
                0x08000f5c                SAI1_IRQHandler
                0x08000f5c                DMA2_Channel3_IRQHandler
                0x08000f5c                TIM1_BRK_TIM15_IRQHandler
 *fill*         0x08000f5e        0x2 
 .text.SystemInit
                0x08000f60       0x6c src\system_stm32l4xx.o
                0x08000f60                SystemInit
 .text.__libc_init_array
                0x08000fcc       0x48 c:/program files (x86)/atollic/truestudio for stm32 9.3.0/armtools/bin/../lib/gcc/arm-atollic-eabi/6.3.1/../../../../arm-atollic-eabi/lib/armv7e-m/fpu\libc.a(lib_a-init.o)
                0x08000fcc                __libc_init_array
 *(.glue_7)
 .glue_7        0x08001014        0x0 linker stubs
 *(.glue_7t)
 .glue_7t       0x08001014        0x0 linker stubs
 *(.eh_frame)
 .eh_frame      0x08001014        0x0 c:/program files (x86)/atollic/truestudio for stm32 9.3.0/armtools/bin/../lib/gcc/arm-atollic-eabi/6.3.1/armv7e-m/fpu/crtbegin.o
 *(.init)
 .init          0x08001014        0x4 c:/program files (x86)/atollic/truestudio for stm32 9.3.0/armtools/bin/../lib/gcc/arm-atollic-eabi/6.3.1/armv7e-m/fpu/crti.o
                0x08001014                _init
 .init          0x08001018        0x8 c:/program files (x86)/atollic/truestudio for stm32 9.3.0/armtools/bin/../lib/gcc/arm-atollic-eabi/6.3.1/armv7e-m/fpu/crtn.o
 *(.fini)
 .fini          0x08001020        0x4 c:/program files (x86)/atollic/truestudio for stm32 9.3.0/armtools/bin/../lib/gcc/arm-atollic-eabi/6.3.1/armv7e-m/fpu/crti.o
                0x08001020                _fini
 .fini          0x08001024        0x8 c:/program files (x86)/atollic/truestudio for stm32 9.3.0/armtools/bin/../lib/gcc/arm-atollic-eabi/6.3.1/armv7e-m/fpu/crtn.o
                0x0800102c                . = ALIGN (0x4)
                0x0800102c                _etext = .

.vfp11_veneer   0x0800102c        0x0
 .vfp11_veneer  0x0800102c        0x0 linker stubs

.v4_bx          0x0800102c        0x0
 .v4_bx         0x0800102c        0x0 linker stubs

.iplt           0x0800102c        0x0
 .iplt          0x0800102c        0x0 c:/program files (x86)/atollic/truestudio for stm32 9.3.0/armtools/bin/../lib/gcc/arm-atollic-eabi/6.3.1/armv7e-m/fpu/crtbegin.o

.rodata         0x0800102c        0x8
                0x0800102c                . = ALIGN (0x4)
 *(.rodata)
 *(.rodata*)
 .rodata.APBPrescTable
                0x0800102c        0x8 src\system_stm32l4xx.o
                0x0800102c                APBPrescTable
                0x08001034                . = ALIGN (0x4)

.rel.dyn        0x08001034        0x0
 .rel.iplt      0x08001034        0x0 c:/program files (x86)/atollic/truestudio for stm32 9.3.0/armtools/bin/../lib/gcc/arm-atollic-eabi/6.3.1/armv7e-m/fpu/crtbegin.o

.ARM.extab
 *(.ARM.extab* .gnu.linkonce.armextab.*)

.ARM            0x08001034        0x0
                0x08001034                __exidx_start = .
 *(.ARM.exidx*)
                0x08001034                __exidx_end = .

.preinit_array  0x08001034        0x0
                0x08001034                PROVIDE (__preinit_array_start, .)
 *(.preinit_array*)
                0x08001034                PROVIDE (__preinit_array_end, .)

.init_array     0x08001034        0x4
                0x08001034                PROVIDE (__init_array_start, .)
 *(SORT(.init_array.*))
 *(.init_array*)
 .init_array    0x08001034        0x4 c:/program files (x86)/atollic/truestudio for stm32 9.3.0/armtools/bin/../lib/gcc/arm-atollic-eabi/6.3.1/armv7e-m/fpu/crtbegin.o
                0x08001038                PROVIDE (__init_array_end, .)

.fini_array     0x08001038        0x4
                [!provide]                PROVIDE (__fini_array_start, .)
 *(SORT(.fini_array.*))
 *(.fini_array*)
 .fini_array    0x08001038        0x4 c:/program files (x86)/atollic/truestudio for stm32 9.3.0/armtools/bin/../lib/gcc/arm-atollic-eabi/6.3.1/armv7e-m/fpu/crtbegin.o
                [!provide]                PROVIDE (__fini_array_end, .)
                0x0800103c                _sidata = LOADADDR (.data)

.data           0x20000000        0xc load address 0x0800103c
                0x20000000                . = ALIGN (0x4)
                0x20000000                _sdata = .
 *(.data)
 *(.data*)
 .data.uwTickPrio
                0x20000000        0x4 Drivers\STM32L4xx_HAL_Driver\Src\stm32l4xx_hal.o
                0x20000000                uwTickPrio
 .data.uwTickFreq
                0x20000004        0x1 Drivers\STM32L4xx_HAL_Driver\Src\stm32l4xx_hal.o
                0x20000004                uwTickFreq
 *fill*         0x20000005        0x3 
 .data.SystemCoreClock
                0x20000008        0x4 src\system_stm32l4xx.o
                0x20000008                SystemCoreClock
                0x2000000c                . = ALIGN (0x4)
                0x2000000c                _edata = .
                0x08001048                _siram2 = LOADADDR (.ram2)

.igot.plt       0x2000000c        0x0 load address 0x08001048
 .igot.plt      0x2000000c        0x0 c:/program files (x86)/atollic/truestudio for stm32 9.3.0/armtools/bin/../lib/gcc/arm-atollic-eabi/6.3.1/armv7e-m/fpu/crtbegin.o

.ram2           0x10000000        0x0 load address 0x08001048
                0x10000000                . = ALIGN (0x4)
                0x10000000                _sram2 = .
 *(.ram2)
 *(.ram2*)
                0x10000000                . = ALIGN (0x4)
                0x10000000                _eram2 = .
                0x10000000                . = ALIGN (0x4)

.bss            0x2000000c       0x80
                0x2000000c                _sbss = .
                0x2000000c                __bss_start__ = _sbss
 *(.bss)
 .bss           0x2000000c       0x1c c:/program files (x86)/atollic/truestudio for stm32 9.3.0/armtools/bin/../lib/gcc/arm-atollic-eabi/6.3.1/armv7e-m/fpu/crtbegin.o
 *(.bss*)
 .bss.init      0x20000028       0x14 src\main.o
 *(COMMON)
 COMMON         0x2000003c        0x4 Drivers\STM32L4xx_HAL_Driver\Src\stm32l4xx_hal.o
                0x2000003c                uwTick
 COMMON         0x20000040       0x4c Drivers\STM32L4xx_HAL_Driver\Src\stm32l4xx_hal_timebase_tim_template.o
                0x20000040                TimHandle
                0x2000008c                . = ALIGN (0x4)
                0x2000008c                _ebss = .
                0x2000008c                __bss_end__ = _ebss

._user_heap_stack
                0x2000008c      0x400
                0x2000008c                . = ALIGN (0x4)
                [!provide]                PROVIDE (end, .)
                [!provide]                PROVIDE (_end, .)
                0x2000008c                . = (. + _Min_Heap_Size)
                0x2000048c                . = (. + _Min_Stack_Size)
 *fill*         0x2000008c      0x400 
                0x2000048c                . = ALIGN (0x4)

.memory_b1_text
 *(.mb1text)
 *(.mb1text*)
 *(.mb1rodata)
 *(.mb1rodata*)

/DISCARD/
 libc.a(*)
 libm.a(*)
 libgcc.a(*)

.ARM.attributes
                0x00000000       0x30
 *(.ARM.attributes)
 .ARM.attributes
                0x00000000       0x22 c:/program files (x86)/atollic/truestudio for stm32 9.3.0/armtools/bin/../lib/gcc/arm-atollic-eabi/6.3.1/armv7e-m/fpu/crti.o
 .ARM.attributes
                0x00000022       0x34 c:/program files (x86)/atollic/truestudio for stm32 9.3.0/armtools/bin/../lib/gcc/arm-atollic-eabi/6.3.1/armv7e-m/fpu/crtbegin.o
 .ARM.attributes
                0x00000056       0x39 Drivers\STM32L4xx_HAL_Driver\Src\stm32l4xx_hal.o
 .ARM.attributes
                0x0000008f       0x39 Drivers\STM32L4xx_HAL_Driver\Src\stm32l4xx_hal_cortex.o
 .ARM.attributes
                0x000000c8       0x39 Drivers\STM32L4xx_HAL_Driver\Src\stm32l4xx_hal_gpio.o
 .ARM.attributes
                0x00000101       0x39 Drivers\STM32L4xx_HAL_Driver\Src\stm32l4xx_hal_msp_template.o
 .ARM.attributes
                0x0000013a       0x39 Drivers\STM32L4xx_HAL_Driver\Src\stm32l4xx_hal_rcc.o
 .ARM.attributes
                0x00000173       0x39 Drivers\STM32L4xx_HAL_Driver\Src\stm32l4xx_hal_tim.o
 .ARM.attributes
                0x000001ac       0x39 Drivers\STM32L4xx_HAL_Driver\Src\stm32l4xx_hal_tim_ex.o
 .ARM.attributes
                0x000001e5       0x39 Drivers\STM32L4xx_HAL_Driver\Src\stm32l4xx_hal_timebase_tim_template.o
 .ARM.attributes
                0x0000021e       0x39 src\main.o
 .ARM.attributes
                0x00000257       0x21 src\startup_stm32l476xx.o
 .ARM.attributes
                0x00000278       0x39 src\system_stm32l4xx.o
 .ARM.attributes
                0x000002b1       0x34 c:/program files (x86)/atollic/truestudio for stm32 9.3.0/armtools/bin/../lib/gcc/arm-atollic-eabi/6.3.1/../../../../arm-atollic-eabi/lib/armv7e-m/fpu\libc.a(lib_a-init.o)
 .ARM.attributes
                0x000002e5       0x22 c:/program files (x86)/atollic/truestudio for stm32 9.3.0/armtools/bin/../lib/gcc/arm-atollic-eabi/6.3.1/armv7e-m/fpu/crtn.o
OUTPUT(bootloader.elf elf32-littlearm)

.debug_info     0x00000000     0x92d9
 .debug_info    0x00000000      0xc1d Drivers\STM32L4xx_HAL_Driver\Src\stm32l4xx_hal.o
 .debug_info    0x00000c1d      0xf63 Drivers\STM32L4xx_HAL_Driver\Src\stm32l4xx_hal_cortex.o
 .debug_info    0x00001b80      0x9be Drivers\STM32L4xx_HAL_Driver\Src\stm32l4xx_hal_gpio.o
 .debug_info    0x0000253e      0x2f3 Drivers\STM32L4xx_HAL_Driver\Src\stm32l4xx_hal_msp_template.o
 .debug_info    0x00002831      0xd56 Drivers\STM32L4xx_HAL_Driver\Src\stm32l4xx_hal_rcc.o
 .debug_info    0x00003587     0x2be1 Drivers\STM32L4xx_HAL_Driver\Src\stm32l4xx_hal_tim.o
 .debug_info    0x00006168     0x175e Drivers\STM32L4xx_HAL_Driver\Src\stm32l4xx_hal_tim_ex.o
 .debug_info    0x000078c6      0xdc0 Drivers\STM32L4xx_HAL_Driver\Src\stm32l4xx_hal_timebase_tim_template.o
 .debug_info    0x00008686      0x61d src\main.o
 .debug_info    0x00008ca3       0x80 src\startup_stm32l476xx.o
 .debug_info    0x00008d23      0x5b6 src\system_stm32l4xx.o

.debug_abbrev   0x00000000     0x1226
 .debug_abbrev  0x00000000      0x1f6 Drivers\STM32L4xx_HAL_Driver\Src\stm32l4xx_hal.o
 .debug_abbrev  0x000001f6      0x2da Drivers\STM32L4xx_HAL_Driver\Src\stm32l4xx_hal_cortex.o
 .debug_abbrev  0x000004d0      0x1bb Drivers\STM32L4xx_HAL_Driver\Src\stm32l4xx_hal_gpio.o
 .debug_abbrev  0x0000068b       0xc5 Drivers\STM32L4xx_HAL_Driver\Src\stm32l4xx_hal_msp_template.o
 .debug_abbrev  0x00000750      0x240 Drivers\STM32L4xx_HAL_Driver\Src\stm32l4xx_hal_rcc.o
 .debug_abbrev  0x00000990      0x229 Drivers\STM32L4xx_HAL_Driver\Src\stm32l4xx_hal_tim.o
 .debug_abbrev  0x00000bb9      0x22f Drivers\STM32L4xx_HAL_Driver\Src\stm32l4xx_hal_tim_ex.o
 .debug_abbrev  0x00000de8      0x1c8 Drivers\STM32L4xx_HAL_Driver\Src\stm32l4xx_hal_timebase_tim_template.o
 .debug_abbrev  0x00000fb0      0x135 src\main.o
 .debug_abbrev  0x000010e5       0x12 src\startup_stm32l476xx.o
 .debug_abbrev  0x000010f7      0x12f src\system_stm32l4xx.o

.debug_aranges  0x00000000      0x978
 .debug_aranges
                0x00000000      0x130 Drivers\STM32L4xx_HAL_Driver\Src\stm32l4xx_hal.o
 .debug_aranges
                0x00000130      0x118 Drivers\STM32L4xx_HAL_Driver\Src\stm32l4xx_hal_cortex.o
 .debug_aranges
                0x00000248       0x58 Drivers\STM32L4xx_HAL_Driver\Src\stm32l4xx_hal_gpio.o
 .debug_aranges
                0x000002a0       0x38 Drivers\STM32L4xx_HAL_Driver\Src\stm32l4xx_hal_msp_template.o
 .debug_aranges
                0x000002d8       0x90 Drivers\STM32L4xx_HAL_Driver\Src\stm32l4xx_hal_rcc.o
 .debug_aranges
                0x00000368      0x3e0 Drivers\STM32L4xx_HAL_Driver\Src\stm32l4xx_hal_tim.o
 .debug_aranges
                0x00000748      0x180 Drivers\STM32L4xx_HAL_Driver\Src\stm32l4xx_hal_tim_ex.o
 .debug_aranges
                0x000008c8       0x40 Drivers\STM32L4xx_HAL_Driver\Src\stm32l4xx_hal_timebase_tim_template.o
 .debug_aranges
                0x00000908       0x20 src\main.o
 .debug_aranges
                0x00000928       0x28 src\startup_stm32l476xx.o
 .debug_aranges
                0x00000950       0x28 src\system_stm32l4xx.o

.debug_ranges   0x00000000      0x8d0
 .debug_ranges  0x00000000      0x120 Drivers\STM32L4xx_HAL_Driver\Src\stm32l4xx_hal.o
 .debug_ranges  0x00000120      0x108 Drivers\STM32L4xx_HAL_Driver\Src\stm32l4xx_hal_cortex.o
 .debug_ranges  0x00000228       0x48 Drivers\STM32L4xx_HAL_Driver\Src\stm32l4xx_hal_gpio.o
 .debug_ranges  0x00000270       0x28 Drivers\STM32L4xx_HAL_Driver\Src\stm32l4xx_hal_msp_template.o
 .debug_ranges  0x00000298       0x80 Drivers\STM32L4xx_HAL_Driver\Src\stm32l4xx_hal_rcc.o
 .debug_ranges  0x00000318      0x3d0 Drivers\STM32L4xx_HAL_Driver\Src\stm32l4xx_hal_tim.o
 .debug_ranges  0x000006e8      0x170 Drivers\STM32L4xx_HAL_Driver\Src\stm32l4xx_hal_tim_ex.o
 .debug_ranges  0x00000858       0x30 Drivers\STM32L4xx_HAL_Driver\Src\stm32l4xx_hal_timebase_tim_template.o
 .debug_ranges  0x00000888       0x10 src\main.o
 .debug_ranges  0x00000898       0x20 src\startup_stm32l476xx.o
 .debug_ranges  0x000008b8       0x18 src\system_stm32l4xx.o

.debug_line     0x00000000     0x4f84
 .debug_line    0x00000000      0x4c5 Drivers\STM32L4xx_HAL_Driver\Src\stm32l4xx_hal.o
 .debug_line    0x000004c5      0x56d Drivers\STM32L4xx_HAL_Driver\Src\stm32l4xx_hal_cortex.o
 .debug_line    0x00000a32      0x3e7 Drivers\STM32L4xx_HAL_Driver\Src\stm32l4xx_hal_gpio.o
 .debug_line    0x00000e19      0x259 Drivers\STM32L4xx_HAL_Driver\Src\stm32l4xx_hal_msp_template.o
 .debug_line    0x00001072      0x58f Drivers\STM32L4xx_HAL_Driver\Src\stm32l4xx_hal_rcc.o
 .debug_line    0x00001601     0x22ef Drivers\STM32L4xx_HAL_Driver\Src\stm32l4xx_hal_tim.o
 .debug_line    0x000038f0      0xf14 Drivers\STM32L4xx_HAL_Driver\Src\stm32l4xx_hal_tim_ex.o
 .debug_line    0x00004804      0x2e8 Drivers\STM32L4xx_HAL_Driver\Src\stm32l4xx_hal_timebase_tim_template.o
 .debug_line    0x00004aec      0x22b src\main.o
 .debug_line    0x00004d17       0x7b src\startup_stm32l476xx.o
 .debug_line    0x00004d92      0x1f2 src\system_stm32l4xx.o

.debug_str      0x00000000     0x3437
 .debug_str     0x00000000      0xe40 Drivers\STM32L4xx_HAL_Driver\Src\stm32l4xx_hal.o
                                0xec0 (size before relaxing)
 .debug_str     0x00000e40      0x414 Drivers\STM32L4xx_HAL_Driver\Src\stm32l4xx_hal_cortex.o
                                0xe93 (size before relaxing)
 .debug_str     0x00001254      0x1df Drivers\STM32L4xx_HAL_Driver\Src\stm32l4xx_hal_gpio.o
                                0x7e8 (size before relaxing)
 .debug_str     0x00001433       0x63 Drivers\STM32L4xx_HAL_Driver\Src\stm32l4xx_hal_msp_template.o
                                0x4b1 (size before relaxing)
 .debug_str     0x00001496      0x455 Drivers\STM32L4xx_HAL_Driver\Src\stm32l4xx_hal_rcc.o
                                0xaac (size before relaxing)
 .debug_str     0x000018eb     0x1373 Drivers\STM32L4xx_HAL_Driver\Src\stm32l4xx_hal_tim.o
                               0x18d8 (size before relaxing)
 .debug_str     0x00002c5e      0x6e8 Drivers\STM32L4xx_HAL_Driver\Src\stm32l4xx_hal_tim_ex.o
                               0x11aa (size before relaxing)
 .debug_str     0x00003346       0x9e Drivers\STM32L4xx_HAL_Driver\Src\stm32l4xx_hal_timebase_tim_template.o
                               0x10c5 (size before relaxing)
 .debug_str     0x000033e4       0x18 src\main.o
                                0x612 (size before relaxing)
 .debug_str     0x000033fc       0x3b src\system_stm32l4xx.o
                                0x414 (size before relaxing)

.comment        0x00000000       0x7c
 .comment       0x00000000       0x7c Drivers\STM32L4xx_HAL_Driver\Src\stm32l4xx_hal.o
                                 0x7d (size before relaxing)
 .comment       0x0000007c       0x7d Drivers\STM32L4xx_HAL_Driver\Src\stm32l4xx_hal_cortex.o
 .comment       0x0000007c       0x7d Drivers\STM32L4xx_HAL_Driver\Src\stm32l4xx_hal_gpio.o
 .comment       0x0000007c       0x7d Drivers\STM32L4xx_HAL_Driver\Src\stm32l4xx_hal_msp_template.o
 .comment       0x0000007c       0x7d Drivers\STM32L4xx_HAL_Driver\Src\stm32l4xx_hal_rcc.o
 .comment       0x0000007c       0x7d Drivers\STM32L4xx_HAL_Driver\Src\stm32l4xx_hal_tim.o
 .comment       0x0000007c       0x7d Drivers\STM32L4xx_HAL_Driver\Src\stm32l4xx_hal_tim_ex.o
 .comment       0x0000007c       0x7d Drivers\STM32L4xx_HAL_Driver\Src\stm32l4xx_hal_timebase_tim_template.o
 .comment       0x0000007c       0x7d src\main.o
 .comment       0x0000007c       0x7d src\system_stm32l4xx.o

.debug_frame    0x00000000     0x275c
 .debug_frame   0x00000000      0x498 Drivers\STM32L4xx_HAL_Driver\Src\stm32l4xx_hal.o
 .debug_frame   0x00000498      0x498 Drivers\STM32L4xx_HAL_Driver\Src\stm32l4xx_hal_cortex.o
 .debug_frame   0x00000930      0x14c Drivers\STM32L4xx_HAL_Driver\Src\stm32l4xx_hal_gpio.o
 .debug_frame   0x00000a7c       0x90 Drivers\STM32L4xx_HAL_Driver\Src\stm32l4xx_hal_msp_template.o
 .debug_frame   0x00000b0c      0x21c Drivers\STM32L4xx_HAL_Driver\Src\stm32l4xx_hal_rcc.o
 .debug_frame   0x00000d28     0x121c Drivers\STM32L4xx_HAL_Driver\Src\stm32l4xx_hal_tim.o
 .debug_frame   0x00001f44      0x6b0 Drivers\STM32L4xx_HAL_Driver\Src\stm32l4xx_hal_tim_ex.o
 .debug_frame   0x000025f4       0xb4 Drivers\STM32L4xx_HAL_Driver\Src\stm32l4xx_hal_timebase_tim_template.o
 .debug_frame   0x000026a8       0x30 src\main.o
 .debug_frame   0x000026d8       0x58 src\system_stm32l4xx.o
 .debug_frame   0x00002730       0x2c c:/program files (x86)/atollic/truestudio for stm32 9.3.0/armtools/bin/../lib/gcc/arm-atollic-eabi/6.3.1/../../../../arm-atollic-eabi/lib/armv7e-m/fpu\libc.a(lib_a-init.o)

.stabstr        0x00000000       0x3f
 .stabstr       0x00000000       0x3f c:/program files (x86)/atollic/truestudio for stm32 9.3.0/armtools/bin/../lib/gcc/arm-atollic-eabi/6.3.1/../../../../arm-atollic-eabi/lib/armv7e-m/fpu\libnosys.a(write.o)

Cross Reference Table

Symbol                                            File
ADC1_2_IRQHandler                                 src\startup_stm32l476xx.o
ADC3_IRQHandler                                   src\startup_stm32l476xx.o
ADC_ConversionStop                                Drivers\STM32L4xx_HAL_Driver\Src\stm32l4xx_hal_adc.o
                                                  Drivers\STM32L4xx_HAL_Driver\Src\stm32l4xx_hal_adc_ex.o
ADC_DMAConvCplt                                   Drivers\STM32L4xx_HAL_Driver\Src\stm32l4xx_hal_adc.o
                                                  Drivers\STM32L4xx_HAL_Driver\Src\stm32l4xx_hal_adc_ex.o
ADC_DMAError                                      Drivers\STM32L4xx_HAL_Driver\Src\stm32l4xx_hal_adc.o
                                                  Drivers\STM32L4xx_HAL_Driver\Src\stm32l4xx_hal_adc_ex.o
ADC_DMAHalfConvCplt                               Drivers\STM32L4xx_HAL_Driver\Src\stm32l4xx_hal_adc.o
                                                  Drivers\STM32L4xx_HAL_Driver\Src\stm32l4xx_hal_adc_ex.o
ADC_Disable                                       Drivers\STM32L4xx_HAL_Driver\Src\stm32l4xx_hal_adc.o
                                                  Drivers\STM32L4xx_HAL_Driver\Src\stm32l4xx_hal_adc_ex.o
ADC_Enable                                        Drivers\STM32L4xx_HAL_Driver\Src\stm32l4xx_hal_adc.o
                                                  Drivers\STM32L4xx_HAL_Driver\Src\stm32l4xx_hal_adc_ex.o
AHBPrescTable                                     src\system_stm32l4xx.o
                                                  Drivers\STM32L4xx_HAL_Driver\Src\stm32l4xx_ll_utils.o
                                                  Drivers\STM32L4xx_HAL_Driver\Src\stm32l4xx_hal_rcc.o
APBPrescTable                                     src\system_stm32l4xx.o
                                                  Drivers\STM32L4xx_HAL_Driver\Src\stm32l4xx_hal_rcc.o
BusFault_Handler                                  src\startup_stm32l476xx.o
CAN1_RX0_IRQHandler                               src\startup_stm32l476xx.o
CAN1_RX1_IRQHandler                               src\startup_stm32l476xx.o
CAN1_SCE_IRQHandler                               src\startup_stm32l476xx.o
CAN1_TX_IRQHandler                                src\startup_stm32l476xx.o
COMP_IRQHandler                                   src\startup_stm32l476xx.o
DAC_DMAConvCpltCh1                                Drivers\STM32L4xx_HAL_Driver\Src\stm32l4xx_hal_dac.o
DAC_DMAConvCpltCh2                                Drivers\STM32L4xx_HAL_Driver\Src\stm32l4xx_hal_dac_ex.o
                                                  Drivers\STM32L4xx_HAL_Driver\Src\stm32l4xx_hal_dac.o
DAC_DMAErrorCh1                                   Drivers\STM32L4xx_HAL_Driver\Src\stm32l4xx_hal_dac.o
DAC_DMAErrorCh2                                   Drivers\STM32L4xx_HAL_Driver\Src\stm32l4xx_hal_dac_ex.o
                                                  Drivers\STM32L4xx_HAL_Driver\Src\stm32l4xx_hal_dac.o
DAC_DMAHalfConvCpltCh1                            Drivers\STM32L4xx_HAL_Driver\Src\stm32l4xx_hal_dac.o
DAC_DMAHalfConvCpltCh2                            Drivers\STM32L4xx_HAL_Driver\Src\stm32l4xx_hal_dac_ex.o
                                                  Drivers\STM32L4xx_HAL_Driver\Src\stm32l4xx_hal_dac.o
DFSDM1_FLT0_IRQHandler                            src\startup_stm32l476xx.o
DFSDM1_FLT1_IRQHandler                            src\startup_stm32l476xx.o
DFSDM1_FLT2_IRQHandler                            src\startup_stm32l476xx.o
DFSDM1_FLT3_IRQHandler                            src\startup_stm32l476xx.o
DMA1_Channel1_IRQHandler                          src\startup_stm32l476xx.o
DMA1_Channel2_IRQHandler                          src\startup_stm32l476xx.o
DMA1_Channel3_IRQHandler                          src\startup_stm32l476xx.o
DMA1_Channel4_IRQHandler                          src\startup_stm32l476xx.o
DMA1_Channel5_IRQHandler                          src\startup_stm32l476xx.o
DMA1_Channel6_IRQHandler                          src\startup_stm32l476xx.o
DMA1_Channel7_IRQHandler                          src\startup_stm32l476xx.o
DMA2_Channel1_IRQHandler                          src\startup_stm32l476xx.o
DMA2_Channel2_IRQHandler                          src\startup_stm32l476xx.o
DMA2_Channel3_IRQHandler                          src\startup_stm32l476xx.o
DMA2_Channel4_IRQHandler                          src\startup_stm32l476xx.o
DMA2_Channel5_IRQHandler                          src\startup_stm32l476xx.o
DMA2_Channel6_IRQHandler                          src\startup_stm32l476xx.o
DMA2_Channel7_IRQHandler                          src\startup_stm32l476xx.o
DebugMon_Handler                                  src\startup_stm32l476xx.o
Default_Handler                                   src\startup_stm32l476xx.o
EXTI0_IRQHandler                                  src\startup_stm32l476xx.o
EXTI15_10_IRQHandler                              src\startup_stm32l476xx.o
EXTI1_IRQHandler                                  src\startup_stm32l476xx.o
EXTI2_IRQHandler                                  src\startup_stm32l476xx.o
EXTI3_IRQHandler                                  src\startup_stm32l476xx.o
EXTI4_IRQHandler                                  src\startup_stm32l476xx.o
EXTI9_5_IRQHandler                                src\startup_stm32l476xx.o
FLASH_FlushCaches                                 Drivers\STM32L4xx_HAL_Driver\Src\stm32l4xx_hal_flash_ex.o
                                                  Drivers\STM32L4xx_HAL_Driver\Src\stm32l4xx_hal_flash.o
FLASH_IRQHandler                                  src\startup_stm32l476xx.o
FLASH_PageErase                                   Drivers\STM32L4xx_HAL_Driver\Src\stm32l4xx_hal_flash_ex.o
                                                  Drivers\STM32L4xx_HAL_Driver\Src\stm32l4xx_hal_flash.o
FLASH_WaitForLastOperation                        Drivers\STM32L4xx_HAL_Driver\Src\stm32l4xx_hal_flash.o
                                                  Drivers\STM32L4xx_HAL_Driver\Src\stm32l4xx_hal_flash_ex.o
FMC_IRQHandler                                    src\startup_stm32l476xx.o
FMC_NAND_AttributeSpace_Timing_Init               Drivers\STM32L4xx_HAL_Driver\Src\stm32l4xx_ll_fmc.o
                                                  Drivers\STM32L4xx_HAL_Driver\Src\stm32l4xx_hal_nand.o
FMC_NAND_CommonSpace_Timing_Init                  Drivers\STM32L4xx_HAL_Driver\Src\stm32l4xx_ll_fmc.o
                                                  Drivers\STM32L4xx_HAL_Driver\Src\stm32l4xx_hal_nand.o
FMC_NAND_DeInit                                   Drivers\STM32L4xx_HAL_Driver\Src\stm32l4xx_ll_fmc.o
                                                  Drivers\STM32L4xx_HAL_Driver\Src\stm32l4xx_hal_nand.o
FMC_NAND_ECC_Disable                              Drivers\STM32L4xx_HAL_Driver\Src\stm32l4xx_ll_fmc.o
                                                  Drivers\STM32L4xx_HAL_Driver\Src\stm32l4xx_hal_nand.o
FMC_NAND_ECC_Enable                               Drivers\STM32L4xx_HAL_Driver\Src\stm32l4xx_ll_fmc.o
                                                  Drivers\STM32L4xx_HAL_Driver\Src\stm32l4xx_hal_nand.o
FMC_NAND_GetECC                                   Drivers\STM32L4xx_HAL_Driver\Src\stm32l4xx_ll_fmc.o
                                                  Drivers\STM32L4xx_HAL_Driver\Src\stm32l4xx_hal_nand.o
FMC_NAND_Init                                     Drivers\STM32L4xx_HAL_Driver\Src\stm32l4xx_ll_fmc.o
                                                  Drivers\STM32L4xx_HAL_Driver\Src\stm32l4xx_hal_nand.o
FMC_NORSRAM_DeInit                                Drivers\STM32L4xx_HAL_Driver\Src\stm32l4xx_ll_fmc.o
                                                  Drivers\STM32L4xx_HAL_Driver\Src\stm32l4xx_hal_sram.o
                                                  Drivers\STM32L4xx_HAL_Driver\Src\stm32l4xx_hal_nor.o
FMC_NORSRAM_Extended_Timing_Init                  Drivers\STM32L4xx_HAL_Driver\Src\stm32l4xx_ll_fmc.o
                                                  Drivers\STM32L4xx_HAL_Driver\Src\stm32l4xx_hal_sram.o
                                                  Drivers\STM32L4xx_HAL_Driver\Src\stm32l4xx_hal_nor.o
FMC_NORSRAM_Init                                  Drivers\STM32L4xx_HAL_Driver\Src\stm32l4xx_ll_fmc.o
                                                  Drivers\STM32L4xx_HAL_Driver\Src\stm32l4xx_hal_sram.o
                                                  Drivers\STM32L4xx_HAL_Driver\Src\stm32l4xx_hal_nor.o
FMC_NORSRAM_Timing_Init                           Drivers\STM32L4xx_HAL_Driver\Src\stm32l4xx_ll_fmc.o
                                                  Drivers\STM32L4xx_HAL_Driver\Src\stm32l4xx_hal_sram.o
                                                  Drivers\STM32L4xx_HAL_Driver\Src\stm32l4xx_hal_nor.o
FMC_NORSRAM_WriteOperation_Disable                Drivers\STM32L4xx_HAL_Driver\Src\stm32l4xx_ll_fmc.o
                                                  Drivers\STM32L4xx_HAL_Driver\Src\stm32l4xx_hal_sram.o
                                                  Drivers\STM32L4xx_HAL_Driver\Src\stm32l4xx_hal_nor.o
FMC_NORSRAM_WriteOperation_Enable                 Drivers\STM32L4xx_HAL_Driver\Src\stm32l4xx_ll_fmc.o
                                                  Drivers\STM32L4xx_HAL_Driver\Src\stm32l4xx_hal_sram.o
                                                  Drivers\STM32L4xx_HAL_Driver\Src\stm32l4xx_hal_nor.o
FPU_IRQHandler                                    src\startup_stm32l476xx.o
HAL_ADCEx_Calibration_GetValue                    Drivers\STM32L4xx_HAL_Driver\Src\stm32l4xx_hal_adc_ex.o
HAL_ADCEx_Calibration_SetValue                    Drivers\STM32L4xx_HAL_Driver\Src\stm32l4xx_hal_adc_ex.o
HAL_ADCEx_Calibration_Start                       Drivers\STM32L4xx_HAL_Driver\Src\stm32l4xx_hal_adc_ex.o
HAL_ADCEx_DisableInjectedQueue                    Drivers\STM32L4xx_HAL_Driver\Src\stm32l4xx_hal_adc_ex.o
HAL_ADCEx_DisableVoltageRegulator                 Drivers\STM32L4xx_HAL_Driver\Src\stm32l4xx_hal_adc_ex.o
HAL_ADCEx_EnableInjectedQueue                     Drivers\STM32L4xx_HAL_Driver\Src\stm32l4xx_hal_adc_ex.o
HAL_ADCEx_EndOfSamplingCallback                   Drivers\STM32L4xx_HAL_Driver\Src\stm32l4xx_hal_adc_ex.o
                                                  Drivers\STM32L4xx_HAL_Driver\Src\stm32l4xx_hal_adc.o
HAL_ADCEx_EnterADCDeepPowerDownMode               Drivers\STM32L4xx_HAL_Driver\Src\stm32l4xx_hal_adc_ex.o
HAL_ADCEx_InjectedConfigChannel                   Drivers\STM32L4xx_HAL_Driver\Src\stm32l4xx_hal_adc_ex.o
HAL_ADCEx_InjectedConvCpltCallback                Drivers\STM32L4xx_HAL_Driver\Src\stm32l4xx_hal_adc_ex.o
                                                  Drivers\STM32L4xx_HAL_Driver\Src\stm32l4xx_hal_adc.o
HAL_ADCEx_InjectedGetValue                        Drivers\STM32L4xx_HAL_Driver\Src\stm32l4xx_hal_adc_ex.o
HAL_ADCEx_InjectedPollForConversion               Drivers\STM32L4xx_HAL_Driver\Src\stm32l4xx_hal_adc_ex.o
HAL_ADCEx_InjectedQueueOverflowCallback           Drivers\STM32L4xx_HAL_Driver\Src\stm32l4xx_hal_adc_ex.o
                                                  Drivers\STM32L4xx_HAL_Driver\Src\stm32l4xx_hal_adc.o
HAL_ADCEx_InjectedStart                           Drivers\STM32L4xx_HAL_Driver\Src\stm32l4xx_hal_adc_ex.o
HAL_ADCEx_InjectedStart_IT                        Drivers\STM32L4xx_HAL_Driver\Src\stm32l4xx_hal_adc_ex.o
HAL_ADCEx_InjectedStop                            Drivers\STM32L4xx_HAL_Driver\Src\stm32l4xx_hal_adc_ex.o
HAL_ADCEx_InjectedStop_IT                         Drivers\STM32L4xx_HAL_Driver\Src\stm32l4xx_hal_adc_ex.o
HAL_ADCEx_LevelOutOfWindow2Callback               Drivers\STM32L4xx_HAL_Driver\Src\stm32l4xx_hal_adc_ex.o
                                                  Drivers\STM32L4xx_HAL_Driver\Src\stm32l4xx_hal_adc.o
HAL_ADCEx_LevelOutOfWindow3Callback               Drivers\STM32L4xx_HAL_Driver\Src\stm32l4xx_hal_adc_ex.o
                                                  Drivers\STM32L4xx_HAL_Driver\Src\stm32l4xx_hal_adc.o
HAL_ADCEx_MultiModeConfigChannel                  Drivers\STM32L4xx_HAL_Driver\Src\stm32l4xx_hal_adc_ex.o
HAL_ADCEx_MultiModeGetValue                       Drivers\STM32L4xx_HAL_Driver\Src\stm32l4xx_hal_adc_ex.o
HAL_ADCEx_MultiModeStart_DMA                      Drivers\STM32L4xx_HAL_Driver\Src\stm32l4xx_hal_adc_ex.o
HAL_ADCEx_MultiModeStop_DMA                       Drivers\STM32L4xx_HAL_Driver\Src\stm32l4xx_hal_adc_ex.o
HAL_ADCEx_RegularMultiModeStop_DMA                Drivers\STM32L4xx_HAL_Driver\Src\stm32l4xx_hal_adc_ex.o
HAL_ADCEx_RegularStop                             Drivers\STM32L4xx_HAL_Driver\Src\stm32l4xx_hal_adc_ex.o
HAL_ADCEx_RegularStop_DMA                         Drivers\STM32L4xx_HAL_Driver\Src\stm32l4xx_hal_adc_ex.o
HAL_ADCEx_RegularStop_IT                          Drivers\STM32L4xx_HAL_Driver\Src\stm32l4xx_hal_adc_ex.o
HAL_ADC_AnalogWDGConfig                           Drivers\STM32L4xx_HAL_Driver\Src\stm32l4xx_hal_adc.o
HAL_ADC_ConfigChannel                             Drivers\STM32L4xx_HAL_Driver\Src\stm32l4xx_hal_adc.o
HAL_ADC_ConvCpltCallback                          Drivers\STM32L4xx_HAL_Driver\Src\stm32l4xx_hal_adc.o
HAL_ADC_ConvHalfCpltCallback                      Drivers\STM32L4xx_HAL_Driver\Src\stm32l4xx_hal_adc.o
HAL_ADC_DeInit                                    Drivers\STM32L4xx_HAL_Driver\Src\stm32l4xx_hal_adc.o
HAL_ADC_ErrorCallback                             Drivers\STM32L4xx_HAL_Driver\Src\stm32l4xx_hal_adc.o
HAL_ADC_GetError                                  Drivers\STM32L4xx_HAL_Driver\Src\stm32l4xx_hal_adc.o
HAL_ADC_GetState                                  Drivers\STM32L4xx_HAL_Driver\Src\stm32l4xx_hal_adc.o
HAL_ADC_GetValue                                  Drivers\STM32L4xx_HAL_Driver\Src\stm32l4xx_hal_adc.o
HAL_ADC_IRQHandler                                Drivers\STM32L4xx_HAL_Driver\Src\stm32l4xx_hal_adc.o
HAL_ADC_Init                                      Drivers\STM32L4xx_HAL_Driver\Src\stm32l4xx_hal_adc.o
HAL_ADC_LevelOutOfWindowCallback                  Drivers\STM32L4xx_HAL_Driver\Src\stm32l4xx_hal_adc.o
HAL_ADC_MspDeInit                                 Drivers\STM32L4xx_HAL_Driver\Src\stm32l4xx_hal_adc.o
HAL_ADC_MspInit                                   Drivers\STM32L4xx_HAL_Driver\Src\stm32l4xx_hal_adc.o
HAL_ADC_PollForConversion                         Drivers\STM32L4xx_HAL_Driver\Src\stm32l4xx_hal_adc.o
HAL_ADC_PollForEvent                              Drivers\STM32L4xx_HAL_Driver\Src\stm32l4xx_hal_adc.o
HAL_ADC_Start                                     Drivers\STM32L4xx_HAL_Driver\Src\stm32l4xx_hal_adc.o
HAL_ADC_Start_DMA                                 Drivers\STM32L4xx_HAL_Driver\Src\stm32l4xx_hal_adc.o
HAL_ADC_Start_IT                                  Drivers\STM32L4xx_HAL_Driver\Src\stm32l4xx_hal_adc.o
HAL_ADC_Stop                                      Drivers\STM32L4xx_HAL_Driver\Src\stm32l4xx_hal_adc.o
HAL_ADC_Stop_DMA                                  Drivers\STM32L4xx_HAL_Driver\Src\stm32l4xx_hal_adc.o
HAL_ADC_Stop_IT                                   Drivers\STM32L4xx_HAL_Driver\Src\stm32l4xx_hal_adc.o
HAL_CAN_AbortTxRequest                            Drivers\STM32L4xx_HAL_Driver\Src\stm32l4xx_hal_can.o
HAL_CAN_ActivateNotification                      Drivers\STM32L4xx_HAL_Driver\Src\stm32l4xx_hal_can.o
HAL_CAN_AddTxMessage                              Drivers\STM32L4xx_HAL_Driver\Src\stm32l4xx_hal_can.o
HAL_CAN_ConfigFilter                              Drivers\STM32L4xx_HAL_Driver\Src\stm32l4xx_hal_can.o
HAL_CAN_DeInit                                    Drivers\STM32L4xx_HAL_Driver\Src\stm32l4xx_hal_can.o
HAL_CAN_DeactivateNotification                    Drivers\STM32L4xx_HAL_Driver\Src\stm32l4xx_hal_can.o
HAL_CAN_ErrorCallback                             Drivers\STM32L4xx_HAL_Driver\Src\stm32l4xx_hal_can.o
HAL_CAN_GetError                                  Drivers\STM32L4xx_HAL_Driver\Src\stm32l4xx_hal_can.o
HAL_CAN_GetRxFifoFillLevel                        Drivers\STM32L4xx_HAL_Driver\Src\stm32l4xx_hal_can.o
HAL_CAN_GetRxMessage                              Drivers\STM32L4xx_HAL_Driver\Src\stm32l4xx_hal_can.o
HAL_CAN_GetState                                  Drivers\STM32L4xx_HAL_Driver\Src\stm32l4xx_hal_can.o
HAL_CAN_GetTxMailboxesFreeLevel                   Drivers\STM32L4xx_HAL_Driver\Src\stm32l4xx_hal_can.o
HAL_CAN_GetTxTimestamp                            Drivers\STM32L4xx_HAL_Driver\Src\stm32l4xx_hal_can.o
HAL_CAN_IRQHandler                                Drivers\STM32L4xx_HAL_Driver\Src\stm32l4xx_hal_can.o
HAL_CAN_Init                                      Drivers\STM32L4xx_HAL_Driver\Src\stm32l4xx_hal_can.o
HAL_CAN_IsSleepActive                             Drivers\STM32L4xx_HAL_Driver\Src\stm32l4xx_hal_can.o
HAL_CAN_IsTxMessagePending                        Drivers\STM32L4xx_HAL_Driver\Src\stm32l4xx_hal_can.o
HAL_CAN_MspDeInit                                 Drivers\STM32L4xx_HAL_Driver\Src\stm32l4xx_hal_can.o
HAL_CAN_MspInit                                   Drivers\STM32L4xx_HAL_Driver\Src\stm32l4xx_hal_can.o
HAL_CAN_RequestSleep                              Drivers\STM32L4xx_HAL_Driver\Src\stm32l4xx_hal_can.o
HAL_CAN_ResetError                                Drivers\STM32L4xx_HAL_Driver\Src\stm32l4xx_hal_can.o
HAL_CAN_RxFifo0FullCallback                       Drivers\STM32L4xx_HAL_Driver\Src\stm32l4xx_hal_can.o
HAL_CAN_RxFifo0MsgPendingCallback                 Drivers\STM32L4xx_HAL_Driver\Src\stm32l4xx_hal_can.o
HAL_CAN_RxFifo1FullCallback                       Drivers\STM32L4xx_HAL_Driver\Src\stm32l4xx_hal_can.o
HAL_CAN_RxFifo1MsgPendingCallback                 Drivers\STM32L4xx_HAL_Driver\Src\stm32l4xx_hal_can.o
HAL_CAN_SleepCallback                             Drivers\STM32L4xx_HAL_Driver\Src\stm32l4xx_hal_can.o
HAL_CAN_Start                                     Drivers\STM32L4xx_HAL_Driver\Src\stm32l4xx_hal_can.o
HAL_CAN_Stop                                      Drivers\STM32L4xx_HAL_Driver\Src\stm32l4xx_hal_can.o
HAL_CAN_TxMailbox0AbortCallback                   Drivers\STM32L4xx_HAL_Driver\Src\stm32l4xx_hal_can.o
HAL_CAN_TxMailbox0CompleteCallback                Drivers\STM32L4xx_HAL_Driver\Src\stm32l4xx_hal_can.o
HAL_CAN_TxMailbox1AbortCallback                   Drivers\STM32L4xx_HAL_Driver\Src\stm32l4xx_hal_can.o
HAL_CAN_TxMailbox1CompleteCallback                Drivers\STM32L4xx_HAL_Driver\Src\stm32l4xx_hal_can.o
HAL_CAN_TxMailbox2AbortCallback                   Drivers\STM32L4xx_HAL_Driver\Src\stm32l4xx_hal_can.o
HAL_CAN_TxMailbox2CompleteCallback                Drivers\STM32L4xx_HAL_Driver\Src\stm32l4xx_hal_can.o
HAL_CAN_WakeUp                                    Drivers\STM32L4xx_HAL_Driver\Src\stm32l4xx_hal_can.o
HAL_CAN_WakeUpFromRxMsgCallback                   Drivers\STM32L4xx_HAL_Driver\Src\stm32l4xx_hal_can.o
HAL_COMP_DeInit                                   Drivers\STM32L4xx_HAL_Driver\Src\stm32l4xx_hal_comp.o
HAL_COMP_GetError                                 Drivers\STM32L4xx_HAL_Driver\Src\stm32l4xx_hal_comp.o
HAL_COMP_GetOutputLevel                           Drivers\STM32L4xx_HAL_Driver\Src\stm32l4xx_hal_comp.o
HAL_COMP_GetState                                 Drivers\STM32L4xx_HAL_Driver\Src\stm32l4xx_hal_comp.o
HAL_COMP_IRQHandler                               Drivers\STM32L4xx_HAL_Driver\Src\stm32l4xx_hal_comp.o
HAL_COMP_Init                                     Drivers\STM32L4xx_HAL_Driver\Src\stm32l4xx_hal_comp.o
HAL_COMP_Lock                                     Drivers\STM32L4xx_HAL_Driver\Src\stm32l4xx_hal_comp.o
HAL_COMP_MspDeInit                                Drivers\STM32L4xx_HAL_Driver\Src\stm32l4xx_hal_comp.o
HAL_COMP_MspInit                                  Drivers\STM32L4xx_HAL_Driver\Src\stm32l4xx_hal_comp.o
HAL_COMP_Start                                    Drivers\STM32L4xx_HAL_Driver\Src\stm32l4xx_hal_comp.o
HAL_COMP_Stop                                     Drivers\STM32L4xx_HAL_Driver\Src\stm32l4xx_hal_comp.o
HAL_COMP_TriggerCallback                          Drivers\STM32L4xx_HAL_Driver\Src\stm32l4xx_hal_comp.o
HAL_CRCEx_Input_Data_Reverse                      Drivers\STM32L4xx_HAL_Driver\Src\stm32l4xx_hal_crc_ex.o
HAL_CRCEx_Output_Data_Reverse                     Drivers\STM32L4xx_HAL_Driver\Src\stm32l4xx_hal_crc_ex.o
HAL_CRCEx_Polynomial_Set                          Drivers\STM32L4xx_HAL_Driver\Src\stm32l4xx_hal_crc_ex.o
                                                  Drivers\STM32L4xx_HAL_Driver\Src\stm32l4xx_hal_crc.o
HAL_CRC_Accumulate                                Drivers\STM32L4xx_HAL_Driver\Src\stm32l4xx_hal_crc.o
HAL_CRC_Calculate                                 Drivers\STM32L4xx_HAL_Driver\Src\stm32l4xx_hal_crc.o
HAL_CRC_DeInit                                    Drivers\STM32L4xx_HAL_Driver\Src\stm32l4xx_hal_crc.o
HAL_CRC_GetState                                  Drivers\STM32L4xx_HAL_Driver\Src\stm32l4xx_hal_crc.o
HAL_CRC_Init                                      Drivers\STM32L4xx_HAL_Driver\Src\stm32l4xx_hal_crc.o
HAL_CRC_MspDeInit                                 Drivers\STM32L4xx_HAL_Driver\Src\stm32l4xx_hal_crc.o
HAL_CRC_MspInit                                   Drivers\STM32L4xx_HAL_Driver\Src\stm32l4xx_hal_crc.o
HAL_DACEx_ConvCpltCallbackCh2                     Drivers\STM32L4xx_HAL_Driver\Src\stm32l4xx_hal_dac_ex.o
HAL_DACEx_ConvHalfCpltCallbackCh2                 Drivers\STM32L4xx_HAL_Driver\Src\stm32l4xx_hal_dac_ex.o
HAL_DACEx_DMAUnderrunCallbackCh2                  Drivers\STM32L4xx_HAL_Driver\Src\stm32l4xx_hal_dac_ex.o
                                                  Drivers\STM32L4xx_HAL_Driver\Src\stm32l4xx_hal_dac.o
HAL_DACEx_DualGetValue                            Drivers\STM32L4xx_HAL_Driver\Src\stm32l4xx_hal_dac_ex.o
HAL_DACEx_DualSetValue                            Drivers\STM32L4xx_HAL_Driver\Src\stm32l4xx_hal_dac_ex.o
HAL_DACEx_ErrorCallbackCh2                        Drivers\STM32L4xx_HAL_Driver\Src\stm32l4xx_hal_dac_ex.o
HAL_DACEx_GetTrimOffset                           Drivers\STM32L4xx_HAL_Driver\Src\stm32l4xx_hal_dac_ex.o
HAL_DACEx_NoiseWaveGenerate                       Drivers\STM32L4xx_HAL_Driver\Src\stm32l4xx_hal_dac_ex.o
HAL_DACEx_SelfCalibrate                           Drivers\STM32L4xx_HAL_Driver\Src\stm32l4xx_hal_dac_ex.o
HAL_DACEx_SetUserTrimming                         Drivers\STM32L4xx_HAL_Driver\Src\stm32l4xx_hal_dac_ex.o
HAL_DACEx_TriangleWaveGenerate                    Drivers\STM32L4xx_HAL_Driver\Src\stm32l4xx_hal_dac_ex.o
HAL_DAC_ConfigChannel                             Drivers\STM32L4xx_HAL_Driver\Src\stm32l4xx_hal_dac.o
HAL_DAC_ConvCpltCallbackCh1                       Drivers\STM32L4xx_HAL_Driver\Src\stm32l4xx_hal_dac.o
HAL_DAC_ConvHalfCpltCallbackCh1                   Drivers\STM32L4xx_HAL_Driver\Src\stm32l4xx_hal_dac.o
HAL_DAC_DMAUnderrunCallbackCh1                    Drivers\STM32L4xx_HAL_Driver\Src\stm32l4xx_hal_dac.o
HAL_DAC_DeInit                                    Drivers\STM32L4xx_HAL_Driver\Src\stm32l4xx_hal_dac.o
HAL_DAC_ErrorCallbackCh1                          Drivers\STM32L4xx_HAL_Driver\Src\stm32l4xx_hal_dac.o
HAL_DAC_GetError                                  Drivers\STM32L4xx_HAL_Driver\Src\stm32l4xx_hal_dac.o
HAL_DAC_GetState                                  Drivers\STM32L4xx_HAL_Driver\Src\stm32l4xx_hal_dac.o
HAL_DAC_GetValue                                  Drivers\STM32L4xx_HAL_Driver\Src\stm32l4xx_hal_dac.o
HAL_DAC_IRQHandler                                Drivers\STM32L4xx_HAL_Driver\Src\stm32l4xx_hal_dac.o
HAL_DAC_Init                                      Drivers\STM32L4xx_HAL_Driver\Src\stm32l4xx_hal_dac.o
HAL_DAC_MspDeInit                                 Drivers\STM32L4xx_HAL_Driver\Src\stm32l4xx_hal_dac.o
HAL_DAC_MspInit                                   Drivers\STM32L4xx_HAL_Driver\Src\stm32l4xx_hal_dac.o
HAL_DAC_SetValue                                  Drivers\STM32L4xx_HAL_Driver\Src\stm32l4xx_hal_dac.o
HAL_DAC_Start                                     Drivers\STM32L4xx_HAL_Driver\Src\stm32l4xx_hal_dac.o
HAL_DAC_Start_DMA                                 Drivers\STM32L4xx_HAL_Driver\Src\stm32l4xx_hal_dac.o
HAL_DAC_Stop                                      Drivers\STM32L4xx_HAL_Driver\Src\stm32l4xx_hal_dac.o
HAL_DAC_Stop_DMA                                  Drivers\STM32L4xx_HAL_Driver\Src\stm32l4xx_hal_dac.o
HAL_DBGMCU_DisableDBGSleepMode                    Drivers\STM32L4xx_HAL_Driver\Src\stm32l4xx_hal.o
HAL_DBGMCU_DisableDBGStandbyMode                  Drivers\STM32L4xx_HAL_Driver\Src\stm32l4xx_hal.o
HAL_DBGMCU_DisableDBGStopMode                     Drivers\STM32L4xx_HAL_Driver\Src\stm32l4xx_hal.o
HAL_DBGMCU_EnableDBGSleepMode                     Drivers\STM32L4xx_HAL_Driver\Src\stm32l4xx_hal.o
HAL_DBGMCU_EnableDBGStandbyMode                   Drivers\STM32L4xx_HAL_Driver\Src\stm32l4xx_hal.o
HAL_DBGMCU_EnableDBGStopMode                      Drivers\STM32L4xx_HAL_Driver\Src\stm32l4xx_hal.o
HAL_DFSDM_ChannelCkabCallback                     Drivers\STM32L4xx_HAL_Driver\Src\stm32l4xx_hal_dfsdm.o
HAL_DFSDM_ChannelCkabStart                        Drivers\STM32L4xx_HAL_Driver\Src\stm32l4xx_hal_dfsdm.o
HAL_DFSDM_ChannelCkabStart_IT                     Drivers\STM32L4xx_HAL_Driver\Src\stm32l4xx_hal_dfsdm.o
HAL_DFSDM_ChannelCkabStop                         Drivers\STM32L4xx_HAL_Driver\Src\stm32l4xx_hal_dfsdm.o
HAL_DFSDM_ChannelCkabStop_IT                      Drivers\STM32L4xx_HAL_Driver\Src\stm32l4xx_hal_dfsdm.o
HAL_DFSDM_ChannelDeInit                           Drivers\STM32L4xx_HAL_Driver\Src\stm32l4xx_hal_dfsdm.o
HAL_DFSDM_ChannelGetAwdValue                      Drivers\STM32L4xx_HAL_Driver\Src\stm32l4xx_hal_dfsdm.o
HAL_DFSDM_ChannelGetState                         Drivers\STM32L4xx_HAL_Driver\Src\stm32l4xx_hal_dfsdm.o
HAL_DFSDM_ChannelInit                             Drivers\STM32L4xx_HAL_Driver\Src\stm32l4xx_hal_dfsdm.o
HAL_DFSDM_ChannelModifyOffset                     Drivers\STM32L4xx_HAL_Driver\Src\stm32l4xx_hal_dfsdm.o
HAL_DFSDM_ChannelMspDeInit                        Drivers\STM32L4xx_HAL_Driver\Src\stm32l4xx_hal_dfsdm.o
HAL_DFSDM_ChannelMspInit                          Drivers\STM32L4xx_HAL_Driver\Src\stm32l4xx_hal_dfsdm.o
HAL_DFSDM_ChannelPollForCkab                      Drivers\STM32L4xx_HAL_Driver\Src\stm32l4xx_hal_dfsdm.o
HAL_DFSDM_ChannelPollForScd                       Drivers\STM32L4xx_HAL_Driver\Src\stm32l4xx_hal_dfsdm.o
HAL_DFSDM_ChannelScdCallback                      Drivers\STM32L4xx_HAL_Driver\Src\stm32l4xx_hal_dfsdm.o
HAL_DFSDM_ChannelScdStart                         Drivers\STM32L4xx_HAL_Driver\Src\stm32l4xx_hal_dfsdm.o
HAL_DFSDM_ChannelScdStart_IT                      Drivers\STM32L4xx_HAL_Driver\Src\stm32l4xx_hal_dfsdm.o
HAL_DFSDM_ChannelScdStop                          Drivers\STM32L4xx_HAL_Driver\Src\stm32l4xx_hal_dfsdm.o
HAL_DFSDM_ChannelScdStop_IT                       Drivers\STM32L4xx_HAL_Driver\Src\stm32l4xx_hal_dfsdm.o
HAL_DFSDM_FilterAwdCallback                       Drivers\STM32L4xx_HAL_Driver\Src\stm32l4xx_hal_dfsdm.o
HAL_DFSDM_FilterAwdStart_IT                       Drivers\STM32L4xx_HAL_Driver\Src\stm32l4xx_hal_dfsdm.o
HAL_DFSDM_FilterAwdStop_IT                        Drivers\STM32L4xx_HAL_Driver\Src\stm32l4xx_hal_dfsdm.o
HAL_DFSDM_FilterConfigInjChannel                  Drivers\STM32L4xx_HAL_Driver\Src\stm32l4xx_hal_dfsdm.o
HAL_DFSDM_FilterConfigRegChannel                  Drivers\STM32L4xx_HAL_Driver\Src\stm32l4xx_hal_dfsdm.o
HAL_DFSDM_FilterDeInit                            Drivers\STM32L4xx_HAL_Driver\Src\stm32l4xx_hal_dfsdm.o
HAL_DFSDM_FilterErrorCallback                     Drivers\STM32L4xx_HAL_Driver\Src\stm32l4xx_hal_dfsdm.o
HAL_DFSDM_FilterExdStart                          Drivers\STM32L4xx_HAL_Driver\Src\stm32l4xx_hal_dfsdm.o
HAL_DFSDM_FilterExdStop                           Drivers\STM32L4xx_HAL_Driver\Src\stm32l4xx_hal_dfsdm.o
HAL_DFSDM_FilterGetConvTimeValue                  Drivers\STM32L4xx_HAL_Driver\Src\stm32l4xx_hal_dfsdm.o
HAL_DFSDM_FilterGetError                          Drivers\STM32L4xx_HAL_Driver\Src\stm32l4xx_hal_dfsdm.o
HAL_DFSDM_FilterGetExdMaxValue                    Drivers\STM32L4xx_HAL_Driver\Src\stm32l4xx_hal_dfsdm.o
HAL_DFSDM_FilterGetExdMinValue                    Drivers\STM32L4xx_HAL_Driver\Src\stm32l4xx_hal_dfsdm.o
HAL_DFSDM_FilterGetInjectedValue                  Drivers\STM32L4xx_HAL_Driver\Src\stm32l4xx_hal_dfsdm.o
HAL_DFSDM_FilterGetRegularValue                   Drivers\STM32L4xx_HAL_Driver\Src\stm32l4xx_hal_dfsdm.o
HAL_DFSDM_FilterGetState                          Drivers\STM32L4xx_HAL_Driver\Src\stm32l4xx_hal_dfsdm.o
HAL_DFSDM_FilterInit                              Drivers\STM32L4xx_HAL_Driver\Src\stm32l4xx_hal_dfsdm.o
HAL_DFSDM_FilterInjConvCpltCallback               Drivers\STM32L4xx_HAL_Driver\Src\stm32l4xx_hal_dfsdm.o
HAL_DFSDM_FilterInjConvHalfCpltCallback           Drivers\STM32L4xx_HAL_Driver\Src\stm32l4xx_hal_dfsdm.o
HAL_DFSDM_FilterInjectedMsbStart_DMA              Drivers\STM32L4xx_HAL_Driver\Src\stm32l4xx_hal_dfsdm.o
HAL_DFSDM_FilterInjectedStart                     Drivers\STM32L4xx_HAL_Driver\Src\stm32l4xx_hal_dfsdm.o
HAL_DFSDM_FilterInjectedStart_DMA                 Drivers\STM32L4xx_HAL_Driver\Src\stm32l4xx_hal_dfsdm.o
HAL_DFSDM_FilterInjectedStart_IT                  Drivers\STM32L4xx_HAL_Driver\Src\stm32l4xx_hal_dfsdm.o
HAL_DFSDM_FilterInjectedStop                      Drivers\STM32L4xx_HAL_Driver\Src\stm32l4xx_hal_dfsdm.o
HAL_DFSDM_FilterInjectedStop_DMA                  Drivers\STM32L4xx_HAL_Driver\Src\stm32l4xx_hal_dfsdm.o
HAL_DFSDM_FilterInjectedStop_IT                   Drivers\STM32L4xx_HAL_Driver\Src\stm32l4xx_hal_dfsdm.o
HAL_DFSDM_FilterMspDeInit                         Drivers\STM32L4xx_HAL_Driver\Src\stm32l4xx_hal_dfsdm.o
HAL_DFSDM_FilterMspInit                           Drivers\STM32L4xx_HAL_Driver\Src\stm32l4xx_hal_dfsdm.o
HAL_DFSDM_FilterPollForInjConversion              Drivers\STM32L4xx_HAL_Driver\Src\stm32l4xx_hal_dfsdm.o
HAL_DFSDM_FilterPollForRegConversion              Drivers\STM32L4xx_HAL_Driver\Src\stm32l4xx_hal_dfsdm.o
HAL_DFSDM_FilterRegConvCpltCallback               Drivers\STM32L4xx_HAL_Driver\Src\stm32l4xx_hal_dfsdm.o
HAL_DFSDM_FilterRegConvHalfCpltCallback           Drivers\STM32L4xx_HAL_Driver\Src\stm32l4xx_hal_dfsdm.o
HAL_DFSDM_FilterRegularMsbStart_DMA               Drivers\STM32L4xx_HAL_Driver\Src\stm32l4xx_hal_dfsdm.o
HAL_DFSDM_FilterRegularStart                      Drivers\STM32L4xx_HAL_Driver\Src\stm32l4xx_hal_dfsdm.o
HAL_DFSDM_FilterRegularStart_DMA                  Drivers\STM32L4xx_HAL_Driver\Src\stm32l4xx_hal_dfsdm.o
HAL_DFSDM_FilterRegularStart_IT                   Drivers\STM32L4xx_HAL_Driver\Src\stm32l4xx_hal_dfsdm.o
HAL_DFSDM_FilterRegularStop                       Drivers\STM32L4xx_HAL_Driver\Src\stm32l4xx_hal_dfsdm.o
HAL_DFSDM_FilterRegularStop_DMA                   Drivers\STM32L4xx_HAL_Driver\Src\stm32l4xx_hal_dfsdm.o
HAL_DFSDM_FilterRegularStop_IT                    Drivers\STM32L4xx_HAL_Driver\Src\stm32l4xx_hal_dfsdm.o
HAL_DFSDM_IRQHandler                              Drivers\STM32L4xx_HAL_Driver\Src\stm32l4xx_hal_dfsdm.o
HAL_DMA_Abort                                     Drivers\STM32L4xx_HAL_Driver\Src\stm32l4xx_hal_dma.o
                                                  Drivers\STM32L4xx_HAL_Driver\Src\stm32l4xx_hal_usart.o
                                                  Drivers\STM32L4xx_HAL_Driver\Src\stm32l4xx_hal_uart.o
                                                  Drivers\STM32L4xx_HAL_Driver\Src\stm32l4xx_hal_swpmi.o
                                                  Drivers\STM32L4xx_HAL_Driver\Src\stm32l4xx_hal_spi.o
                                                  Drivers\STM32L4xx_HAL_Driver\Src\stm32l4xx_hal_smartcard.o
                                                  Drivers\STM32L4xx_HAL_Driver\Src\stm32l4xx_hal_sd.o
                                                  Drivers\STM32L4xx_HAL_Driver\Src\stm32l4xx_hal_sai.o
                                                  Drivers\STM32L4xx_HAL_Driver\Src\stm32l4xx_hal_qspi.o
                                                  Drivers\STM32L4xx_HAL_Driver\Src\stm32l4xx_hal_mmc.o
                                                  Drivers\STM32L4xx_HAL_Driver\Src\stm32l4xx_hal_irda.o
                                                  Drivers\STM32L4xx_HAL_Driver\Src\stm32l4xx_hal_dfsdm.o
                                                  Drivers\STM32L4xx_HAL_Driver\Src\stm32l4xx_hal_dac.o
                                                  Drivers\STM32L4xx_HAL_Driver\Src\stm32l4xx_hal_adc_ex.o
                                                  Drivers\STM32L4xx_HAL_Driver\Src\stm32l4xx_hal_adc.o
HAL_DMA_Abort_IT                                  Drivers\STM32L4xx_HAL_Driver\Src\stm32l4xx_hal_dma.o
                                                  Drivers\STM32L4xx_HAL_Driver\Src\stm32l4xx_hal_usart.o
                                                  Drivers\STM32L4xx_HAL_Driver\Src\stm32l4xx_hal_uart.o
                                                  Drivers\STM32L4xx_HAL_Driver\Src\stm32l4xx_hal_tim_ex.o
                                                  Drivers\STM32L4xx_HAL_Driver\Src\stm32l4xx_hal_tim.o
                                                  Drivers\STM32L4xx_HAL_Driver\Src\stm32l4xx_hal_swpmi.o
                                                  Drivers\STM32L4xx_HAL_Driver\Src\stm32l4xx_hal_spi.o
                                                  Drivers\STM32L4xx_HAL_Driver\Src\stm32l4xx_hal_smartcard.o
                                                  Drivers\STM32L4xx_HAL_Driver\Src\stm32l4xx_hal_sd.o
                                                  Drivers\STM32L4xx_HAL_Driver\Src\stm32l4xx_hal_sai.o
                                                  Drivers\STM32L4xx_HAL_Driver\Src\stm32l4xx_hal_qspi.o
                                                  Drivers\STM32L4xx_HAL_Driver\Src\stm32l4xx_hal_mmc.o
                                                  Drivers\STM32L4xx_HAL_Driver\Src\stm32l4xx_hal_irda.o
                                                  Drivers\STM32L4xx_HAL_Driver\Src\stm32l4xx_hal_i2c.o
HAL_DMA_DeInit                                    Drivers\STM32L4xx_HAL_Driver\Src\stm32l4xx_hal_dma.o
HAL_DMA_GetError                                  Drivers\STM32L4xx_HAL_Driver\Src\stm32l4xx_hal_dma.o
                                                  Drivers\STM32L4xx_HAL_Driver\Src\stm32l4xx_hal_usart.o
                                                  Drivers\STM32L4xx_HAL_Driver\Src\stm32l4xx_hal_uart.o
                                                  Drivers\STM32L4xx_HAL_Driver\Src\stm32l4xx_hal_smartcard.o
                                                  Drivers\STM32L4xx_HAL_Driver\Src\stm32l4xx_hal_irda.o
HAL_DMA_GetState                                  Drivers\STM32L4xx_HAL_Driver\Src\stm32l4xx_hal_dma.o
                                                  Drivers\STM32L4xx_HAL_Driver\Src\stm32l4xx_hal_i2c.o
HAL_DMA_IRQHandler                                Drivers\STM32L4xx_HAL_Driver\Src\stm32l4xx_hal_dma.o
HAL_DMA_Init                                      Drivers\STM32L4xx_HAL_Driver\Src\stm32l4xx_hal_dma.o
HAL_DMA_PollForTransfer                           Drivers\STM32L4xx_HAL_Driver\Src\stm32l4xx_hal_dma.o
HAL_DMA_RegisterCallback                          Drivers\STM32L4xx_HAL_Driver\Src\stm32l4xx_hal_dma.o
HAL_DMA_Start                                     Drivers\STM32L4xx_HAL_Driver\Src\stm32l4xx_hal_dma.o
HAL_DMA_Start_IT                                  Drivers\STM32L4xx_HAL_Driver\Src\stm32l4xx_hal_dma.o
                                                  Drivers\STM32L4xx_HAL_Driver\Src\stm32l4xx_hal_usart.o
                                                  Drivers\STM32L4xx_HAL_Driver\Src\stm32l4xx_hal_uart.o
                                                  Drivers\STM32L4xx_HAL_Driver\Src\stm32l4xx_hal_tim_ex.o
                                                  Drivers\STM32L4xx_HAL_Driver\Src\stm32l4xx_hal_tim.o
                                                  Drivers\STM32L4xx_HAL_Driver\Src\stm32l4xx_hal_swpmi.o
                                                  Drivers\STM32L4xx_HAL_Driver\Src\stm32l4xx_hal_sram.o
                                                  Drivers\STM32L4xx_HAL_Driver\Src\stm32l4xx_hal_spi.o
                                                  Drivers\STM32L4xx_HAL_Driver\Src\stm32l4xx_hal_smartcard.o
                                                  Drivers\STM32L4xx_HAL_Driver\Src\stm32l4xx_hal_sd.o
                                                  Drivers\STM32L4xx_HAL_Driver\Src\stm32l4xx_hal_sai.o
                                                  Drivers\STM32L4xx_HAL_Driver\Src\stm32l4xx_hal_qspi.o
                                                  Drivers\STM32L4xx_HAL_Driver\Src\stm32l4xx_hal_mmc.o
                                                  Drivers\STM32L4xx_HAL_Driver\Src\stm32l4xx_hal_irda.o
                                                  Drivers\STM32L4xx_HAL_Driver\Src\stm32l4xx_hal_i2c.o
                                                  Drivers\STM32L4xx_HAL_Driver\Src\stm32l4xx_hal_dfsdm.o
                                                  Drivers\STM32L4xx_HAL_Driver\Src\stm32l4xx_hal_dac.o
                                                  Drivers\STM32L4xx_HAL_Driver\Src\stm32l4xx_hal_adc_ex.o
                                                  Drivers\STM32L4xx_HAL_Driver\Src\stm32l4xx_hal_adc.o
HAL_DMA_UnRegisterCallback                        Drivers\STM32L4xx_HAL_Driver\Src\stm32l4xx_hal_dma.o
HAL_DeInit                                        Drivers\STM32L4xx_HAL_Driver\Src\stm32l4xx_hal.o
HAL_Delay                                         Drivers\STM32L4xx_HAL_Driver\Src\stm32l4xx_hal.o
                                                  Drivers\STM32L4xx_HAL_Driver\Src\stm32l4xx_ll_usb.o
                                                  Drivers\STM32L4xx_HAL_Driver\Src\stm32l4xx_ll_sdmmc.o
                                                  Drivers\STM32L4xx_HAL_Driver\Src\stm32l4xx_hal_sd.o
                                                  Drivers\STM32L4xx_HAL_Driver\Src\stm32l4xx_hal_pcd_ex.o
                                                  Drivers\STM32L4xx_HAL_Driver\Src\stm32l4xx_hal_opamp_ex.o
                                                  Drivers\STM32L4xx_HAL_Driver\Src\stm32l4xx_hal_opamp.o
                                                  Drivers\STM32L4xx_HAL_Driver\Src\stm32l4xx_hal_mmc.o
                                                  Drivers\STM32L4xx_HAL_Driver\Src\stm32l4xx_hal_dac_ex.o
                                                  Drivers\STM32L4xx_HAL_Driver\Src\stm32l4xx_hal_dac.o
HAL_EXTI_ClearConfigLine                          Drivers\STM32L4xx_HAL_Driver\Src\stm32l4xx_hal_exti.o
HAL_EXTI_ClearPending                             Drivers\STM32L4xx_HAL_Driver\Src\stm32l4xx_hal_exti.o
HAL_EXTI_GenerateSWI                              Drivers\STM32L4xx_HAL_Driver\Src\stm32l4xx_hal_exti.o
HAL_EXTI_GetConfigLine                            Drivers\STM32L4xx_HAL_Driver\Src\stm32l4xx_hal_exti.o
HAL_EXTI_GetHandle                                Drivers\STM32L4xx_HAL_Driver\Src\stm32l4xx_hal_exti.o
HAL_EXTI_GetPending                               Drivers\STM32L4xx_HAL_Driver\Src\stm32l4xx_hal_exti.o
HAL_EXTI_IRQHandler                               Drivers\STM32L4xx_HAL_Driver\Src\stm32l4xx_hal_exti.o
HAL_EXTI_RegisterCallback                         Drivers\STM32L4xx_HAL_Driver\Src\stm32l4xx_hal_exti.o
HAL_EXTI_SetConfigLine                            Drivers\STM32L4xx_HAL_Driver\Src\stm32l4xx_hal_exti.o
HAL_FIREWALL_Config                               Drivers\STM32L4xx_HAL_Driver\Src\stm32l4xx_hal_firewall.o
HAL_FIREWALL_DisablePreArmFlag                    Drivers\STM32L4xx_HAL_Driver\Src\stm32l4xx_hal_firewall.o
HAL_FIREWALL_EnableFirewall                       Drivers\STM32L4xx_HAL_Driver\Src\stm32l4xx_hal_firewall.o
HAL_FIREWALL_EnablePreArmFlag                     Drivers\STM32L4xx_HAL_Driver\Src\stm32l4xx_hal_firewall.o
HAL_FIREWALL_GetConfig                            Drivers\STM32L4xx_HAL_Driver\Src\stm32l4xx_hal_firewall.o
HAL_FLASHEx_DisableRunPowerDown                   Drivers\STM32L4xx_HAL_Driver\Src\stm32l4xx_hal_flash_ramfunc.o
HAL_FLASHEx_EnableRunPowerDown                    Drivers\STM32L4xx_HAL_Driver\Src\stm32l4xx_hal_flash_ramfunc.o
HAL_FLASHEx_Erase                                 Drivers\STM32L4xx_HAL_Driver\Src\stm32l4xx_hal_flash_ex.o
HAL_FLASHEx_Erase_IT                              Drivers\STM32L4xx_HAL_Driver\Src\stm32l4xx_hal_flash_ex.o
HAL_FLASHEx_OBGetConfig                           Drivers\STM32L4xx_HAL_Driver\Src\stm32l4xx_hal_flash_ex.o
HAL_FLASHEx_OBProgram                             Drivers\STM32L4xx_HAL_Driver\Src\stm32l4xx_hal_flash_ex.o
HAL_FLASH_EndOfOperationCallback                  Drivers\STM32L4xx_HAL_Driver\Src\stm32l4xx_hal_flash.o
HAL_FLASH_GetError                                Drivers\STM32L4xx_HAL_Driver\Src\stm32l4xx_hal_flash.o
HAL_FLASH_IRQHandler                              Drivers\STM32L4xx_HAL_Driver\Src\stm32l4xx_hal_flash.o
HAL_FLASH_Lock                                    Drivers\STM32L4xx_HAL_Driver\Src\stm32l4xx_hal_flash.o
HAL_FLASH_OB_Launch                               Drivers\STM32L4xx_HAL_Driver\Src\stm32l4xx_hal_flash.o
HAL_FLASH_OB_Lock                                 Drivers\STM32L4xx_HAL_Driver\Src\stm32l4xx_hal_flash.o
HAL_FLASH_OB_Unlock                               Drivers\STM32L4xx_HAL_Driver\Src\stm32l4xx_hal_flash.o
HAL_FLASH_OperationErrorCallback                  Drivers\STM32L4xx_HAL_Driver\Src\stm32l4xx_hal_flash.o
HAL_FLASH_Program                                 Drivers\STM32L4xx_HAL_Driver\Src\stm32l4xx_hal_flash.o
HAL_FLASH_Program_IT                              Drivers\STM32L4xx_HAL_Driver\Src\stm32l4xx_hal_flash.o
HAL_FLASH_Unlock                                  Drivers\STM32L4xx_HAL_Driver\Src\stm32l4xx_hal_flash.o
HAL_GPIO_DeInit                                   Drivers\STM32L4xx_HAL_Driver\Src\stm32l4xx_hal_gpio.o
HAL_GPIO_EXTI_Callback                            Drivers\STM32L4xx_HAL_Driver\Src\stm32l4xx_hal_gpio.o
HAL_GPIO_EXTI_IRQHandler                          Drivers\STM32L4xx_HAL_Driver\Src\stm32l4xx_hal_gpio.o
HAL_GPIO_Init                                     Drivers\STM32L4xx_HAL_Driver\Src\stm32l4xx_hal_gpio.o
                                                  src\main.o
                                                  Drivers\STM32L4xx_HAL_Driver\Src\stm32l4xx_hal_rcc_ex.o
                                                  Drivers\STM32L4xx_HAL_Driver\Src\stm32l4xx_hal_rcc.o
HAL_GPIO_LockPin                                  Drivers\STM32L4xx_HAL_Driver\Src\stm32l4xx_hal_gpio.o
HAL_GPIO_ReadPin                                  Drivers\STM32L4xx_HAL_Driver\Src\stm32l4xx_hal_gpio.o
HAL_GPIO_TogglePin                                Drivers\STM32L4xx_HAL_Driver\Src\stm32l4xx_hal_gpio.o
HAL_GPIO_WritePin                                 Drivers\STM32L4xx_HAL_Driver\Src\stm32l4xx_hal_gpio.o
HAL_GetDEVID                                      Drivers\STM32L4xx_HAL_Driver\Src\stm32l4xx_hal.o
HAL_GetHalVersion                                 Drivers\STM32L4xx_HAL_Driver\Src\stm32l4xx_hal.o
HAL_GetREVID                                      Drivers\STM32L4xx_HAL_Driver\Src\stm32l4xx_hal.o
HAL_GetTick                                       Drivers\STM32L4xx_HAL_Driver\Src\stm32l4xx_hal.o
                                                  Drivers\STM32L4xx_HAL_Driver\Src\stm32l4xx_ll_fmc.o
                                                  Drivers\STM32L4xx_HAL_Driver\Src\stm32l4xx_hal_usart.o
                                                  Drivers\STM32L4xx_HAL_Driver\Src\stm32l4xx_hal_uart_ex.o
                                                  Drivers\STM32L4xx_HAL_Driver\Src\stm32l4xx_hal_uart.o
                                                  Drivers\STM32L4xx_HAL_Driver\Src\stm32l4xx_hal_swpmi.o
                                                  Drivers\STM32L4xx_HAL_Driver\Src\stm32l4xx_hal_spi.o
                                                  Drivers\STM32L4xx_HAL_Driver\Src\stm32l4xx_hal_smbus.o
                                                  Drivers\STM32L4xx_HAL_Driver\Src\stm32l4xx_hal_smartcard.o
                                                  Drivers\STM32L4xx_HAL_Driver\Src\stm32l4xx_hal_sd.o
                                                  Drivers\STM32L4xx_HAL_Driver\Src\stm32l4xx_hal_sai.o
                                                  Drivers\STM32L4xx_HAL_Driver\Src\stm32l4xx_hal_rtc_ex.o
                                                  Drivers\STM32L4xx_HAL_Driver\Src\stm32l4xx_hal_rtc.o
                                                  Drivers\STM32L4xx_HAL_Driver\Src\stm32l4xx_hal_rng.o
                                                  Drivers\STM32L4xx_HAL_Driver\Src\stm32l4xx_hal_rcc_ex.o
                                                  Drivers\STM32L4xx_HAL_Driver\Src\stm32l4xx_hal_rcc.o
                                                  Drivers\STM32L4xx_HAL_Driver\Src\stm32l4xx_hal_qspi.o
                                                  Drivers\STM32L4xx_HAL_Driver\Src\stm32l4xx_hal_pcd_ex.o
                                                  Drivers\STM32L4xx_HAL_Driver\Src\stm32l4xx_hal_nor.o
                                                  Drivers\STM32L4xx_HAL_Driver\Src\stm32l4xx_hal_nand.o
                                                  Drivers\STM32L4xx_HAL_Driver\Src\stm32l4xx_hal_mmc.o
                                                  Drivers\STM32L4xx_HAL_Driver\Src\stm32l4xx_hal_lcd.o
                                                  Drivers\STM32L4xx_HAL_Driver\Src\stm32l4xx_hal_iwdg.o
                                                  Drivers\STM32L4xx_HAL_Driver\Src\stm32l4xx_hal_irda.o
                                                  Drivers\STM32L4xx_HAL_Driver\Src\stm32l4xx_hal_i2c.o
                                                  Drivers\STM32L4xx_HAL_Driver\Src\stm32l4xx_hal_flash.o
                                                  Drivers\STM32L4xx_HAL_Driver\Src\stm32l4xx_hal_dma.o
                                                  Drivers\STM32L4xx_HAL_Driver\Src\stm32l4xx_hal_dfsdm.o
                                                  Drivers\STM32L4xx_HAL_Driver\Src\stm32l4xx_hal_dac.o
                                                  Drivers\STM32L4xx_HAL_Driver\Src\stm32l4xx_hal_can.o
                                                  Drivers\STM32L4xx_HAL_Driver\Src\stm32l4xx_hal_adc_ex.o
                                                  Drivers\STM32L4xx_HAL_Driver\Src\stm32l4xx_hal_adc.o
HAL_GetTickFreq                                   Drivers\STM32L4xx_HAL_Driver\Src\stm32l4xx_hal.o
HAL_GetTickPrio                                   Drivers\STM32L4xx_HAL_Driver\Src\stm32l4xx_hal.o
HAL_GetUIDw0                                      Drivers\STM32L4xx_HAL_Driver\Src\stm32l4xx_hal.o
HAL_GetUIDw1                                      Drivers\STM32L4xx_HAL_Driver\Src\stm32l4xx_hal.o
HAL_GetUIDw2                                      Drivers\STM32L4xx_HAL_Driver\Src\stm32l4xx_hal.o
HAL_HCD_Connect_Callback                          Drivers\STM32L4xx_HAL_Driver\Src\stm32l4xx_hal_hcd.o
HAL_HCD_DeInit                                    Drivers\STM32L4xx_HAL_Driver\Src\stm32l4xx_hal_hcd.o
HAL_HCD_Disconnect_Callback                       Drivers\STM32L4xx_HAL_Driver\Src\stm32l4xx_hal_hcd.o
HAL_HCD_GetCurrentFrame                           Drivers\STM32L4xx_HAL_Driver\Src\stm32l4xx_hal_hcd.o
HAL_HCD_GetCurrentSpeed                           Drivers\STM32L4xx_HAL_Driver\Src\stm32l4xx_hal_hcd.o
HAL_HCD_GetState                                  Drivers\STM32L4xx_HAL_Driver\Src\stm32l4xx_hal_hcd.o
HAL_HCD_HC_GetState                               Drivers\STM32L4xx_HAL_Driver\Src\stm32l4xx_hal_hcd.o
HAL_HCD_HC_GetURBState                            Drivers\STM32L4xx_HAL_Driver\Src\stm32l4xx_hal_hcd.o
HAL_HCD_HC_GetXferCount                           Drivers\STM32L4xx_HAL_Driver\Src\stm32l4xx_hal_hcd.o
HAL_HCD_HC_Halt                                   Drivers\STM32L4xx_HAL_Driver\Src\stm32l4xx_hal_hcd.o
HAL_HCD_HC_Init                                   Drivers\STM32L4xx_HAL_Driver\Src\stm32l4xx_hal_hcd.o
HAL_HCD_HC_NotifyURBChange_Callback               Drivers\STM32L4xx_HAL_Driver\Src\stm32l4xx_hal_hcd.o
HAL_HCD_HC_SubmitRequest                          Drivers\STM32L4xx_HAL_Driver\Src\stm32l4xx_hal_hcd.o
HAL_HCD_IRQHandler                                Drivers\STM32L4xx_HAL_Driver\Src\stm32l4xx_hal_hcd.o
HAL_HCD_Init                                      Drivers\STM32L4xx_HAL_Driver\Src\stm32l4xx_hal_hcd.o
HAL_HCD_MspDeInit                                 Drivers\STM32L4xx_HAL_Driver\Src\stm32l4xx_hal_hcd.o
HAL_HCD_MspInit                                   Drivers\STM32L4xx_HAL_Driver\Src\stm32l4xx_hal_hcd.o
HAL_HCD_PortDisabled_Callback                     Drivers\STM32L4xx_HAL_Driver\Src\stm32l4xx_hal_hcd.o
HAL_HCD_PortEnabled_Callback                      Drivers\STM32L4xx_HAL_Driver\Src\stm32l4xx_hal_hcd.o
HAL_HCD_ResetPort                                 Drivers\STM32L4xx_HAL_Driver\Src\stm32l4xx_hal_hcd.o
HAL_HCD_SOF_Callback                              Drivers\STM32L4xx_HAL_Driver\Src\stm32l4xx_hal_hcd.o
HAL_HCD_Start                                     Drivers\STM32L4xx_HAL_Driver\Src\stm32l4xx_hal_hcd.o
HAL_HCD_Stop                                      Drivers\STM32L4xx_HAL_Driver\Src\stm32l4xx_hal_hcd.o
HAL_HalfDuplex_EnableReceiver                     Drivers\STM32L4xx_HAL_Driver\Src\stm32l4xx_hal_uart.o
HAL_HalfDuplex_EnableTransmitter                  Drivers\STM32L4xx_HAL_Driver\Src\stm32l4xx_hal_uart.o
HAL_HalfDuplex_Init                               Drivers\STM32L4xx_HAL_Driver\Src\stm32l4xx_hal_uart.o
HAL_I2CEx_ConfigAnalogFilter                      Drivers\STM32L4xx_HAL_Driver\Src\stm32l4xx_hal_i2c_ex.o
HAL_I2CEx_ConfigDigitalFilter                     Drivers\STM32L4xx_HAL_Driver\Src\stm32l4xx_hal_i2c_ex.o
HAL_I2CEx_DisableFastModePlus                     Drivers\STM32L4xx_HAL_Driver\Src\stm32l4xx_hal_i2c_ex.o
HAL_I2CEx_DisableWakeUp                           Drivers\STM32L4xx_HAL_Driver\Src\stm32l4xx_hal_i2c_ex.o
HAL_I2CEx_EnableFastModePlus                      Drivers\STM32L4xx_HAL_Driver\Src\stm32l4xx_hal_i2c_ex.o
HAL_I2CEx_EnableWakeUp                            Drivers\STM32L4xx_HAL_Driver\Src\stm32l4xx_hal_i2c_ex.o
HAL_I2C_AbortCpltCallback                         Drivers\STM32L4xx_HAL_Driver\Src\stm32l4xx_hal_i2c.o
HAL_I2C_AddrCallback                              Drivers\STM32L4xx_HAL_Driver\Src\stm32l4xx_hal_i2c.o
HAL_I2C_DeInit                                    Drivers\STM32L4xx_HAL_Driver\Src\stm32l4xx_hal_i2c.o
HAL_I2C_DisableListen_IT                          Drivers\STM32L4xx_HAL_Driver\Src\stm32l4xx_hal_i2c.o
HAL_I2C_ER_IRQHandler                             Drivers\STM32L4xx_HAL_Driver\Src\stm32l4xx_hal_i2c.o
HAL_I2C_EV_IRQHandler                             Drivers\STM32L4xx_HAL_Driver\Src\stm32l4xx_hal_i2c.o
HAL_I2C_EnableListen_IT                           Drivers\STM32L4xx_HAL_Driver\Src\stm32l4xx_hal_i2c.o
HAL_I2C_ErrorCallback                             Drivers\STM32L4xx_HAL_Driver\Src\stm32l4xx_hal_i2c.o
HAL_I2C_GetError                                  Drivers\STM32L4xx_HAL_Driver\Src\stm32l4xx_hal_i2c.o
HAL_I2C_GetMode                                   Drivers\STM32L4xx_HAL_Driver\Src\stm32l4xx_hal_i2c.o
HAL_I2C_GetState                                  Drivers\STM32L4xx_HAL_Driver\Src\stm32l4xx_hal_i2c.o
HAL_I2C_Init                                      Drivers\STM32L4xx_HAL_Driver\Src\stm32l4xx_hal_i2c.o
HAL_I2C_IsDeviceReady                             Drivers\STM32L4xx_HAL_Driver\Src\stm32l4xx_hal_i2c.o
HAL_I2C_ListenCpltCallback                        Drivers\STM32L4xx_HAL_Driver\Src\stm32l4xx_hal_i2c.o
HAL_I2C_MasterRxCpltCallback                      Drivers\STM32L4xx_HAL_Driver\Src\stm32l4xx_hal_i2c.o
HAL_I2C_MasterTxCpltCallback                      Drivers\STM32L4xx_HAL_Driver\Src\stm32l4xx_hal_i2c.o
HAL_I2C_Master_Abort_IT                           Drivers\STM32L4xx_HAL_Driver\Src\stm32l4xx_hal_i2c.o
HAL_I2C_Master_Receive                            Drivers\STM32L4xx_HAL_Driver\Src\stm32l4xx_hal_i2c.o
HAL_I2C_Master_Receive_DMA                        Drivers\STM32L4xx_HAL_Driver\Src\stm32l4xx_hal_i2c.o
HAL_I2C_Master_Receive_IT                         Drivers\STM32L4xx_HAL_Driver\Src\stm32l4xx_hal_i2c.o
HAL_I2C_Master_Seq_Receive_DMA                    Drivers\STM32L4xx_HAL_Driver\Src\stm32l4xx_hal_i2c.o
HAL_I2C_Master_Seq_Receive_IT                     Drivers\STM32L4xx_HAL_Driver\Src\stm32l4xx_hal_i2c.o
HAL_I2C_Master_Seq_Transmit_DMA                   Drivers\STM32L4xx_HAL_Driver\Src\stm32l4xx_hal_i2c.o
HAL_I2C_Master_Seq_Transmit_IT                    Drivers\STM32L4xx_HAL_Driver\Src\stm32l4xx_hal_i2c.o
HAL_I2C_Master_Transmit                           Drivers\STM32L4xx_HAL_Driver\Src\stm32l4xx_hal_i2c.o
HAL_I2C_Master_Transmit_DMA                       Drivers\STM32L4xx_HAL_Driver\Src\stm32l4xx_hal_i2c.o
HAL_I2C_Master_Transmit_IT                        Drivers\STM32L4xx_HAL_Driver\Src\stm32l4xx_hal_i2c.o
HAL_I2C_MemRxCpltCallback                         Drivers\STM32L4xx_HAL_Driver\Src\stm32l4xx_hal_i2c.o
HAL_I2C_MemTxCpltCallback                         Drivers\STM32L4xx_HAL_Driver\Src\stm32l4xx_hal_i2c.o
HAL_I2C_Mem_Read                                  Drivers\STM32L4xx_HAL_Driver\Src\stm32l4xx_hal_i2c.o
HAL_I2C_Mem_Read_DMA                              Drivers\STM32L4xx_HAL_Driver\Src\stm32l4xx_hal_i2c.o
HAL_I2C_Mem_Read_IT                               Drivers\STM32L4xx_HAL_Driver\Src\stm32l4xx_hal_i2c.o
HAL_I2C_Mem_Write                                 Drivers\STM32L4xx_HAL_Driver\Src\stm32l4xx_hal_i2c.o
HAL_I2C_Mem_Write_DMA                             Drivers\STM32L4xx_HAL_Driver\Src\stm32l4xx_hal_i2c.o
HAL_I2C_Mem_Write_IT                              Drivers\STM32L4xx_HAL_Driver\Src\stm32l4xx_hal_i2c.o
HAL_I2C_MspDeInit                                 Drivers\STM32L4xx_HAL_Driver\Src\stm32l4xx_hal_i2c.o
HAL_I2C_MspInit                                   Drivers\STM32L4xx_HAL_Driver\Src\stm32l4xx_hal_i2c.o
HAL_I2C_SlaveRxCpltCallback                       Drivers\STM32L4xx_HAL_Driver\Src\stm32l4xx_hal_i2c.o
HAL_I2C_SlaveTxCpltCallback                       Drivers\STM32L4xx_HAL_Driver\Src\stm32l4xx_hal_i2c.o
HAL_I2C_Slave_Receive                             Drivers\STM32L4xx_HAL_Driver\Src\stm32l4xx_hal_i2c.o
HAL_I2C_Slave_Receive_DMA                         Drivers\STM32L4xx_HAL_Driver\Src\stm32l4xx_hal_i2c.o
HAL_I2C_Slave_Receive_IT                          Drivers\STM32L4xx_HAL_Driver\Src\stm32l4xx_hal_i2c.o
HAL_I2C_Slave_Seq_Receive_DMA                     Drivers\STM32L4xx_HAL_Driver\Src\stm32l4xx_hal_i2c.o
HAL_I2C_Slave_Seq_Receive_IT                      Drivers\STM32L4xx_HAL_Driver\Src\stm32l4xx_hal_i2c.o
HAL_I2C_Slave_Seq_Transmit_DMA                    Drivers\STM32L4xx_HAL_Driver\Src\stm32l4xx_hal_i2c.o
HAL_I2C_Slave_Seq_Transmit_IT                     Drivers\STM32L4xx_HAL_Driver\Src\stm32l4xx_hal_i2c.o
HAL_I2C_Slave_Transmit                            Drivers\STM32L4xx_HAL_Driver\Src\stm32l4xx_hal_i2c.o
HAL_I2C_Slave_Transmit_DMA                        Drivers\STM32L4xx_HAL_Driver\Src\stm32l4xx_hal_i2c.o
HAL_I2C_Slave_Transmit_IT                         Drivers\STM32L4xx_HAL_Driver\Src\stm32l4xx_hal_i2c.o
HAL_IRDA_Abort                                    Drivers\STM32L4xx_HAL_Driver\Src\stm32l4xx_hal_irda.o
HAL_IRDA_AbortCpltCallback                        Drivers\STM32L4xx_HAL_Driver\Src\stm32l4xx_hal_irda.o
HAL_IRDA_AbortReceive                             Drivers\STM32L4xx_HAL_Driver\Src\stm32l4xx_hal_irda.o
HAL_IRDA_AbortReceiveCpltCallback                 Drivers\STM32L4xx_HAL_Driver\Src\stm32l4xx_hal_irda.o
HAL_IRDA_AbortReceive_IT                          Drivers\STM32L4xx_HAL_Driver\Src\stm32l4xx_hal_irda.o
HAL_IRDA_AbortTransmit                            Drivers\STM32L4xx_HAL_Driver\Src\stm32l4xx_hal_irda.o
HAL_IRDA_AbortTransmitCpltCallback                Drivers\STM32L4xx_HAL_Driver\Src\stm32l4xx_hal_irda.o